Archive member included to satisfy reference by file (symbol)

/usr/lib/gcc/arm-none-eabi/13.2.0/thumb/v6-m/nofp/libgcc.a(_dvmd_tls.o)
                              CMakeFiles/main.dir/home/jthro/pico/pico-sdk/src/rp2_common/pico_divider/divider.S.obj (__aeabi_idiv0)
/usr/lib/gcc/arm-none-eabi/13.2.0/../../../../arm-none-eabi/lib/thumb/v6-m/nofp/libc.a(libc_a-atexit.o)
                              /usr/lib/gcc/arm-none-eabi/13.2.0/../../../../arm-none-eabi/lib/thumb/v6-m/nofp/crt0.o (atexit)
/usr/lib/gcc/arm-none-eabi/13.2.0/../../../../arm-none-eabi/lib/thumb/v6-m/nofp/libc.a(libc_a-calloc.o)
                              CMakeFiles/main.dir/home/jthro/pico/pico-sdk/src/rp2_common/pico_malloc/pico_malloc.c.obj (calloc)
/usr/lib/gcc/arm-none-eabi/13.2.0/../../../../arm-none-eabi/lib/thumb/v6-m/nofp/libc.a(libc_a-callocr.o)
                              /usr/lib/gcc/arm-none-eabi/13.2.0/../../../../arm-none-eabi/lib/thumb/v6-m/nofp/libc.a(libc_a-calloc.o) (_calloc_r)
/usr/lib/gcc/arm-none-eabi/13.2.0/../../../../arm-none-eabi/lib/thumb/v6-m/nofp/libc.a(libc_a-malloc.o)
                              CMakeFiles/main.dir/home/jthro/pico/pico-sdk/src/rp2_common/pico_malloc/pico_malloc.c.obj (malloc)
/usr/lib/gcc/arm-none-eabi/13.2.0/../../../../arm-none-eabi/lib/thumb/v6-m/nofp/libc.a(libc_a-mallocr.o)
                              /usr/lib/gcc/arm-none-eabi/13.2.0/../../../../arm-none-eabi/lib/thumb/v6-m/nofp/libc.a(libc_a-callocr.o) (_malloc_r)
/usr/lib/gcc/arm-none-eabi/13.2.0/../../../../arm-none-eabi/lib/thumb/v6-m/nofp/libc.a(libc_a-mlock.o)
                              /usr/lib/gcc/arm-none-eabi/13.2.0/../../../../arm-none-eabi/lib/thumb/v6-m/nofp/libc.a(libc_a-mallocr.o) (__malloc_lock)
/usr/lib/gcc/arm-none-eabi/13.2.0/../../../../arm-none-eabi/lib/thumb/v6-m/nofp/libc.a(libc_a-realloc.o)
                              CMakeFiles/main.dir/home/jthro/pico/pico-sdk/src/rp2_common/pico_malloc/pico_malloc.c.obj (realloc)
/usr/lib/gcc/arm-none-eabi/13.2.0/../../../../arm-none-eabi/lib/thumb/v6-m/nofp/libc.a(libc_a-reallocr.o)
                              /usr/lib/gcc/arm-none-eabi/13.2.0/../../../../arm-none-eabi/lib/thumb/v6-m/nofp/libc.a(libc_a-realloc.o) (_realloc_r)
/usr/lib/gcc/arm-none-eabi/13.2.0/../../../../arm-none-eabi/lib/thumb/v6-m/nofp/libc.a(libc_a-memcmp.o)
                              CMakeFiles/main.dir/home/jthro/pico/pico-sdk/lib/cyw43-driver/src/cyw43_ll.c.obj (memcmp)
/usr/lib/gcc/arm-none-eabi/13.2.0/../../../../arm-none-eabi/lib/thumb/v6-m/nofp/libc.a(libc_a-memmove.o)
                              CMakeFiles/main.dir/home/jthro/pico/pico-sdk/lib/cyw43-driver/src/cyw43_ll.c.obj (memmove)
/usr/lib/gcc/arm-none-eabi/13.2.0/../../../../arm-none-eabi/lib/thumb/v6-m/nofp/libc.a(libc_a-strncmp.o)
                              CMakeFiles/main.dir/home/jthro/pico/pico-sdk/lib/cyw43-driver/src/cyw43_ll.c.obj (strncmp)
/usr/lib/gcc/arm-none-eabi/13.2.0/../../../../arm-none-eabi/lib/thumb/v6-m/nofp/libc.a(libc_a-impure.o)
                              /usr/lib/gcc/arm-none-eabi/13.2.0/../../../../arm-none-eabi/lib/thumb/v6-m/nofp/libc.a(libc_a-calloc.o) (_impure_ptr)
/usr/lib/gcc/arm-none-eabi/13.2.0/../../../../arm-none-eabi/lib/thumb/v6-m/nofp/libc.a(libc_a-sbrkr.o)
                              /usr/lib/gcc/arm-none-eabi/13.2.0/../../../../arm-none-eabi/lib/thumb/v6-m/nofp/libc.a(libc_a-mallocr.o) (_sbrk_r)
/usr/lib/gcc/arm-none-eabi/13.2.0/../../../../arm-none-eabi/lib/thumb/v6-m/nofp/libc.a(libc_a-errno.o)
                              /usr/lib/gcc/arm-none-eabi/13.2.0/../../../../arm-none-eabi/lib/thumb/v6-m/nofp/libc.a(libc_a-callocr.o) (__errno)
/usr/lib/gcc/arm-none-eabi/13.2.0/../../../../arm-none-eabi/lib/thumb/v6-m/nofp/libc.a(libc_a-init.o)
                              /usr/lib/gcc/arm-none-eabi/13.2.0/../../../../arm-none-eabi/lib/thumb/v6-m/nofp/crt0.o (__libc_init_array)
/usr/lib/gcc/arm-none-eabi/13.2.0/../../../../arm-none-eabi/lib/thumb/v6-m/nofp/libc.a(libc_a-fini.o)
                              /usr/lib/gcc/arm-none-eabi/13.2.0/../../../../arm-none-eabi/lib/thumb/v6-m/nofp/crt0.o (__libc_fini_array)
/usr/lib/gcc/arm-none-eabi/13.2.0/../../../../arm-none-eabi/lib/thumb/v6-m/nofp/libc.a(libc_a-lock.o)
                              /usr/lib/gcc/arm-none-eabi/13.2.0/../../../../arm-none-eabi/lib/thumb/v6-m/nofp/libc.a(libc_a-mlock.o) (__retarget_lock_acquire_recursive)
/usr/lib/gcc/arm-none-eabi/13.2.0/../../../../arm-none-eabi/lib/thumb/v6-m/nofp/libc.a(libc_a-sysconf.o)
                              /usr/lib/gcc/arm-none-eabi/13.2.0/../../../../arm-none-eabi/lib/thumb/v6-m/nofp/libc.a(libc_a-mallocr.o) (sysconf)
/usr/lib/gcc/arm-none-eabi/13.2.0/../../../../arm-none-eabi/lib/thumb/v6-m/nofp/libc.a(libc_a-strlen-stub.o)
                              CMakeFiles/main.dir/home/jthro/pico/pico-sdk/src/rp2_common/pico_stdio/stdio.c.obj (strlen)
/usr/lib/gcc/arm-none-eabi/13.2.0/../../../../arm-none-eabi/lib/thumb/v6-m/nofp/libc.a(libc_a-__atexit.o)
[...]
Memory Configuration

Name             Origin             Length             Attributes
FLASH            0x10000000         0x00200000         xr
RAM              0x20000000         0x00040000         xrw
SCRATCH_X        0x20040000         0x00001000         xrw
SCRATCH_Y        0x20041000         0x00001000         xrw
*default*        0x00000000         0xffffffff

Linker script and memory map

LOAD /usr/lib/gcc/arm-none-eabi/13.2.0/thumb/v6-m/nofp/crti.o
LOAD /usr/lib/gcc/arm-none-eabi/13.2.0/thumb/v6-m/nofp/crtbegin.o
LOAD /usr/lib/gcc/arm-none-eabi/13.2.0/../../../../arm-none-eabi/lib/thumb/v6-m/nofp/crt0.o

.flash_begin    0x10000000        0x0
                0x10000000                        __flash_binary_start = .

.boot2          0x10000000      0x100
                0x10000000                        __boot2_start__ = .
 *(.boot2)
 .boot2         0x10000000      0x100 /tmp/ccwntAVc.o
                0x10000100                        __boot2_end__ = .
                0x00000001                        ASSERT (((__boot2_end__ - __boot2_start__) == 0x100), ERROR: Pico second stage bootloader must be 256 bytes in size)

.text           0x10000100     0xb568
                0x10000100                        __logical_binary_start = .
 *(.vectors)
 .vectors       0x10000100       0xd4 CMakeFiles/main.dir/home/jthro/pico/pico-sdk/src/rp2_common/pico_standard_link/crt0.S.obj
                0x10000100                __vectors
                0x10000100                __VECTOR_TABLE
                0x100001c0                isr_invalid
                0x100001c0                __default_isrs_start
                0x100001c2                isr_nmi
                0x100001c4                isr_hardfault
                0x100001c6                isr_svcall
                0x100001c8                isr_pendsv
                0x100001ca                isr_systick
                0x100001cc                isr_irq30
                0x100001cc                __unhandled_user_irq
                0x100001cc                isr_irq13
                0x100001cc                isr_irq27
                0x100001cc                isr_irq31
                0x100001cc                isr_irq5
                0x100001cc                isr_irq11
                0x100001cc                isr_irq23
                0x100001cc                isr_irq18
                0x100001cc                isr_irq28
                0x100001cc                isr_irq19
                0x100001cc                isr_irq0
                0x100001cc                isr_irq6
                0x100001cc                isr_irq22
                0x100001cc                isr_irq17
                0x100001cc                isr_irq14
                0x100001cc                isr_irq2
                0x100001cc                isr_irq10
                0x100001cc                isr_irq8
                0x100001cc                isr_irq24
                0x100001cc                isr_irq1
                0x100001cc                isr_irq7
                0x100001cc                isr_irq21
                0x100001cc                isr_irq20
                0x100001cc                isr_irq15
                0x100001cc                isr_irq25
                0x100001cc                isr_irq4
                0x100001cc                isr_irq16
                0x100001cc                isr_irq29
                0x100001cc                isr_irq26
                0x100001cc                __default_isrs_end
                0x100001cc                isr_irq3
                0x100001cc                isr_irq12
                0x100001cc                isr_irq9
                0x100001d2                unhandled_user_irq_num_in_r0
 *(.binary_info_header)
 .binary_info_header
                0x100001d4       0x14 CMakeFiles/main.dir/home/jthro/pico/pico-sdk/src/rp2_common/pico_standard_link/crt0.S.obj
                0x100001e8                        __binary_info_header_end = .
 *(.reset)
 .reset         0x100001e8       0xa0 CMakeFiles/main.dir/home/jthro/pico/pico-sdk/src/rp2_common/pico_standard_link/crt0.S.obj
                0x100001e8                _entry_point
 .reset         0x10000288       0x30 CMakeFiles/main.dir/home/jthro/pico/pico-sdk/src/rp2_common/pico_standard_link/binary_info.c.obj
 *(.init)
 .init          0x100002b8        0x4 /usr/lib/gcc/arm-none-eabi/13.2.0/thumb/v6-m/nofp/crti.o
                0x100002b8                _init
 *(EXCLUDE_FILE(*libm.a: *libc.a:*lib_a-mem*.o *libgcc.a:) .text*)
 .text.frame_dummy
                0x100002bc       0x20 /usr/lib/gcc/arm-none-eabi/13.2.0/thumb/v6-m/nofp/crtbegin.o
 .text.startup.main
                0x100002dc      0x19c CMakeFiles/main.dir/main.c.obj
                0x100002dc                main
 .text.gpio_set_function
                0x10000478       0x30 CMakeFiles/main.dir/home/jthro/pico/pico-sdk/src/rp2_common/hardware_gpio/gpio.c.obj
                0x10000478                gpio_set_function
 .text.gpio_set_pulls
                0x100004a8       0x24 CMakeFiles/main.dir/home/jthro/pico/pico-sdk/src/rp2_common/hardware_gpio/gpio.c.obj
                0x100004a8                gpio_set_pulls
 .text.gpio_set_input_hysteresis_enabled
                0x100004cc       0x28 CMakeFiles/main.dir/home/jthro/pico/pico-sdk/src/rp2_common/hardware_gpio/gpio.c.obj
                0x100004cc                gpio_set_input_hysteresis_enabled
 .text.gpio_set_irq_enabled
                0x100004f4       0x54 CMakeFiles/main.dir/home/jthro/pico/pico-sdk/src/rp2_common/hardware_gpio/gpio.c.obj
                0x100004f4                gpio_set_irq_enabled
 .text.gpio_add_raw_irq_handler_with_order_priority_masked
                0x10000548       0x44 CMakeFiles/main.dir/home/jthro/pico/pico-sdk/src/rp2_common/hardware_gpio/gpio.c.obj
                0x10000548                gpio_add_raw_irq_handler_with_order_priority_masked
 .text.gpio_remove_raw_irq_handler_masked
                0x1000058c       0x20 CMakeFiles/main.dir/home/jthro/pico/pico-sdk/src/rp2_common/hardware_gpio/gpio.c.obj
                0x1000058c                gpio_remove_raw_irq_handler_masked
 .text.gpio_init
                0x100005ac       0x3c CMakeFiles/main.dir/home/jthro/pico/pico-sdk/src/rp2_common/hardware_gpio/gpio.c.obj
                0x100005ac                gpio_init
 .text.running_on_fpga
                0x100005e8       0x10 CMakeFiles/main.dir/home/jthro/pico/pico-sdk/src/rp2_common/pico_platform/platform.c.obj
                0x100005e8                running_on_fpga
 .text.hw_claim_lock
                0x100005f8       0x18 CMakeFiles/main.dir/home/jthro/pico/pico-sdk/src/rp2_common/hardware_claim/claim.c.obj
                0x100005f8                hw_claim_lock
 .text.hw_claim_unlock
                0x10000610       0x14 CMakeFiles/main.dir/home/jthro/pico/pico-sdk/src/rp2_common/hardware_claim/claim.c.obj
                0x10000610                hw_claim_unlock
 .text.hw_claim_or_assert
                0x10000624       0x44 CMakeFiles/main.dir/home/jthro/pico/pico-sdk/src/rp2_common/hardware_claim/claim.c.obj
                0x10000624                hw_claim_or_assert
 .text.hw_claim_unused_from_range
                0x10000668       0x9c CMakeFiles/main.dir/home/jthro/pico/pico-sdk/src/rp2_common/hardware_claim/claim.c.obj
                0x10000668                hw_claim_unused_from_range
 .text.hw_claim_clear
                0x10000704       0x38 CMakeFiles/main.dir/home/jthro/pico/pico-sdk/src/rp2_common/hardware_claim/claim.c.obj
                0x10000704                hw_claim_clear
 .text.spin_locks_reset
                0x1000073c       0x1c CMakeFiles/main.dir/home/jthro/pico/pico-sdk/src/rp2_common/hardware_sync/sync.c.obj
                0x1000073c                spin_locks_reset
 .text.next_striped_spin_lock_num
                0x10000758       0x18 CMakeFiles/main.dir/home/jthro/pico/pico-sdk/src/rp2_common/hardware_sync/sync.c.obj
                0x10000758                next_striped_spin_lock_num
 .text.spin_lock_claim_unused
                0x10000770       0x24 CMakeFiles/main.dir/home/jthro/pico/pico-sdk/src/rp2_common/hardware_sync/sync.c.obj
                0x10000770                spin_lock_claim_unused
 .text.irq_set_enabled
                0x10000794       0x24 CMakeFiles/main.dir/home/jthro/pico/pico-sdk/src/rp2_common/hardware_irq/irq.c.obj
                0x10000794                irq_set_enabled
 .text.irq_set_pending
                0x100007b8       0x10 CMakeFiles/main.dir/home/jthro/pico/pico-sdk/src/rp2_common/hardware_irq/irq.c.obj
                0x100007b8                irq_set_pending
 .text.irq_has_shared_handler
                0x100007c8       0x2c CMakeFiles/main.dir/home/jthro/pico/pico-sdk/src/rp2_common/hardware_irq/irq.c.obj
                0x100007c8                irq_has_shared_handler
 .text.irq_get_vtable_handler
                0x100007f4       0x10 CMakeFiles/main.dir/home/jthro/pico/pico-sdk/src/rp2_common/hardware_irq/irq.c.obj
                0x100007f4                irq_get_vtable_handler
 .text.irq_set_exclusive_handler
                0x10000804       0x54 CMakeFiles/main.dir/home/jthro/pico/pico-sdk/src/rp2_common/hardware_irq/irq.c.obj
                0x10000804                irq_set_exclusive_handler
 .text.irq_add_shared_handler
                0x10000858      0x1f4 CMakeFiles/main.dir/home/jthro/pico/pico-sdk/src/rp2_common/hardware_irq/irq.c.obj
                0x10000858                irq_add_shared_handler
 .text.irq_remove_handler
                0x10000a4c      0x1c4 CMakeFiles/main.dir/home/jthro/pico/pico-sdk/src/rp2_common/hardware_irq/irq.c.obj
                0x10000a4c                irq_remove_handler
 .text.irq_set_priority
                0x10000c10       0x28 CMakeFiles/main.dir/home/jthro/pico/pico-sdk/src/rp2_common/hardware_irq/irq.c.obj
                0x10000c10                irq_set_priority
 .text.irq_add_tail_to_free_list
                0x10000c38       0xb4 CMakeFiles/main.dir/home/jthro/pico/pico-sdk/src/rp2_common/hardware_irq/irq.c.obj
                0x10000c38                irq_add_tail_to_free_list
 .text.irq_init_priorities
                0x10000cec       0x24 CMakeFiles/main.dir/home/jthro/pico/pico-sdk/src/rp2_common/hardware_irq/irq.c.obj
                0x10000cec                irq_init_priorities
 .text.user_irq_unclaim
                0x10000d10       0x14 CMakeFiles/main.dir/home/jthro/pico/pico-sdk/src/rp2_common/hardware_irq/irq.c.obj
                0x10000d10                user_irq_unclaim
 .text.user_irq_claim_unused
                0x10000d24       0x2c CMakeFiles/main.dir/home/jthro/pico/pico-sdk/src/rp2_common/hardware_irq/irq.c.obj
                0x10000d24                user_irq_claim_unused
 .text.sem_init
                0x10000d50       0x20 CMakeFiles/main.dir/home/jthro/pico/pico-sdk/src/common/pico_sync/sem.c.obj
                0x10000d50                sem_init
 .text.lock_init
                0x10000d70       0x10 CMakeFiles/main.dir/home/jthro/pico/pico-sdk/src/common/pico_sync/lock_core.c.obj
                0x10000d70                lock_init
 .text.mutex_init
                0x10000d80       0x1c CMakeFiles/main.dir/home/jthro/pico/pico-sdk/src/common/pico_sync/mutex.c.obj
                0x10000d80                mutex_init
 .text.recursive_mutex_init
                0x10000d9c       0x1c CMakeFiles/main.dir/home/jthro/pico/pico-sdk/src/common/pico_sync/mutex.c.obj
                0x10000d9c                recursive_mutex_init
 .text.critical_section_init
                0x10000db8       0x1c CMakeFiles/main.dir/home/jthro/pico/pico-sdk/src/common/pico_sync/critical_section.c.obj
                0x10000db8                critical_section_init
 .text.critical_section_init_with_lock_num
                0x10000dd4       0x14 CMakeFiles/main.dir/home/jthro/pico/pico-sdk/src/common/pico_sync/critical_section.c.obj
                0x10000dd4                critical_section_init_with_lock_num
 .text.timer_pool_entry_comparator
                0x10000de8       0x34 CMakeFiles/main.dir/home/jthro/pico/pico-sdk/src/common/pico_time/time.c.obj
                0x10000de8                timer_pool_entry_comparator
 .text.sleep_until_callback
                0x10000e1c       0x30 CMakeFiles/main.dir/home/jthro/pico/pico-sdk/src/common/pico_time/time.c.obj
 .text.add_alarm_under_lock.isra.0
                0x10000e4c      0x100 CMakeFiles/main.dir/home/jthro/pico/pico-sdk/src/common/pico_time/time.c.obj
 .text.alarm_pool_alarm_callback
                0x10000f4c      0x1c0 CMakeFiles/main.dir/home/jthro/pico/pico-sdk/src/common/pico_time/time.c.obj
 .text.alarm_pool_init_default
                0x1000110c       0x6c CMakeFiles/main.dir/home/jthro/pico/pico-sdk/src/common/pico_time/time.c.obj
                0x1000110c                alarm_pool_init_default
 .text.alarm_pool_get_default
                0x10001178        0x8 CMakeFiles/main.dir/home/jthro/pico/pico-sdk/src/common/pico_time/time.c.obj
                0x10001178                alarm_pool_get_default
 .text.alarm_pool_create_with_unused_hardware_alarm
                0x10001180       0x74 CMakeFiles/main.dir/home/jthro/pico/pico-sdk/src/common/pico_time/time.c.obj
                0x10001180                alarm_pool_create_with_unused_hardware_alarm
 .text.alarm_pool_destroy
                0x100011f4       0x44 CMakeFiles/main.dir/home/jthro/pico/pico-sdk/src/common/pico_time/time.c.obj
                0x100011f4                alarm_pool_destroy
 .text.alarm_pool_add_alarm_at
                0x10001238      0x17c CMakeFiles/main.dir/home/jthro/pico/pico-sdk/src/common/pico_time/time.c.obj
                0x10001238                alarm_pool_add_alarm_at
 .text.alarm_pool_add_alarm_at_force_in_context
                0x100013b4      0x114 CMakeFiles/main.dir/home/jthro/pico/pico-sdk/src/common/pico_time/time.c.obj
                0x100013b4                alarm_pool_add_alarm_at_force_in_context
 .text.alarm_pool_cancel_alarm
                0x100014c8       0x70 CMakeFiles/main.dir/home/jthro/pico/pico-sdk/src/common/pico_time/time.c.obj
                0x100014c8                alarm_pool_cancel_alarm
 .text.alarm_pool_core_num
                0x10001538        0x4 CMakeFiles/main.dir/home/jthro/pico/pico-sdk/src/common/pico_time/time.c.obj
                0x10001538                alarm_pool_core_num
 .text.sleep_until
                0x1000153c       0xc4 CMakeFiles/main.dir/home/jthro/pico/pico-sdk/src/common/pico_time/time.c.obj
                0x1000153c                sleep_until
 .text.sleep_ms
                0x10001600       0x38 CMakeFiles/main.dir/home/jthro/pico/pico-sdk/src/common/pico_time/time.c.obj
                0x10001600                sleep_ms
 .text.best_effort_wfe_or_timeout
                0x10001638       0xcc CMakeFiles/main.dir/home/jthro/pico/pico-sdk/src/common/pico_time/time.c.obj
                0x10001638                best_effort_wfe_or_timeout
 .text.hardware_alarm_irq_handler
                0x10001704       0xbc CMakeFiles/main.dir/home/jthro/pico/pico-sdk/src/rp2_common/hardware_timer/timer.c.obj
 .text.hardware_alarm_claim
                0x100017c0       0x18 CMakeFiles/main.dir/home/jthro/pico/pico-sdk/src/rp2_common/hardware_timer/timer.c.obj
                0x100017c0                hardware_alarm_claim
 .text.hardware_alarm_unclaim
                0x100017d8       0x14 CMakeFiles/main.dir/home/jthro/pico/pico-sdk/src/rp2_common/hardware_timer/timer.c.obj
                0x100017d8                hardware_alarm_unclaim
 .text.hardware_alarm_claim_unused
                0x100017ec       0x24 CMakeFiles/main.dir/home/jthro/pico/pico-sdk/src/rp2_common/hardware_timer/timer.c.obj
                0x100017ec                hardware_alarm_claim_unused
 .text.time_us_64
                0x10001810       0x14 CMakeFiles/main.dir/home/jthro/pico/pico-sdk/src/rp2_common/hardware_timer/timer.c.obj
                0x10001810                time_us_64
 .text.busy_wait_until
                0x10001824       0x20 CMakeFiles/main.dir/home/jthro/pico/pico-sdk/src/rp2_common/hardware_timer/timer.c.obj
                0x10001824                busy_wait_until
 .text.hardware_alarm_set_callback
                0x10001844       0x8c CMakeFiles/main.dir/home/jthro/pico/pico-sdk/src/rp2_common/hardware_timer/timer.c.obj
                0x10001844                hardware_alarm_set_callback
 .text.hardware_alarm_set_target
                0x100018d0       0xd0 CMakeFiles/main.dir/home/jthro/pico/pico-sdk/src/rp2_common/hardware_timer/timer.c.obj
                0x100018d0                hardware_alarm_set_target
 .text.hardware_alarm_cancel
                0x100019a0       0x3c CMakeFiles/main.dir/home/jthro/pico/pico-sdk/src/rp2_common/hardware_timer/timer.c.obj
                0x100019a0                hardware_alarm_cancel
 .text.hardware_alarm_force_irq
                0x100019dc       0x3c CMakeFiles/main.dir/home/jthro/pico/pico-sdk/src/rp2_common/hardware_timer/timer.c.obj
                0x100019dc                hardware_alarm_force_irq
 .text.ph_merge_nodes
                0x10001a18       0x58 CMakeFiles/main.dir/home/jthro/pico/pico-sdk/src/common/pico_util/pheap.c.obj
 .text.ph_create
                0x10001a70       0x60 CMakeFiles/main.dir/home/jthro/pico/pico-sdk/src/common/pico_util/pheap.c.obj
                0x10001a70                ph_create
 .text.ph_post_alloc_init
                0x10001ad0       0x3c CMakeFiles/main.dir/home/jthro/pico/pico-sdk/src/common/pico_util/pheap.c.obj
                0x10001ad0                ph_post_alloc_init
 .text.ph_destroy
                0x10001b0c       0x14 CMakeFiles/main.dir/home/jthro/pico/pico-sdk/src/common/pico_util/pheap.c.obj
                0x10001b0c                ph_destroy
 .text.ph_merge_two_pass
                0x10001b20       0x8c CMakeFiles/main.dir/home/jthro/pico/pico-sdk/src/common/pico_util/pheap.c.obj
                0x10001b20                ph_merge_two_pass
 .text.ph_remove_any_head
                0x10001bac      0x100 CMakeFiles/main.dir/home/jthro/pico/pico-sdk/src/common/pico_util/pheap.c.obj
 .text.ph_remove_head
                0x10001cac      0x104 CMakeFiles/main.dir/home/jthro/pico/pico-sdk/src/common/pico_util/pheap.c.obj
                0x10001cac                ph_remove_head
 .text.ph_remove_and_free_node
                0x10001db0       0x78 CMakeFiles/main.dir/home/jthro/pico/pico-sdk/src/common/pico_util/pheap.c.obj
                0x10001db0                ph_remove_and_free_node
 .text.clocks_init
                0x10001e28      0x2c8 CMakeFiles/main.dir/home/jthro/pico/pico-sdk/src/rp2_common/hardware_clocks/clocks.c.obj
                0x10001e28                clocks_init
 .text.clock_get_hz
                0x100020f0        0xc CMakeFiles/main.dir/home/jthro/pico/pico-sdk/src/rp2_common/hardware_clocks/clocks.c.obj
                0x100020f0                clock_get_hz
 .text.pll_init
                0x100020fc       0xa4 CMakeFiles/main.dir/home/jthro/pico/pico-sdk/src/rp2_common/hardware_pll/pll.c.obj
                0x100020fc                pll_init
 .text.watchdog_start_tick
                0x100021a0       0x10 CMakeFiles/main.dir/home/jthro/pico/pico-sdk/src/rp2_common/hardware_watchdog/watchdog.c.obj
                0x100021a0                watchdog_start_tick
 .text.watchdog_reboot
                0x100021b0       0x9c CMakeFiles/main.dir/home/jthro/pico/pico-sdk/src/rp2_common/hardware_watchdog/watchdog.c.obj
                0x100021b0                watchdog_reboot
 .text.xosc_init
                0x1000224c       0x28 CMakeFiles/main.dir/home/jthro/pico/pico-sdk/src/rp2_common/hardware_xosc/xosc.c.obj
                0x1000224c                xosc_init
 .text.runtime_init
                0x10002274       0xf0 CMakeFiles/main.dir/home/jthro/pico/pico-sdk/src/rp2_common/pico_runtime/runtime.c.obj
                0x10002274                runtime_init
 .text._exit    0x10002364        0x4 CMakeFiles/main.dir/home/jthro/pico/pico-sdk/src/rp2_common/pico_runtime/runtime.c.obj
                0x10002364                _exit
 .text._sbrk    0x10002368       0x34 CMakeFiles/main.dir/home/jthro/pico/pico-sdk/src/rp2_common/pico_runtime/runtime.c.obj
                0x10002368                _sbrk
 .text.exit     0x1000239c        0x8 CMakeFiles/main.dir/home/jthro/pico/pico-sdk/src/rp2_common/pico_runtime/runtime.c.obj
                0x1000239c                exit
 .text.panic    0x100023a4       0x30 CMakeFiles/main.dir/home/jthro/pico/pico-sdk/src/rp2_common/pico_runtime/runtime.c.obj
                0x100023a4                panic
 .text.hard_assertion_failure
                0x100023d4        0xc CMakeFiles/main.dir/home/jthro/pico/pico-sdk/src/rp2_common/pico_runtime/runtime.c.obj
                0x100023d4                hard_assertion_failure
 .text._out_null
                0x100023e0        0x4 CMakeFiles/main.dir/home/jthro/pico/pico-sdk/src/rp2_common/pico_printf/printf.c.obj
 .text._out_rev
                0x100023e4       0xac CMakeFiles/main.dir/home/jthro/pico/pico-sdk/src/rp2_common/pico_printf/printf.c.obj
 .text._ntoa_format
                0x10002490      0x250 CMakeFiles/main.dir/home/jthro/pico/pico-sdk/src/rp2_common/pico_printf/printf.c.obj
 .text._out_char
                0x100026e0       0x10 CMakeFiles/main.dir/home/jthro/pico/pico-sdk/src/rp2_common/pico_printf/printf.c.obj
 .text._out_fct
                0x100026f0       0x10 CMakeFiles/main.dir/home/jthro/pico/pico-sdk/src/rp2_common/pico_printf/printf.c.obj
 .text._etoa    0x10002700      0x464 CMakeFiles/main.dir/home/jthro/pico/pico-sdk/src/rp2_common/pico_printf/printf.c.obj
 .text._ftoa    0x10002b64      0x3c0 CMakeFiles/main.dir/home/jthro/pico/pico-sdk/src/rp2_common/pico_printf/printf.c.obj
 .text._vsnprintf
                0x10002f24      0xbc8 CMakeFiles/main.dir/home/jthro/pico/pico-sdk/src/rp2_common/pico_printf/printf.c.obj
 .text.vfctprintf
                0x10003aec       0x20 CMakeFiles/main.dir/home/jthro/pico/pico-sdk/src/rp2_common/pico_printf/printf.c.obj
                0x10003aec                vfctprintf
 .text.weak_raw_vprintf
                0x10003b0c       0x30 CMakeFiles/main.dir/home/jthro/pico/pico-sdk/src/rp2_common/pico_printf/printf.c.obj
                0x10003b0c                weak_raw_vprintf
 .text          0x10003b3c       0x10 CMakeFiles/main.dir/home/jthro/pico/pico-sdk/src/rp2_common/pico_bit_ops/bit_ops_aeabi.S.obj
 .text.ctzsi    0x10003b4c        0xc CMakeFiles/main.dir/home/jthro/pico/pico-sdk/src/rp2_common/pico_bit_ops/bit_ops_aeabi.S.obj
                0x10003b4c                __wrap___ctzsi2
 .text.rom_func_lookup
                0x10003b58       0x10 CMakeFiles/main.dir/home/jthro/pico/pico-sdk/src/rp2_common/pico_bootrom/bootrom.c.obj
                0x10003b58                rom_func_lookup
 .text.rom_data_lookup
                0x10003b68       0x10 CMakeFiles/main.dir/home/jthro/pico/pico-sdk/src/rp2_common/pico_bootrom/bootrom.c.obj
                0x10003b68                rom_data_lookup
 .text.rom_funcs_lookup
                0x10003b78       0x44 CMakeFiles/main.dir/home/jthro/pico/pico-sdk/src/rp2_common/pico_bootrom/bootrom.c.obj
                0x10003b78                rom_funcs_lookup
 .text.__wrap___aeabi_idiv
                0x10003bbc       0x50 CMakeFiles/main.dir/home/jthro/pico/pico-sdk/src/rp2_common/pico_divider/divider.S.obj
                0x10003bbc                __wrap___aeabi_idivmod
                0x10003bbc                divmod_s32s32
                0x10003bbc                div_s32s32
                0x10003bbc                __wrap___aeabi_idiv
                0x10003bc4                divmod_s32s32_unsafe
                0x10003bf0                divmod_s32s32_savestate
 .text.__wrap___aeabi_uidiv
                0x10003c0c       0x4c CMakeFiles/main.dir/home/jthro/pico/pico-sdk/src/rp2_common/pico_divider/divider.S.obj
                0x10003c0c                __wrap___aeabi_uidiv
                0x10003c0c                __wrap___aeabi_uidivmod
                0x10003c0c                div_u32u32
                0x10003c0c                divmod_u32u32
                0x10003c14                divmod_u32u32_unsafe
                0x10003c3c                divmod_u32u32_savestate
 .text.__wrap___aeabi_ldiv
                0x10003c58      0x424 CMakeFiles/main.dir/home/jthro/pico/pico-sdk/src/rp2_common/pico_divider/divider.S.obj
                0x10003c58                div_s64s64
                0x10003c58                divmod_s64s64
                0x10003c58                __wrap___aeabi_ldivmod
                0x10003c88                div_u64u64
                0x10003c88                divmod_u64u64
                0x10003c88                __wrap___aeabi_uldivmod
                0x10003c98                divmod_u64u64_savestate
                0x10003cb8                divmod_s64s64_unsafe
                0x10003d40                divmod_u64u64_unsafe
 .text.__wrap___aeabi_darithmetic
                0x1000407c       0x60 CMakeFiles/main.dir/home/jthro/pico/pico-sdk/src/rp2_common/pico_double/double_aeabi.S.obj
                0x1000407c                __wrap___aeabi_drsub
                0x10004082                __wrap___aeabi_dsub
                0x1000408c                __wrap___aeabi_dadd
                0x10004096                __wrap___aeabi_ddiv
                0x100040ca                __wrap___aeabi_dmul
 .text.__wrap___aeabi_cdcmple
                0x100040dc       0x6c CMakeFiles/main.dir/home/jthro/pico/pico-sdk/src/rp2_common/pico_double/double_aeabi.S.obj
                0x100040dc                __wrap___aeabi_cdrcmple
                0x100040ec                __wrap___aeabi_cdcmple
                0x100040ec                __wrap___aeabi_cdcmpeq
 .text.__wrap___aeabi_dcmplt
                0x10004148        0xc CMakeFiles/main.dir/home/jthro/pico/pico-sdk/src/rp2_common/pico_double/double_aeabi.S.obj
                0x10004148                __wrap___aeabi_dcmplt
 .text.__wrap___aeabi_dcmpge
                0x10004154       0x10 CMakeFiles/main.dir/home/jthro/pico/pico-sdk/src/rp2_common/pico_double/double_aeabi.S.obj
                0x10004154                __wrap___aeabi_dcmpge
 .text.__wrap___aeabi_dcmpgt
                0x10004164        0xa CMakeFiles/main.dir/home/jthro/pico/pico-sdk/src/rp2_common/pico_double/double_aeabi.S.obj
                0x10004164                __wrap___aeabi_dcmpgt
 .text.__wrap___aeabi_dcmpun
                0x1000416e       0x1c CMakeFiles/main.dir/home/jthro/pico/pico-sdk/src/rp2_common/pico_double/double_aeabi.S.obj
                0x1000416e                __wrap___aeabi_dcmpun
 *fill*         0x1000418a        0x2 
 .text.__wrap___aeabi_i2d
                0x1000418c       0x38 CMakeFiles/main.dir/home/jthro/pico/pico-sdk/src/rp2_common/pico_double/double_aeabi.S.obj
                0x1000418c                __wrap___aeabi_ui2d
                0x10004194                __wrap___aeabi_i2d
 .text.__wrap___aeabi_d2iz
                0x100041c4       0x48 CMakeFiles/main.dir/home/jthro/pico/pico-sdk/src/rp2_common/pico_double/double_aeabi.S.obj
                0x100041c4                __wrap___aeabi_d2iz
                0x100041c4                double2int_z
 .text.__wrap___aeabi_d2uiz
                0x1000420c       0x10 CMakeFiles/main.dir/home/jthro/pico/pico-sdk/src/rp2_common/pico_double/double_aeabi.S.obj
                0x1000420c                double2uint
                0x1000420c                __wrap___aeabi_d2uiz
 .text.missing_double_func_shim
                0x1000421c        0xc CMakeFiles/main.dir/home/jthro/pico/pico-sdk/src/rp2_common/pico_double/double_init_rom.c.obj
 .text.__aeabi_double_init
                0x10004228       0x94 CMakeFiles/main.dir/home/jthro/pico/pico-sdk/src/rp2_common/pico_double/double_init_rom.c.obj
                0x10004228                __aeabi_double_init
 .text.double_table_shim_on_use_helper
                0x100042bc       0x2c CMakeFiles/main.dir/home/jthro/pico/pico-sdk/src/rp2_common/pico_double/double_v1_rom_shim.S.obj
                0x100042bc                double_table_shim_on_use_helper
 .text.__aeabi_lmul
                0x100042e8       0x32 CMakeFiles/main.dir/home/jthro/pico/pico-sdk/src/rp2_common/pico_int64_ops/pico_int64_ops_aeabi.S.obj
                0x100042e8                __wrap___aeabi_lmul
 *fill*         0x1000431a        0x2 
 .text.missing_float_func_shim
                0x1000431c        0xc CMakeFiles/main.dir/home/jthro/pico/pico-sdk/src/rp2_common/pico_float/float_init_rom.c.obj
 .text.__aeabi_float_init
                0x10004328       0x5c CMakeFiles/main.dir/home/jthro/pico/pico-sdk/src/rp2_common/pico_float/float_init_rom.c.obj
                0x10004328                __aeabi_float_init
 .text.__wrap_malloc
                0x10004384       0x3c CMakeFiles/main.dir/home/jthro/pico/pico-sdk/src/rp2_common/pico_malloc/pico_malloc.c.obj
                0x10004384                __wrap_malloc
 .text.__wrap_calloc
                0x100043c0       0x40 CMakeFiles/main.dir/home/jthro/pico/pico-sdk/src/rp2_common/pico_malloc/pico_malloc.c.obj
                0x100043c0                __wrap_calloc
 .text.__wrap_free
                0x10004400       0x20 CMakeFiles/main.dir/home/jthro/pico/pico-sdk/src/rp2_common/pico_malloc/pico_malloc.c.obj
                0x10004400                __wrap_free
 .text          0x10004420       0x10 CMakeFiles/main.dir/home/jthro/pico/pico-sdk/src/rp2_common/pico_mem_ops/mem_ops_aeabi.S.obj
                0x10004420                __aeabi_mem_init
 .text.memset   0x10004430        0xc CMakeFiles/main.dir/home/jthro/pico/pico-sdk/src/rp2_common/pico_mem_ops/mem_ops_aeabi.S.obj
                0x10004430                __wrap_memset
 .text.memcpy   0x1000443c        0xc CMakeFiles/main.dir/home/jthro/pico/pico-sdk/src/rp2_common/pico_mem_ops/mem_ops_aeabi.S.obj
                0x1000443c                __wrap___aeabi_memcpy
                0x1000443c                __wrap_memcpy
 .text.stdio_out_chars_crlf
                0x10004448       0x94 CMakeFiles/main.dir/home/jthro/pico/pico-sdk/src/rp2_common/pico_stdio/stdio.c.obj
 .text.stdio_buffered_printer
                0x100044dc       0x64 CMakeFiles/main.dir/home/jthro/pico/pico-sdk/src/rp2_common/pico_stdio/stdio.c.obj
 .text.__wrap_putchar
                0x10004540       0x98 CMakeFiles/main.dir/home/jthro/pico/pico-sdk/src/rp2_common/pico_stdio/stdio.c.obj
                0x10004540                __wrap_putchar
 .text.__wrap_puts
                0x100045d8       0xe0 CMakeFiles/main.dir/home/jthro/pico/pico-sdk/src/rp2_common/pico_stdio/stdio.c.obj
                0x100045d8                __wrap_puts
 .text.stdio_set_driver_enabled
                0x100046b8       0x30 CMakeFiles/main.dir/home/jthro/pico/pico-sdk/src/rp2_common/pico_stdio/stdio.c.obj
                0x100046b8                stdio_set_driver_enabled
 .text.__wrap_vprintf
                0x100046e8       0xd4 CMakeFiles/main.dir/home/jthro/pico/pico-sdk/src/rp2_common/pico_stdio/stdio.c.obj
                0x100046e8                __wrap_vprintf
 .text.__wrap_printf
                0x100047bc       0x18 CMakeFiles/main.dir/home/jthro/pico/pico-sdk/src/rp2_common/pico_stdio/stdio.c.obj
                0x100047bc                __wrap_printf
 .text.stdio_init_all
                0x100047d4        0x8 CMakeFiles/main.dir/home/jthro/pico/pico-sdk/src/rp2_common/pico_stdio/stdio.c.obj
                0x100047d4                stdio_init_all
 .text.resetd_init
                0x100047dc        0x4 CMakeFiles/main.dir/home/jthro/pico/pico-sdk/src/rp2_common/pico_stdio_usb/reset_interface.c.obj
 .text.resetd_reset
                0x100047e0        0xc CMakeFiles/main.dir/home/jthro/pico/pico-sdk/src/rp2_common/pico_stdio_usb/reset_interface.c.obj
 .text.resetd_open
                0x100047ec       0x28 CMakeFiles/main.dir/home/jthro/pico/pico-sdk/src/rp2_common/pico_stdio_usb/reset_interface.c.obj
 .text.resetd_xfer_cb
                0x10004814        0x4 CMakeFiles/main.dir/home/jthro/pico/pico-sdk/src/rp2_common/pico_stdio_usb/reset_interface.c.obj
 .text.resetd_control_xfer_cb
                0x10004818       0x60 CMakeFiles/main.dir/home/jthro/pico/pico-sdk/src/rp2_common/pico_stdio_usb/reset_interface.c.obj
 .text.usbd_app_driver_get_cb
                0x10004878        0xc CMakeFiles/main.dir/home/jthro/pico/pico-sdk/src/rp2_common/pico_stdio_usb/reset_interface.c.obj
                0x10004878                usbd_app_driver_get_cb
 .text.tud_cdc_line_coding_cb
                0x10004884       0x34 CMakeFiles/main.dir/home/jthro/pico/pico-sdk/src/rp2_common/pico_stdio_usb/reset_interface.c.obj
                0x10004884                tud_cdc_line_coding_cb
 .text.stdio_usb_set_chars_available_callback
                0x100048b8       0x14 CMakeFiles/main.dir/home/jthro/pico/pico-sdk/src/rp2_common/pico_stdio_usb/stdio_usb.c.obj
                0x100048b8                stdio_usb_set_chars_available_callback
 .text.usb_irq  0x100048cc       0x10 CMakeFiles/main.dir/home/jthro/pico/pico-sdk/src/rp2_common/pico_stdio_usb/stdio_usb.c.obj
 .text.timer_task
                0x100048dc       0x54 CMakeFiles/main.dir/home/jthro/pico/pico-sdk/src/rp2_common/pico_stdio_usb/stdio_usb.c.obj
 .text.stdio_usb_in_chars
                0x10004930       0x90 CMakeFiles/main.dir/home/jthro/pico/pico-sdk/src/rp2_common/pico_stdio_usb/stdio_usb.c.obj
                0x10004930                stdio_usb_in_chars
 .text.stdio_usb_out_chars
                0x100049c0      0x104 CMakeFiles/main.dir/home/jthro/pico/pico-sdk/src/rp2_common/pico_stdio_usb/stdio_usb.c.obj
 .text.low_priority_worker_irq
                0x10004ac4       0xa8 CMakeFiles/main.dir/home/jthro/pico/pico-sdk/src/rp2_common/pico_stdio_usb/stdio_usb.c.obj
 .text.tud_cdc_rx_cb
                0x10004b6c       0x20 CMakeFiles/main.dir/home/jthro/pico/pico-sdk/src/rp2_common/pico_stdio_usb/stdio_usb.c.obj
                0x10004b6c                tud_cdc_rx_cb
 .text.stdio_usb_init
                0x10004b8c       0xe0 CMakeFiles/main.dir/home/jthro/pico/pico-sdk/src/rp2_common/pico_stdio_usb/stdio_usb.c.obj
                0x10004b8c                stdio_usb_init
 .text.tud_descriptor_device_cb
                0x10004c6c        0x8 CMakeFiles/main.dir/home/jthro/pico/pico-sdk/src/rp2_common/pico_stdio_usb/stdio_usb_descriptors.c.obj
                0x10004c6c                tud_descriptor_device_cb
 .text.tud_descriptor_configuration_cb
                0x10004c74        0x8 CMakeFiles/main.dir/home/jthro/pico/pico-sdk/src/rp2_common/pico_stdio_usb/stdio_usb_descriptors.c.obj
                0x10004c74                tud_descriptor_configuration_cb
 .text.tud_descriptor_string_cb
                0x10004c7c       0x78 CMakeFiles/main.dir/home/jthro/pico/pico-sdk/src/rp2_common/pico_stdio_usb/stdio_usb_descriptors.c.obj
                0x10004c7c                tud_descriptor_string_cb
 .text.startup._retrieve_unique_id_on_boot
                0x10004cf4       0x10 CMakeFiles/main.dir/home/jthro/pico/pico-sdk/src/rp2_common/pico_unique_id/unique_id.c.obj
 .text.pico_get_unique_board_id
                0x10004d04       0x10 CMakeFiles/main.dir/home/jthro/pico/pico-sdk/src/rp2_common/pico_unique_id/unique_id.c.obj
                0x10004d04                pico_get_unique_board_id
 .text.pico_get_unique_board_id_string
                0x10004d14      0x1a8 CMakeFiles/main.dir/home/jthro/pico/pico-sdk/src/rp2_common/pico_unique_id/unique_id.c.obj
                0x10004d14                pico_get_unique_board_id_string
 .text.flash_get_unique_id
                0x10004ebc       0x3c CMakeFiles/main.dir/home/jthro/pico/pico-sdk/src/rp2_common/hardware_flash/flash.c.obj
                0x10004ebc                flash_get_unique_id
 .text.dcd_int_enable
                0x10004ef8        0xc CMakeFiles/main.dir/home/jthro/pico/pico-sdk/lib/tinyusb/src/portable/raspberrypi/rp2040/dcd_rp2040.c.obj
                0x10004ef8                dcd_int_enable
 .text.dcd_set_address
                0x10004f04       0x14 CMakeFiles/main.dir/home/jthro/pico/pico-sdk/lib/tinyusb/src/portable/raspberrypi/rp2040/dcd_rp2040.c.obj
                0x10004f04                dcd_set_address
 .text.dcd_connect
                0x10004f18       0x10 CMakeFiles/main.dir/home/jthro/pico/pico-sdk/lib/tinyusb/src/portable/raspberrypi/rp2040/dcd_rp2040.c.obj
                0x10004f18                dcd_connect
 .text.dcd_init
                0x10004f28       0x98 CMakeFiles/main.dir/home/jthro/pico/pico-sdk/lib/tinyusb/src/portable/raspberrypi/rp2040/dcd_rp2040.c.obj
                0x10004f28                dcd_init
 .text.dcd_edpt0_status_complete
                0x10004fc0       0x1c CMakeFiles/main.dir/home/jthro/pico/pico-sdk/lib/tinyusb/src/portable/raspberrypi/rp2040/dcd_rp2040.c.obj
                0x10004fc0                dcd_edpt0_status_complete
 .text.dcd_edpt_open
                0x10004fdc      0x108 CMakeFiles/main.dir/home/jthro/pico/pico-sdk/lib/tinyusb/src/portable/raspberrypi/rp2040/dcd_rp2040.c.obj
                0x10004fdc                dcd_edpt_open
 .text.dcd_edpt_close_all
                0x100050e4        0x8 CMakeFiles/main.dir/home/jthro/pico/pico-sdk/lib/tinyusb/src/portable/raspberrypi/rp2040/dcd_rp2040.c.obj
                0x100050e4                dcd_edpt_close_all
 .text.dcd_edpt_xfer
                0x100050ec       0x24 CMakeFiles/main.dir/home/jthro/pico/pico-sdk/lib/tinyusb/src/portable/raspberrypi/rp2040/dcd_rp2040.c.obj
                0x100050ec                dcd_edpt_xfer
 .text.dcd_edpt_stall
                0x10005110       0x34 CMakeFiles/main.dir/home/jthro/pico/pico-sdk/lib/tinyusb/src/portable/raspberrypi/rp2040/dcd_rp2040.c.obj
                0x10005110                dcd_edpt_stall
 .text.dcd_edpt_clear_stall
                0x10005144       0x30 CMakeFiles/main.dir/home/jthro/pico/pico-sdk/lib/tinyusb/src/portable/raspberrypi/rp2040/dcd_rp2040.c.obj
                0x10005144                dcd_edpt_clear_stall
 .text.rp2040_usb_init
                0x10005174       0x4c CMakeFiles/main.dir/home/jthro/pico/pico-sdk/lib/tinyusb/src/portable/raspberrypi/rp2040/rp2040_usb.c.obj
                0x10005174                rp2040_usb_init
 .text.hw_endpoint_xfer_start
                0x100051c0       0x40 CMakeFiles/main.dir/home/jthro/pico/pico-sdk/lib/tinyusb/src/portable/raspberrypi/rp2040/rp2040_usb.c.obj
                0x100051c0                hw_endpoint_xfer_start
 .text.tud_mounted
                0x10005200       0x10 CMakeFiles/main.dir/home/jthro/pico/pico-sdk/lib/tinyusb/src/device/usbd.c.obj
                0x10005200                tud_mounted
 .text.tud_suspended
                0x10005210       0x10 CMakeFiles/main.dir/home/jthro/pico/pico-sdk/lib/tinyusb/src/device/usbd.c.obj
                0x10005210                tud_suspended
 .text.tud_inited
                0x10005220       0x14 CMakeFiles/main.dir/home/jthro/pico/pico-sdk/lib/tinyusb/src/device/usbd.c.obj
                0x10005220                tud_inited
 .text.tud_init
                0x10005234       0xdc CMakeFiles/main.dir/home/jthro/pico/pico-sdk/lib/tinyusb/src/device/usbd.c.obj
                0x10005234                tud_init
 .text.tud_task_ext
                0x10005310      0x850 CMakeFiles/main.dir/home/jthro/pico/pico-sdk/lib/tinyusb/src/device/usbd.c.obj
                0x10005310                tud_task_ext
 .text.usbd_open_edpt_pair
                0x10005b60       0x9c CMakeFiles/main.dir/home/jthro/pico/pico-sdk/lib/tinyusb/src/device/usbd.c.obj
                0x10005b60                usbd_open_edpt_pair
 .text.usbd_defer_func
                0x10005bfc       0x48 CMakeFiles/main.dir/home/jthro/pico/pico-sdk/lib/tinyusb/src/device/usbd.c.obj
                0x10005bfc                usbd_defer_func
 .text.usbd_edpt_open
                0x10005c44       0x34 CMakeFiles/main.dir/home/jthro/pico/pico-sdk/lib/tinyusb/src/device/usbd.c.obj
                0x10005c44                usbd_edpt_open
 .text.usbd_edpt_claim
                0x10005c78       0x28 CMakeFiles/main.dir/home/jthro/pico/pico-sdk/lib/tinyusb/src/device/usbd.c.obj
                0x10005c78                usbd_edpt_claim
 .text.usbd_edpt_release
                0x10005ca0       0x28 CMakeFiles/main.dir/home/jthro/pico/pico-sdk/lib/tinyusb/src/device/usbd.c.obj
                0x10005ca0                usbd_edpt_release
 .text.usbd_edpt_xfer
                0x10005cc8       0x4c CMakeFiles/main.dir/home/jthro/pico/pico-sdk/lib/tinyusb/src/device/usbd.c.obj
                0x10005cc8                usbd_edpt_xfer
 .text.tud_control_status
                0x10005d14       0x2c CMakeFiles/main.dir/home/jthro/pico/pico-sdk/lib/tinyusb/src/device/usbd_control.c.obj
                0x10005d14                tud_control_status
 .text.tud_control_xfer
                0x10005d40       0xac CMakeFiles/main.dir/home/jthro/pico/pico-sdk/lib/tinyusb/src/device/usbd_control.c.obj
                0x10005d40                tud_control_xfer
 .text.usbd_control_reset
                0x10005dec       0x14 CMakeFiles/main.dir/home/jthro/pico/pico-sdk/lib/tinyusb/src/device/usbd_control.c.obj
                0x10005dec                usbd_control_reset
 .text.usbd_control_set_complete_callback
                0x10005e00        0xc CMakeFiles/main.dir/home/jthro/pico/pico-sdk/lib/tinyusb/src/device/usbd_control.c.obj
                0x10005e00                usbd_control_set_complete_callback
 .text.usbd_control_set_request
                0x10005e0c       0x1c CMakeFiles/main.dir/home/jthro/pico/pico-sdk/lib/tinyusb/src/device/usbd_control.c.obj
                0x10005e0c                usbd_control_set_request
 .text.usbd_control_xfer_cb
                0x10005e28       0xf4 CMakeFiles/main.dir/home/jthro/pico/pico-sdk/lib/tinyusb/src/device/usbd_control.c.obj
                0x10005e28                usbd_control_xfer_cb
 .text.tud_cdc_n_connected
                0x10005f1c       0x30 CMakeFiles/main.dir/home/jthro/pico/pico-sdk/lib/tinyusb/src/class/cdc/cdc_device.c.obj
                0x10005f1c                tud_cdc_n_connected
 .text.tud_cdc_n_available
                0x10005f4c       0x18 CMakeFiles/main.dir/home/jthro/pico/pico-sdk/lib/tinyusb/src/class/cdc/cdc_device.c.obj
                0x10005f4c                tud_cdc_n_available
 .text.tud_cdc_n_read
                0x10005f64       0x70 CMakeFiles/main.dir/home/jthro/pico/pico-sdk/lib/tinyusb/src/class/cdc/cdc_device.c.obj
                0x10005f64                tud_cdc_n_read
 .text.tud_cdc_n_write_flush
                0x10005fd4       0x78 CMakeFiles/main.dir/home/jthro/pico/pico-sdk/lib/tinyusb/src/class/cdc/cdc_device.c.obj
                0x10005fd4                tud_cdc_n_write_flush
 .text.tud_cdc_n_write
                0x1000604c       0x34 CMakeFiles/main.dir/home/jthro/pico/pico-sdk/lib/tinyusb/src/class/cdc/cdc_device.c.obj
                0x1000604c                tud_cdc_n_write
 .text.tud_cdc_n_write_available
                0x10006080       0x18 CMakeFiles/main.dir/home/jthro/pico/pico-sdk/lib/tinyusb/src/class/cdc/cdc_device.c.obj
                0x10006080                tud_cdc_n_write_available
 .text.cdcd_init
                0x10006098       0x7c CMakeFiles/main.dir/home/jthro/pico/pico-sdk/lib/tinyusb/src/class/cdc/cdc_device.c.obj
                0x10006098                cdcd_init
 .text.cdcd_reset
                0x10006114       0x2c CMakeFiles/main.dir/home/jthro/pico/pico-sdk/lib/tinyusb/src/class/cdc/cdc_device.c.obj
                0x10006114                cdcd_reset
 .text.cdcd_open
                0x10006140       0xe4 CMakeFiles/main.dir/home/jthro/pico/pico-sdk/lib/tinyusb/src/class/cdc/cdc_device.c.obj
                0x10006140                cdcd_open
 .text.cdcd_control_xfer_cb
                0x10006224       0xe4 CMakeFiles/main.dir/home/jthro/pico/pico-sdk/lib/tinyusb/src/class/cdc/cdc_device.c.obj
                0x10006224                cdcd_control_xfer_cb
 .text.cdcd_xfer_cb
                0x10006308      0x13c CMakeFiles/main.dir/home/jthro/pico/pico-sdk/lib/tinyusb/src/class/cdc/cdc_device.c.obj
                0x10006308                cdcd_xfer_cb
 .text.tusb_init
                0x10006444        0xc CMakeFiles/main.dir/home/jthro/pico/pico-sdk/lib/tinyusb/src/tusb.c.obj
                0x10006444                tusb_init
 .text.tusb_inited
                0x10006450        0x8 CMakeFiles/main.dir/home/jthro/pico/pico-sdk/lib/tinyusb/src/tusb.c.obj
                0x10006450                tusb_inited
 .text.tu_edpt_claim
                0x10006458       0x50 CMakeFiles/main.dir/home/jthro/pico/pico-sdk/lib/tinyusb/src/tusb.c.obj
                0x10006458                tu_edpt_claim
 .text.tu_edpt_release
                0x100064a8       0x38 CMakeFiles/main.dir/home/jthro/pico/pico-sdk/lib/tinyusb/src/tusb.c.obj
                0x100064a8                tu_edpt_release
 .text.tu_edpt_validate
                0x100064e0       0x7c CMakeFiles/main.dir/home/jthro/pico/pico-sdk/lib/tinyusb/src/tusb.c.obj
                0x100064e0                tu_edpt_validate
 .text.tu_edpt_bind_driver
                0x1000655c       0x34 CMakeFiles/main.dir/home/jthro/pico/pico-sdk/lib/tinyusb/src/tusb.c.obj
                0x1000655c                tu_edpt_bind_driver
 .text.tu_fifo_config
                0x10006590       0x6c CMakeFiles/main.dir/home/jthro/pico/pico-sdk/lib/tinyusb/src/common/tusb_fifo.c.obj
                0x10006590                tu_fifo_config
 .text.tu_fifo_count
                0x100065fc       0x2c CMakeFiles/main.dir/home/jthro/pico/pico-sdk/lib/tinyusb/src/common/tusb_fifo.c.obj
                0x100065fc                tu_fifo_count
 .text.tu_fifo_empty
                0x10006628       0x10 CMakeFiles/main.dir/home/jthro/pico/pico-sdk/lib/tinyusb/src/common/tusb_fifo.c.obj
                0x10006628                tu_fifo_empty
 .text.tu_fifo_remaining
                0x10006638       0x2c CMakeFiles/main.dir/home/jthro/pico/pico-sdk/lib/tinyusb/src/common/tusb_fifo.c.obj
                0x10006638                tu_fifo_remaining
 .text.tu_fifo_read
                0x10006664       0x9c CMakeFiles/main.dir/home/jthro/pico/pico-sdk/lib/tinyusb/src/common/tusb_fifo.c.obj
                0x10006664                tu_fifo_read
 .text.tu_fifo_read_n
                0x10006700       0xe8 CMakeFiles/main.dir/home/jthro/pico/pico-sdk/lib/tinyusb/src/common/tusb_fifo.c.obj
                0x10006700                tu_fifo_read_n
 .text.tu_fifo_write
                0x100067e8       0xa8 CMakeFiles/main.dir/home/jthro/pico/pico-sdk/lib/tinyusb/src/common/tusb_fifo.c.obj
                0x100067e8                tu_fifo_write
 .text.tu_fifo_write_n
                0x10006890      0x178 CMakeFiles/main.dir/home/jthro/pico/pico-sdk/lib/tinyusb/src/common/tusb_fifo.c.obj
                0x10006890                tu_fifo_write_n
 .text.tu_fifo_clear
                0x10006a08       0x40 CMakeFiles/main.dir/home/jthro/pico/pico-sdk/lib/tinyusb/src/common/tusb_fifo.c.obj
                0x10006a08                tu_fifo_clear
 .text.tu_fifo_set_overwritable
                0x10006a48       0x48 CMakeFiles/main.dir/home/jthro/pico/pico-sdk/lib/tinyusb/src/common/tusb_fifo.c.obj
                0x10006a48                tu_fifo_set_overwritable
 .text.cyw43_arch_set_async_context
                0x10006a90        0xc CMakeFiles/main.dir/home/jthro/pico/pico-sdk/src/rp2_common/pico_cyw43_arch/cyw43_arch.c.obj
                0x10006a90                cyw43_arch_set_async_context
 .text.cyw43_arch_gpio_put
                0x10006a9c       0x14 CMakeFiles/main.dir/home/jthro/pico/pico-sdk/src/rp2_common/pico_cyw43_arch/cyw43_arch.c.obj
                0x10006a9c                cyw43_arch_gpio_put
 .text.cyw43_arch_async_context
                0x10006ab0        0xc CMakeFiles/main.dir/home/jthro/pico/pico-sdk/src/rp2_common/pico_cyw43_arch/cyw43_arch.c.obj
                0x10006ab0                cyw43_arch_async_context
 .text.cyw43_arch_init
                0x10006abc       0x64 CMakeFiles/main.dir/home/jthro/pico/pico-sdk/src/rp2_common/pico_cyw43_arch/cyw43_arch_threadsafe_background.c.obj
                0x10006abc                cyw43_arch_init
 .text.ns_delay.constprop.0
                0x10006b20       0x20 CMakeFiles/main.dir/home/jthro/pico/pico-sdk/src/rp2_common/pico_cyw43_driver/cyw43_bus_pio_spi.c.obj
 .text.cyw43_spi_deinit
                0x10006b40       0x7c CMakeFiles/main.dir/home/jthro/pico/pico-sdk/src/rp2_common/pico_cyw43_driver/cyw43_bus_pio_spi.c.obj
                0x10006b40                cyw43_spi_deinit
 .text.cyw43_spi_init
                0x10006bbc      0x14c CMakeFiles/main.dir/home/jthro/pico/pico-sdk/src/rp2_common/pico_cyw43_driver/cyw43_bus_pio_spi.c.obj
                0x10006bbc                cyw43_spi_init
 .text.cyw43_spi_transfer
                0x10006d08      0x3e0 CMakeFiles/main.dir/home/jthro/pico/pico-sdk/src/rp2_common/pico_cyw43_driver/cyw43_bus_pio_spi.c.obj
                0x10006d08                cyw43_spi_transfer
 .text.cyw43_spi_gpio_setup
                0x100070e8       0x3c CMakeFiles/main.dir/home/jthro/pico/pico-sdk/src/rp2_common/pico_cyw43_driver/cyw43_bus_pio_spi.c.obj
                0x100070e8                cyw43_spi_gpio_setup
 .text.cyw43_spi_reset
                0x10007124       0x28 CMakeFiles/main.dir/home/jthro/pico/pico-sdk/src/rp2_common/pico_cyw43_driver/cyw43_bus_pio_spi.c.obj
                0x10007124                cyw43_spi_reset
 .text.read_reg_u32_swap
                0x1000714c       0x3c CMakeFiles/main.dir/home/jthro/pico/pico-sdk/src/rp2_common/pico_cyw43_driver/cyw43_bus_pio_spi.c.obj
                0x1000714c                read_reg_u32_swap
 .text.cyw43_read_reg_u32
                0x10007188       0x50 CMakeFiles/main.dir/home/jthro/pico/pico-sdk/src/rp2_common/pico_cyw43_driver/cyw43_bus_pio_spi.c.obj
                0x10007188                cyw43_read_reg_u32
 .text.cyw43_read_reg_u16
                0x100071d8       0x50 CMakeFiles/main.dir/home/jthro/pico/pico-sdk/src/rp2_common/pico_cyw43_driver/cyw43_bus_pio_spi.c.obj
                0x100071d8                cyw43_read_reg_u16
 .text.cyw43_read_reg_u8
                0x10007228       0x50 CMakeFiles/main.dir/home/jthro/pico/pico-sdk/src/rp2_common/pico_cyw43_driver/cyw43_bus_pio_spi.c.obj
                0x10007228                cyw43_read_reg_u8
 .text.write_reg_u32_swap
                0x10007278      0x1e8 CMakeFiles/main.dir/home/jthro/pico/pico-sdk/src/rp2_common/pico_cyw43_driver/cyw43_bus_pio_spi.c.obj
                0x10007278                write_reg_u32_swap
 .text.cyw43_write_reg_u32
                0x10007460      0x208 CMakeFiles/main.dir/home/jthro/pico/pico-sdk/src/rp2_common/pico_cyw43_driver/cyw43_bus_pio_spi.c.obj
                0x10007460                cyw43_write_reg_u32
 .text.cyw43_write_reg_u16
                0x10007668      0x208 CMakeFiles/main.dir/home/jthro/pico/pico-sdk/src/rp2_common/pico_cyw43_driver/cyw43_bus_pio_spi.c.obj
                0x10007668                cyw43_write_reg_u16
 .text.cyw43_write_reg_u8
                0x10007870      0x208 CMakeFiles/main.dir/home/jthro/pico/pico-sdk/src/rp2_common/pico_cyw43_driver/cyw43_bus_pio_spi.c.obj
                0x10007870                cyw43_write_reg_u8
 .text.cyw43_read_bytes
                0x10007a78       0x78 CMakeFiles/main.dir/home/jthro/pico/pico-sdk/src/rp2_common/pico_cyw43_driver/cyw43_bus_pio_spi.c.obj
                0x10007a78                cyw43_read_bytes
 .text.cyw43_write_bytes
                0x10007af0       0xc0 CMakeFiles/main.dir/home/jthro/pico/pico-sdk/src/rp2_common/pico_cyw43_driver/cyw43_bus_pio_spi.c.obj
                0x10007af0                cyw43_write_bytes
 .text.cyw43_set_backplane_window
                0x10007bb0       0x68 CMakeFiles/main.dir/home/jthro/pico/pico-sdk/lib/cyw43-driver/src/cyw43_ll.c.obj
 .text.cyw43_ll_parse_async_event
                0x10007c18      0x134 CMakeFiles/main.dir/home/jthro/pico/pico-sdk/lib/cyw43-driver/src/cyw43_ll.c.obj
 .text.cyw43_kso_set
                0x10007d4c       0x80 CMakeFiles/main.dir/home/jthro/pico/pico-sdk/lib/cyw43-driver/src/cyw43_ll.c.obj
 .text.cyw43_ll_sdpcm_poll_device
                0x10007dcc      0x238 CMakeFiles/main.dir/home/jthro/pico/pico-sdk/lib/cyw43-driver/src/cyw43_ll.c.obj
 .text.cyw43_sdpcm_send_common
                0x10008004       0xf4 CMakeFiles/main.dir/home/jthro/pico/pico-sdk/lib/cyw43-driver/src/cyw43_ll.c.obj
 .text.cyw43_do_ioctl
                0x100080f8      0x110 CMakeFiles/main.dir/home/jthro/pico/pico-sdk/lib/cyw43-driver/src/cyw43_ll.c.obj
 .text.cyw43_do_ioctl.constprop.0
                0x10008208      0x108 CMakeFiles/main.dir/home/jthro/pico/pico-sdk/lib/cyw43-driver/src/cyw43_ll.c.obj
 .text.cyw43_read_backplane.constprop.0
                0x10008310       0xe4 CMakeFiles/main.dir/home/jthro/pico/pico-sdk/lib/cyw43-driver/src/cyw43_ll.c.obj
 .text.reset_device_core.constprop.0
                0x100083f4      0x410 CMakeFiles/main.dir/home/jthro/pico/pico-sdk/lib/cyw43-driver/src/cyw43_ll.c.obj
 .text.cyw43_ll_init
                0x10008804       0x1c CMakeFiles/main.dir/home/jthro/pico/pico-sdk/lib/cyw43-driver/src/cyw43_ll.c.obj
                0x10008804                cyw43_ll_init
 .text.cyw43_ll_deinit
                0x10008820        0x8 CMakeFiles/main.dir/home/jthro/pico/pico-sdk/lib/cyw43-driver/src/cyw43_ll.c.obj
                0x10008820                cyw43_ll_deinit
 .text.cyw43_ll_process_packets
                0x10008828       0x54 CMakeFiles/main.dir/home/jthro/pico/pico-sdk/lib/cyw43-driver/src/cyw43_ll.c.obj
                0x10008828                cyw43_ll_process_packets
 .text.cyw43_ll_ioctl
                0x1000887c       0x20 CMakeFiles/main.dir/home/jthro/pico/pico-sdk/lib/cyw43-driver/src/cyw43_ll.c.obj
                0x1000887c                cyw43_ll_ioctl
 .text.cyw43_ll_bus_sleep
                0x1000889c       0x34 CMakeFiles/main.dir/home/jthro/pico/pico-sdk/lib/cyw43-driver/src/cyw43_ll.c.obj
                0x1000889c                cyw43_ll_bus_sleep
 .text.cyw43_ll_bus_init
                0x100088d0      0xb6c CMakeFiles/main.dir/home/jthro/pico/pico-sdk/lib/cyw43-driver/src/cyw43_ll.c.obj
                0x100088d0                cyw43_ll_bus_init
 .text.cyw43_ll_wifi_get_mac
                0x1000943c       0x40 CMakeFiles/main.dir/home/jthro/pico/pico-sdk/lib/cyw43-driver/src/cyw43_ll.c.obj
                0x1000943c                cyw43_ll_wifi_get_mac
 .text.cyw43_ll_wifi_set_wpa_auth
                0x1000947c       0x2c CMakeFiles/main.dir/home/jthro/pico/pico-sdk/lib/cyw43-driver/src/cyw43_ll.c.obj
                0x1000947c                cyw43_ll_wifi_set_wpa_auth
 .text.cyw43_ll_wifi_rejoin
                0x100094a8       0x1c CMakeFiles/main.dir/home/jthro/pico/pico-sdk/lib/cyw43-driver/src/cyw43_ll.c.obj
                0x100094a8                cyw43_ll_wifi_rejoin
 .text.cyw43_ll_gpio_set
                0x100094c4       0x68 CMakeFiles/main.dir/home/jthro/pico/pico-sdk/lib/cyw43-driver/src/cyw43_ll.c.obj
                0x100094c4                cyw43_ll_gpio_set
 .text.cyw43_ll_has_work
                0x1000952c       0x14 CMakeFiles/main.dir/home/jthro/pico/pico-sdk/lib/cyw43-driver/src/cyw43_ll.c.obj
                0x1000952c                cyw43_ll_has_work
 .text.cyw43_poll_func
                0x10009540       0xc0 CMakeFiles/main.dir/home/jthro/pico/pico-sdk/lib/cyw43-driver/src/cyw43_ctrl.c.obj
 .text.cyw43_init
                0x10009600       0x6c CMakeFiles/main.dir/home/jthro/pico/pico-sdk/lib/cyw43-driver/src/cyw43_ctrl.c.obj
                0x10009600                cyw43_init
 .text.cyw43_deinit
                0x1000966c       0x90 CMakeFiles/main.dir/home/jthro/pico/pico-sdk/lib/cyw43-driver/src/cyw43_ctrl.c.obj
                0x1000966c                cyw43_deinit
 .text.cyw43_cb_read_host_interrupt_pin
                0x100096fc        0xc CMakeFiles/main.dir/home/jthro/pico/pico-sdk/lib/cyw43-driver/src/cyw43_ctrl.c.obj
                0x100096fc                cyw43_cb_read_host_interrupt_pin
 .text.cyw43_cb_ensure_awake
                0x10009708        0xc CMakeFiles/main.dir/home/jthro/pico/pico-sdk/lib/cyw43-driver/src/cyw43_ctrl.c.obj
                0x10009708                cyw43_cb_ensure_awake
 .text.cyw43_cb_process_async_event
                0x10009714      0x214 CMakeFiles/main.dir/home/jthro/pico/pico-sdk/lib/cyw43-driver/src/cyw43_ctrl.c.obj
                0x10009714                cyw43_cb_process_async_event
 .text.cyw43_gpio_set
                0x10009928       0xa0 CMakeFiles/main.dir/home/jthro/pico/pico-sdk/lib/cyw43-driver/src/cyw43_ctrl.c.obj
                0x10009928                cyw43_gpio_set
 .text.pio_sm_unclaim
                0x100099c8       0x20 CMakeFiles/main.dir/home/jthro/pico/pico-sdk/src/rp2_common/hardware_pio/pio.c.obj
                0x100099c8                pio_sm_unclaim
 .text.pio_claim_unused_sm
                0x100099e8       0x3c CMakeFiles/main.dir/home/jthro/pico/pico-sdk/src/rp2_common/hardware_pio/pio.c.obj
                0x100099e8                pio_claim_unused_sm
 .text.pio_can_add_program
                0x10009a24       0x68 CMakeFiles/main.dir/home/jthro/pico/pico-sdk/src/rp2_common/hardware_pio/pio.c.obj
                0x10009a24                pio_can_add_program
 .text.pio_add_program
                0x10009a8c       0xf0 CMakeFiles/main.dir/home/jthro/pico/pico-sdk/src/rp2_common/hardware_pio/pio.c.obj
                0x10009a8c                pio_add_program
 .text.pio_remove_program
                0x10009b7c       0x34 CMakeFiles/main.dir/home/jthro/pico/pico-sdk/src/rp2_common/hardware_pio/pio.c.obj
                0x10009b7c                pio_remove_program
 .text.pio_sm_set_pindirs_with_mask
                0x10009bb0       0xa8 CMakeFiles/main.dir/home/jthro/pico/pico-sdk/src/rp2_common/hardware_pio/pio.c.obj
                0x10009bb0                pio_sm_set_pindirs_with_mask
 .text.pio_sm_set_consecutive_pindirs
                0x10009c58       0xa8 CMakeFiles/main.dir/home/jthro/pico/pico-sdk/src/rp2_common/hardware_pio/pio.c.obj
                0x10009c58                pio_sm_set_consecutive_pindirs
 .text.dma_channel_unclaim
                0x10009d00       0x14 CMakeFiles/main.dir/home/jthro/pico/pico-sdk/src/rp2_common/hardware_dma/dma.c.obj
                0x10009d00                dma_channel_unclaim
 .text.dma_claim_unused_channel
                0x10009d14       0x24 CMakeFiles/main.dir/home/jthro/pico/pico-sdk/src/rp2_common/hardware_dma/dma.c.obj
                0x10009d14                dma_claim_unused_channel
 .text.dma_channel_cleanup
                0x10009d38       0x60 CMakeFiles/main.dir/home/jthro/pico/pico-sdk/src/rp2_common/hardware_dma/dma.c.obj
                0x10009d38                dma_channel_cleanup
 .text.cyw43_sleep_timeout_reached
                0x10009d98       0x10 CMakeFiles/main.dir/home/jthro/pico/pico-sdk/src/rp2_common/pico_cyw43_driver/cyw43_driver.c.obj
 .text.cyw43_irq_init
                0x10009da8       0x28 CMakeFiles/main.dir/home/jthro/pico/pico-sdk/src/rp2_common/pico_cyw43_driver/cyw43_driver.c.obj
                0x10009da8                cyw43_irq_init
 .text.cyw43_irq_deinit
                0x10009dd0       0x20 CMakeFiles/main.dir/home/jthro/pico/pico-sdk/src/rp2_common/pico_cyw43_driver/cyw43_driver.c.obj
                0x10009dd0                cyw43_irq_deinit
 .text.cyw43_gpio_irq_handler
                0x10009df0       0x44 CMakeFiles/main.dir/home/jthro/pico/pico-sdk/src/rp2_common/pico_cyw43_driver/cyw43_driver.c.obj
 .text.cyw43_do_poll
                0x10009e34       0x70 CMakeFiles/main.dir/home/jthro/pico/pico-sdk/src/rp2_common/pico_cyw43_driver/cyw43_driver.c.obj
 .text.cyw43_post_poll_hook
                0x10009ea4       0x10 CMakeFiles/main.dir/home/jthro/pico/pico-sdk/src/rp2_common/pico_cyw43_driver/cyw43_driver.c.obj
                0x10009ea4                cyw43_post_poll_hook
 .text.cyw43_schedule_internal_poll_dispatch
                0x10009eb4       0x18 CMakeFiles/main.dir/home/jthro/pico/pico-sdk/src/rp2_common/pico_cyw43_driver/cyw43_driver.c.obj
                0x10009eb4                cyw43_schedule_internal_poll_dispatch
 .text.cyw43_driver_init
                0x10009ecc       0x38 CMakeFiles/main.dir/home/jthro/pico/pico-sdk/src/rp2_common/pico_cyw43_driver/cyw43_driver.c.obj
                0x10009ecc                cyw43_driver_init
 .text.cyw43_driver_deinit
                0x10009f04       0x44 CMakeFiles/main.dir/home/jthro/pico/pico-sdk/src/rp2_common/pico_cyw43_driver/cyw43_driver.c.obj
                0x10009f04                cyw43_driver_deinit
 .text.cyw43_hal_generate_laa_mac
                0x10009f48       0x28 CMakeFiles/main.dir/home/jthro/pico/pico-sdk/src/rp2_common/pico_cyw43_driver/cyw43_driver.c.obj
                0x10009f48                cyw43_hal_generate_laa_mac
 .text.cyw43_thread_enter
                0x10009f70       0x14 CMakeFiles/main.dir/home/jthro/pico/pico-sdk/src/rp2_common/pico_cyw43_driver/cyw43_driver.c.obj
                0x10009f70                cyw43_thread_enter
 .text.cyw43_thread_exit
                0x10009f84       0x14 CMakeFiles/main.dir/home/jthro/pico/pico-sdk/src/rp2_common/pico_cyw43_driver/cyw43_driver.c.obj
                0x10009f84                cyw43_thread_exit
 .text.cyw43_await_background_or_timeout_us
                0x10009f98       0x34 CMakeFiles/main.dir/home/jthro/pico/pico-sdk/src/rp2_common/pico_cyw43_driver/cyw43_driver.c.obj
                0x10009f98                cyw43_await_background_or_timeout_us
 .text.cyw43_delay_ms
                0x10009fcc       0x48 CMakeFiles/main.dir/home/jthro/pico/pico-sdk/src/rp2_common/pico_cyw43_driver/cyw43_driver.c.obj
                0x10009fcc                cyw43_delay_ms
 .text.cyw43_cb_tcpip_deinit
                0x1000a014        0x4 CMakeFiles/main.dir/home/jthro/pico/pico-sdk/src/rp2_common/pico_cyw43_driver/cyw43_driver.c.obj
                0x1000a014                cyw43_cb_tcpip_deinit
 .text.cyw43_cb_tcpip_set_link_up
                0x1000a018        0xc CMakeFiles/main.dir/home/jthro/pico/pico-sdk/src/rp2_common/pico_cyw43_driver/cyw43_driver.c.obj
                0x1000a018                cyw43_cb_tcpip_set_link_up
 .text.cyw43_cb_tcpip_set_link_down
                0x1000a024        0xc CMakeFiles/main.dir/home/jthro/pico/pico-sdk/src/rp2_common/pico_cyw43_driver/cyw43_driver.c.obj
                0x1000a024                cyw43_cb_tcpip_set_link_down
 .text.cyw43_cb_process_ethernet
                0x1000a030        0xc CMakeFiles/main.dir/home/jthro/pico/pico-sdk/src/rp2_common/pico_cyw43_driver/cyw43_driver.c.obj
                0x1000a030                cyw43_cb_process_ethernet
 .text.handle_sync_func_call
                0x1000a03c       0x24 CMakeFiles/main.dir/home/jthro/pico/pico-sdk/src/rp2_common/pico_async_context/async_context_threadsafe_background.c.obj
 .text.async_context_threadsafe_background_acquire_lock_blocking
                0x1000a060        0xc CMakeFiles/main.dir/home/jthro/pico/pico-sdk/src/rp2_common/pico_async_context/async_context_threadsafe_background.c.obj
 .text.process_under_lock
                0x1000a06c       0xcc CMakeFiles/main.dir/home/jthro/pico/pico-sdk/src/rp2_common/pico_async_context/async_context_threadsafe_background.c.obj
 .text.async_context_threadsafe_background_deinit
                0x1000a138       0x64 CMakeFiles/main.dir/home/jthro/pico/pico-sdk/src/rp2_common/pico_async_context/async_context_threadsafe_background.c.obj
 .text.low_priority_irq_handler
                0x1000a19c       0x3c CMakeFiles/main.dir/home/jthro/pico/pico-sdk/src/rp2_common/pico_async_context/async_context_threadsafe_background.c.obj
 .text.async_context_threadsafe_background_wait_for_work_until
                0x1000a1d8        0xc CMakeFiles/main.dir/home/jthro/pico/pico-sdk/src/rp2_common/pico_async_context/async_context_threadsafe_background.c.obj
 .text.async_context_threadsafe_background_wait_until
                0x1000a1e4       0x1c CMakeFiles/main.dir/home/jthro/pico/pico-sdk/src/rp2_common/pico_async_context/async_context_threadsafe_background.c.obj
 .text.async_context_threadsafe_background_execute_sync
                0x1000a200       0xe4 CMakeFiles/main.dir/home/jthro/pico/pico-sdk/src/rp2_common/pico_async_context/async_context_threadsafe_background.c.obj
                0x1000a200                async_context_threadsafe_background_execute_sync
 .text.async_context_threadsafe_background_lock_check
                0x1000a2e4       0x28 CMakeFiles/main.dir/home/jthro/pico/pico-sdk/src/rp2_common/pico_async_context/async_context_threadsafe_background.c.obj
 .text.async_context_threadsafe_background_set_work_pending
                0x1000a30c       0x50 CMakeFiles/main.dir/home/jthro/pico/pico-sdk/src/rp2_common/pico_async_context/async_context_threadsafe_background.c.obj
 .text.alarm_handler
                0x1000a35c       0x58 CMakeFiles/main.dir/home/jthro/pico/pico-sdk/src/rp2_common/pico_async_context/async_context_threadsafe_background.c.obj
 .text.async_context_threadsafe_background_release_lock
                0x1000a3b4       0x7c CMakeFiles/main.dir/home/jthro/pico/pico-sdk/src/rp2_common/pico_async_context/async_context_threadsafe_background.c.obj
 .text.async_context_threadsafe_background_when_pending_worker
                0x1000a430       0x90 CMakeFiles/main.dir/home/jthro/pico/pico-sdk/src/rp2_common/pico_async_context/async_context_threadsafe_background.c.obj
 .text.async_context_threadsafe_background_add_at_time_worker
                0x1000a4c0       0x90 CMakeFiles/main.dir/home/jthro/pico/pico-sdk/src/rp2_common/pico_async_context/async_context_threadsafe_background.c.obj
 .text.async_context_threadsafe_background_remove_at_time_worker
                0x1000a550       0x90 CMakeFiles/main.dir/home/jthro/pico/pico-sdk/src/rp2_common/pico_async_context/async_context_threadsafe_background.c.obj
 .text.async_context_threadsafe_background_add_when_pending_worker
                0x1000a5e0       0x90 CMakeFiles/main.dir/home/jthro/pico/pico-sdk/src/rp2_common/pico_async_context/async_context_threadsafe_background.c.obj
 .text.async_context_threadsafe_background_default_config
                0x1000a670        0xc CMakeFiles/main.dir/home/jthro/pico/pico-sdk/src/rp2_common/pico_async_context/async_context_threadsafe_background.c.obj
                0x1000a670                async_context_threadsafe_background_default_config
 .text.async_context_threadsafe_background_init
                0x1000a67c       0xa4 CMakeFiles/main.dir/home/jthro/pico/pico-sdk/src/rp2_common/pico_async_context/async_context_threadsafe_background.c.obj
                0x1000a67c                async_context_threadsafe_background_init
 .text.async_context_base_add_at_time_worker
                0x1000a720       0x24 CMakeFiles/main.dir/home/jthro/pico/pico-sdk/src/rp2_common/pico_async_context/async_context_base.c.obj
                0x1000a720                async_context_base_add_at_time_worker
 .text.async_context_base_remove_at_time_worker
                0x1000a744       0x28 CMakeFiles/main.dir/home/jthro/pico/pico-sdk/src/rp2_common/pico_async_context/async_context_base.c.obj
                0x1000a744                async_context_base_remove_at_time_worker
 .text.async_context_base_add_when_pending_worker
                0x1000a76c       0x24 CMakeFiles/main.dir/home/jthro/pico/pico-sdk/src/rp2_common/pico_async_context/async_context_base.c.obj
                0x1000a76c                async_context_base_add_when_pending_worker
 .text.async_context_base_remove_when_pending_worker
                0x1000a790       0x28 CMakeFiles/main.dir/home/jthro/pico/pico-sdk/src/rp2_common/pico_async_context/async_context_base.c.obj
                0x1000a790                async_context_base_remove_when_pending_worker
 .text.async_context_base_execute_once
                0x1000a7b8      0x108 CMakeFiles/main.dir/home/jthro/pico/pico-sdk/src/rp2_common/pico_async_context/async_context_base.c.obj
                0x1000a7b8                async_context_base_execute_once
 .text.async_context_base_needs_servicing
                0x1000a8c0       0x54 CMakeFiles/main.dir/home/jthro/pico/pico-sdk/src/rp2_common/pico_async_context/async_context_base.c.obj
                0x1000a8c0                async_context_base_needs_servicing
 .text.atexit   0x1000a914       0x10 /usr/lib/gcc/arm-none-eabi/13.2.0/../../../../arm-none-eabi/lib/thumb/v6-m/nofp/libc.a(libc_a-atexit.o)
                0x1000a914                atexit
 .text.calloc   0x1000a924       0x18 /usr/lib/gcc/arm-none-eabi/13.2.0/../../../../arm-none-eabi/lib/thumb/v6-m/nofp/libc.a(libc_a-calloc.o)
                0x1000a924                calloc
 .text._calloc_r
                0x1000a93c       0xa8 /usr/lib/gcc/arm-none-eabi/13.2.0/../../../../arm-none-eabi/lib/thumb/v6-m/nofp/libc.a(libc_a-callocr.o)
                0x1000a93c                _calloc_r
 .text.malloc   0x1000a9e4       0x14 /usr/lib/gcc/arm-none-eabi/13.2.0/../../../../arm-none-eabi/lib/thumb/v6-m/nofp/libc.a(libc_a-malloc.o)
                0x1000a9e4                malloc
 .text.free     0x1000a9f8       0x14 /usr/lib/gcc/arm-none-eabi/13.2.0/../../../../arm-none-eabi/lib/thumb/v6-m/nofp/libc.a(libc_a-malloc.o)
                0x1000a9f8                free
 .text._malloc_r
                0x1000aa0c      0x5c4 /usr/lib/gcc/arm-none-eabi/13.2.0/../../../../arm-none-eabi/lib/thumb/v6-m/nofp/libc.a(libc_a-mallocr.o)
                0x1000aa0c                _malloc_r
 .text.__malloc_lock
                0x1000afd0       0x10 /usr/lib/gcc/arm-none-eabi/13.2.0/../../../../arm-none-eabi/lib/thumb/v6-m/nofp/libc.a(libc_a-mlock.o)
                0x1000afd0                __malloc_lock
 .text.__malloc_unlock
                0x1000afe0       0x10 /usr/lib/gcc/arm-none-eabi/13.2.0/../../../../arm-none-eabi/lib/thumb/v6-m/nofp/libc.a(libc_a-mlock.o)
                0x1000afe0                __malloc_unlock
 .text.memmove  0x1000aff0       0xb0 /usr/lib/gcc/arm-none-eabi/13.2.0/../../../../arm-none-eabi/lib/thumb/v6-m/nofp/libc.a(libc_a-memmove.o)
                0x1000aff0                memmove
 .text.strncmp  0x1000b0a0       0x74 /usr/lib/gcc/arm-none-eabi/13.2.0/../../../../arm-none-eabi/lib/thumb/v6-m/nofp/libc.a(libc_a-strncmp.o)
                0x1000b0a0                strncmp
 .text._sbrk_r  0x1000b114       0x24 /usr/lib/gcc/arm-none-eabi/13.2.0/../../../../arm-none-eabi/lib/thumb/v6-m/nofp/libc.a(libc_a-sbrkr.o)
                0x1000b114                _sbrk_r
 .text.__errno  0x1000b138        0xc /usr/lib/gcc/arm-none-eabi/13.2.0/../../../../arm-none-eabi/lib/thumb/v6-m/nofp/libc.a(libc_a-errno.o)
                0x1000b138                __errno
 .text.__libc_fini_array
                0x1000b144       0x28 /usr/lib/gcc/arm-none-eabi/13.2.0/../../../../arm-none-eabi/lib/thumb/v6-m/nofp/libc.a(libc_a-fini.o)
                0x1000b144                __libc_fini_array
 .text.__retarget_lock_acquire_recursive
                0x1000b16c        0x4 /usr/lib/gcc/arm-none-eabi/13.2.0/../../../../arm-none-eabi/lib/thumb/v6-m/nofp/libc.a(libc_a-lock.o)
                0x1000b16c                __retarget_lock_acquire_recursive
 .text.__retarget_lock_release_recursive
                0x1000b170        0x4 /usr/lib/gcc/arm-none-eabi/13.2.0/../../../../arm-none-eabi/lib/thumb/v6-m/nofp/libc.a(libc_a-lock.o)
                0x1000b170                __retarget_lock_release_recursive
 .text.sysconf  0x1000b174       0x1c /usr/lib/gcc/arm-none-eabi/13.2.0/../../../../arm-none-eabi/lib/thumb/v6-m/nofp/libc.a(libc_a-sysconf.o)
                0x1000b174                sysconf
 .text.strlen   0x1000b190       0x5c /usr/lib/gcc/arm-none-eabi/13.2.0/../../../../arm-none-eabi/lib/thumb/v6-m/nofp/libc.a(libc_a-strlen-stub.o)
                0x1000b190                strlen
 .text.__register_exitproc
                0x1000b1ec       0xa8 /usr/lib/gcc/arm-none-eabi/13.2.0/../../../../arm-none-eabi/lib/thumb/v6-m/nofp/libc.a(libc_a-__atexit.o)
                0x1000b1ec                __register_exitproc
 .text.startup.register_fini
                0x1000b294       0x18 /usr/lib/gcc/arm-none-eabi/13.2.0/../../../../arm-none-eabi/lib/thumb/v6-m/nofp/libc.a(libc_a-__call_atexit.o)
 .text._malloc_trim_r
                0x1000b2ac       0xb4 /usr/lib/gcc/arm-none-eabi/13.2.0/../../../../arm-none-eabi/lib/thumb/v6-m/nofp/libc.a(libc_a-freer.o)
                0x1000b2ac                _malloc_trim_r
 .text._free_r  0x1000b360      0x1d4 /usr/lib/gcc/arm-none-eabi/13.2.0/../../../../arm-none-eabi/lib/thumb/v6-m/nofp/libc.a(libc_a-freer.o)
                0x1000b360                _free_r
 *(.fini)
 .fini          0x1000b534        0x4 /usr/lib/gcc/arm-none-eabi/13.2.0/thumb/v6-m/nofp/crti.o
                0x1000b534                _fini
 .fini.__stub   0x1000b538      0x130 linker stubs
 *crtbegin.o(.ctors)
 *crtbegin?.o(.ctors)
 *(EXCLUDE_FILE(*crtend.o *crtend?.o) .ctors)
 *(SORT_BY_NAME(.ctors.*))
 *(.ctors)
 *crtbegin.o(.dtors)
 *crtbegin?.o(.dtors)
 *(EXCLUDE_FILE(*crtend.o *crtend?.o) .dtors)
 *(SORT_BY_NAME(.dtors.*))
 *(.dtors)
 *(.eh_frame*)
 .eh_frame      0x1000b668        0x0 /usr/lib/gcc/arm-none-eabi/13.2.0/thumb/v6-m/nofp/crtbegin.o
                0x1000b668                        . = ALIGN (0x4)

.glue_7         0x1000b668        0x0
 .glue_7        0x1000b668        0x0 linker stubs

.glue_7t        0x1000b668        0x0
 .glue_7t       0x1000b668        0x0 linker stubs

.vfp11_veneer   0x1000b668        0x0
 .vfp11_veneer  0x1000b668        0x0 linker stubs

.v4_bx          0x1000b668        0x0
 .v4_bx         0x1000b668        0x0 linker stubs

.iplt           0x1000b668        0x0
 .iplt          0x1000b668        0x0 /usr/lib/gcc/arm-none-eabi/13.2.0/thumb/v6-m/nofp/crtbegin.o

.rodata         0x1000b668    0x37ea0
 *(EXCLUDE_FILE(*libm.a: *libc.a:*lib_a-mem*.o *libgcc.a:) .rodata*)
 .rodata.main.str1.4
                0x1000b668      0x57c CMakeFiles/main.dir/main.c.obj
                                 0x12 (size before relaxing)
 .rodata.str1.4
                0x1000bbe4       0x25 CMakeFiles/main.dir/main.c.obj
 .rodata.__bi_14.0
                0x1000bbe4        0xc CMakeFiles/main.dir/main.c.obj
 .rodata.__bi_15.1
                0x1000bbf0        0xc CMakeFiles/main.dir/main.c.obj
 .rodata.spin_lock_claim_unused.str1.4
                0x1000bbfc       0x1b CMakeFiles/main.dir/home/jthro/pico/pico-sdk/src/rp2_common/hardware_sync/sync.c.obj
 .rodata.user_irq_claim_unused.str1.4
                0x1000bbfc       0x1b CMakeFiles/main.dir/home/jthro/pico/pico-sdk/src/rp2_common/hardware_irq/irq.c.obj
 *fill*         0x1000bbfc        0x4 
 .rodata.at_the_end_of_time
                0x1000bc00        0x8 CMakeFiles/main.dir/home/jthro/pico/pico-sdk/src/common/pico_time/time.c.obj
                0x1000bc00                at_the_end_of_time
 .rodata.hardware_alarm_claim.str1.4
                0x1000bc08       0x22 CMakeFiles/main.dir/home/jthro/pico/pico-sdk/src/rp2_common/hardware_timer/timer.c.obj
 .rodata.hardware_alarm_claim_unused.str1.4
                0x1000bc08       0x14 CMakeFiles/main.dir/home/jthro/pico/pico-sdk/src/rp2_common/hardware_timer/timer.c.obj
 .rodata.panic.str1.4
                0x1000bc08       0x12 CMakeFiles/main.dir/home/jthro/pico/pico-sdk/src/rp2_common/pico_runtime/runtime.c.obj
 .rodata.hard_assertion_failure.str1.4
                0x1000bc08        0xc CMakeFiles/main.dir/home/jthro/pico/pico-sdk/src/rp2_common/pico_runtime/runtime.c.obj
 .rodata._ftoa.str1.4
                0x1000bc08       0x15 CMakeFiles/main.dir/home/jthro/pico/pico-sdk/src/rp2_common/pico_printf/printf.c.obj
 .rodata._vsnprintf
                0x1000bc08      0x19c CMakeFiles/main.dir/home/jthro/pico/pico-sdk/src/rp2_common/pico_printf/printf.c.obj
 *fill*         0x1000bda4        0x4 
 .rodata.pow10.0
                0x1000bda8       0x50 CMakeFiles/main.dir/home/jthro/pico/pico-sdk/src/rp2_common/pico_printf/printf.c.obj
 .rodata.missing_double_func_shim.str1.4
                0x1000bdf8       0x18 CMakeFiles/main.dir/home/jthro/pico/pico-sdk/src/rp2_common/pico_double/double_init_rom.c.obj
 .rodata.missing_float_func_shim.str1.4
                0x1000bdf8        0x1 CMakeFiles/main.dir/home/jthro/pico/pico-sdk/src/rp2_common/pico_float/float_init_rom.c.obj
 .rodata.__wrap_malloc.str1.4
                0x1000bdf8        0xe CMakeFiles/main.dir/home/jthro/pico/pico-sdk/src/rp2_common/pico_malloc/pico_malloc.c.obj
 .rodata.str1.4
                0x1000bdf8       0x3c CMakeFiles/main.dir/home/jthro/pico/pico-sdk/src/rp2_common/pico_standard_link/binary_info.c.obj
 .rodata.__bi_81
                0x1000bdf8        0xc CMakeFiles/main.dir/home/jthro/pico/pico-sdk/src/rp2_common/pico_standard_link/binary_info.c.obj
 .rodata.__bi_75
                0x1000be04        0xc CMakeFiles/main.dir/home/jthro/pico/pico-sdk/src/rp2_common/pico_standard_link/binary_info.c.obj
 .rodata.__bi_44
                0x1000be10        0xc CMakeFiles/main.dir/home/jthro/pico/pico-sdk/src/rp2_common/pico_standard_link/binary_info.c.obj
 .rodata.crlf_str.0
                0x1000be1c        0x2 CMakeFiles/main.dir/home/jthro/pico/pico-sdk/src/rp2_common/pico_stdio/stdio.c.obj
 *fill*         0x1000be1e        0x2 
 .rodata._resetd_driver
                0x1000be20       0x18 CMakeFiles/main.dir/home/jthro/pico/pico-sdk/src/rp2_common/pico_stdio_usb/reset_interface.c.obj
 .rodata.str1.4
                0x1000be38       0x13 CMakeFiles/main.dir/home/jthro/pico/pico-sdk/src/rp2_common/pico_stdio_usb/stdio_usb.c.obj
 .rodata.__bi_182.0
                0x1000be38        0xc CMakeFiles/main.dir/home/jthro/pico/pico-sdk/src/rp2_common/pico_stdio_usb/stdio_usb.c.obj
 .rodata.str1.4
                0x1000be44       0x2a CMakeFiles/main.dir/home/jthro/pico/pico-sdk/src/rp2_common/pico_stdio_usb/stdio_usb_descriptors.c.obj
 .rodata.usbd_desc_str
                0x1000be44       0x18 CMakeFiles/main.dir/home/jthro/pico/pico-sdk/src/rp2_common/pico_stdio_usb/stdio_usb_descriptors.c.obj
 .rodata.usbd_desc_cfg
                0x1000be5c       0x54 CMakeFiles/main.dir/home/jthro/pico/pico-sdk/src/rp2_common/pico_stdio_usb/stdio_usb_descriptors.c.obj
 .rodata.usbd_desc_device
                0x1000beb0       0x12 CMakeFiles/main.dir/home/jthro/pico/pico-sdk/src/rp2_common/pico_stdio_usb/stdio_usb_descriptors.c.obj
 .rodata.str1.4
                0x1000bec2       0x14 CMakeFiles/main.dir/home/jthro/pico/pico-sdk/lib/tinyusb/src/portable/raspberrypi/rp2040/dcd_rp2040.c.obj
 .rodata.str1.4
                0x1000bec2       0x53 CMakeFiles/main.dir/home/jthro/pico/pico-sdk/lib/tinyusb/src/portable/raspberrypi/rp2040/rp2040_usb.c.obj
 *fill*         0x1000bec2        0x2 
 .rodata.tud_task_ext
                0x1000bec4       0x8c CMakeFiles/main.dir/home/jthro/pico/pico-sdk/lib/tinyusb/src/device/usbd.c.obj
 .rodata._usbd_driver
                0x1000bf50       0x18 CMakeFiles/main.dir/home/jthro/pico/pico-sdk/lib/tinyusb/src/device/usbd.c.obj
 .rodata.cyw43_read_bytes.str1.4
                0x1000bf68       0x1a CMakeFiles/main.dir/home/jthro/pico/pico-sdk/src/rp2_common/pico_cyw43_driver/cyw43_bus_pio_spi.c.obj
 .rodata.cyw43_write_bytes.str1.4
                0x1000bf68        0xd CMakeFiles/main.dir/home/jthro/pico/pico-sdk/src/rp2_common/pico_cyw43_driver/cyw43_bus_pio_spi.c.obj
 .rodata.spi_gap01_sample0_program
                0x1000bf68        0x6 CMakeFiles/main.dir/home/jthro/pico/pico-sdk/src/rp2_common/pico_cyw43_driver/cyw43_bus_pio_spi.c.obj
 *fill*         0x1000bf6e        0x2 
 .rodata.spi_gap01_sample0_program_instructions
                0x1000bf70        0xc CMakeFiles/main.dir/home/jthro/pico/pico-sdk/src/rp2_common/pico_cyw43_driver/cyw43_bus_pio_spi.c.obj
 .rodata.cyw43_kso_set.str1.4
                0x1000bf7c       0x23 CMakeFiles/main.dir/home/jthro/pico/pico-sdk/lib/cyw43-driver/src/cyw43_ll.c.obj
 .rodata.cyw43_ll_sdpcm_poll_device.str1.4
                0x1000bf7c       0x55 CMakeFiles/main.dir/home/jthro/pico/pico-sdk/lib/cyw43-driver/src/cyw43_ll.c.obj
 .rodata.cyw43_sdpcm_send_common.str1.4
                0x1000bf7c       0x22 CMakeFiles/main.dir/home/jthro/pico/pico-sdk/lib/cyw43-driver/src/cyw43_ll.c.obj
 .rodata.cyw43_do_ioctl.str1.4
                0x1000bf7c       0x53 CMakeFiles/main.dir/home/jthro/pico/pico-sdk/lib/cyw43-driver/src/cyw43_ll.c.obj
 .rodata.reset_device_core.constprop.0.str1.4
                0x1000bf7c       0x1a CMakeFiles/main.dir/home/jthro/pico/pico-sdk/lib/cyw43-driver/src/cyw43_ll.c.obj
 .rodata.cyw43_ll_bus_init.str1.4
                0x1000bf7c       0xfe CMakeFiles/main.dir/home/jthro/pico/pico-sdk/lib/cyw43-driver/src/cyw43_ll.c.obj
 .rodata.cyw43_ll_gpio_set.str1.4
                0x1000bf7c        0x8 CMakeFiles/main.dir/home/jthro/pico/pico-sdk/lib/cyw43-driver/src/cyw43_ll.c.obj
 .rodata.w43439A0_7_95_49_00_combined
                0x1000bf7c    0x36fd8 CMakeFiles/main.dir/home/jthro/pico/pico-sdk/lib/cyw43-driver/src/cyw43_ll.c.obj
 .rodata.wifi_nvram_4343
                0x10042f54      0x2e7 CMakeFiles/main.dir/home/jthro/pico/pico-sdk/lib/cyw43-driver/src/cyw43_ll.c.obj
 *fill*         0x1004323b        0x1 
 .rodata        0x1004323c       0x72 CMakeFiles/main.dir/home/jthro/pico/pico-sdk/lib/cyw43-driver/src/cyw43_ll.c.obj
 .rodata.cyw43_cb_process_async_event.str1.4
                0x100432ae       0x28 CMakeFiles/main.dir/home/jthro/pico/pico-sdk/lib/cyw43-driver/src/cyw43_ctrl.c.obj
 *fill*         0x100432ae        0x2 
 .rodata.cyw43_cb_process_async_event
                0x100432b0       0xbc CMakeFiles/main.dir/home/jthro/pico/pico-sdk/lib/cyw43-driver/src/cyw43_ctrl.c.obj
 .rodata.str1.4
                0x1004336c       0x9e CMakeFiles/main.dir/home/jthro/pico/pico-sdk/lib/cyw43-driver/src/cyw43_ctrl.c.obj
 .rodata.cyw43_async_event_name_table
                0x1004336c      0x164 CMakeFiles/main.dir/home/jthro/pico/pico-sdk/lib/cyw43-driver/src/cyw43_ctrl.c.obj
 .rodata.pio_claim_unused_sm.str1.4
                0x100434d0       0x24 CMakeFiles/main.dir/home/jthro/pico/pico-sdk/src/rp2_common/hardware_pio/pio.c.obj
 .rodata.pio_add_program.str1.4
                0x100434d0       0x11 CMakeFiles/main.dir/home/jthro/pico/pico-sdk/src/rp2_common/hardware_pio/pio.c.obj
 .rodata.dma_claim_unused_channel.str1.4
                0x100434d0       0x1e CMakeFiles/main.dir/home/jthro/pico/pico-sdk/src/rp2_common/hardware_dma/dma.c.obj
 .rodata.cyw43_cb_tcpip_set_link_up.str1.4
                0x100434d0       0x20 CMakeFiles/main.dir/home/jthro/pico/pico-sdk/src/rp2_common/pico_cyw43_driver/cyw43_driver.c.obj
 .rodata.async_context_threadsafe_background_lock_check.str1.4
                0x100434d0       0x20 CMakeFiles/main.dir/home/jthro/pico/pico-sdk/src/rp2_common/pico_async_context/async_context_threadsafe_background.c.obj
 .rodata.template
                0x100434d0       0x38 CMakeFiles/main.dir/home/jthro/pico/pico-sdk/src/rp2_common/pico_async_context/async_context_threadsafe_background.c.obj
                0x10043508                        . = ALIGN (0x4)
 *(SORT_BY_ALIGNMENT(SORT_BY_NAME(.flashdata*)))
                0x10043508                        . = ALIGN (0x4)

.ARM.extab
 *(.ARM.extab* .gnu.linkonce.armextab.*)
                0x10043508                        __exidx_start = .

.ARM.exidx
 *(.ARM.exidx* .gnu.linkonce.armexidx.*)
                0x10043508                        __exidx_end = .
                0x10043508                        . = ALIGN (0x4)
                0x10043508                        __binary_info_start = .

.binary_info    0x10043508       0x28
 *(.binary_info.keep.*)
 .binary_info.keep.__bi_ptr15
                0x10043508        0x4 CMakeFiles/main.dir/main.c.obj
 .binary_info.keep.__bi_ptr14
                0x1004350c        0x4 CMakeFiles/main.dir/main.c.obj
 .binary_info.keep.__bi_ptr81
                0x10043510        0x4 CMakeFiles/main.dir/home/jthro/pico/pico-sdk/src/rp2_common/pico_standard_link/binary_info.c.obj
 .binary_info.keep.__bi_ptr75
                0x10043514        0x4 CMakeFiles/main.dir/home/jthro/pico/pico-sdk/src/rp2_common/pico_standard_link/binary_info.c.obj
 .binary_info.keep.__bi_ptr50
                0x10043518        0x4 CMakeFiles/main.dir/home/jthro/pico/pico-sdk/src/rp2_common/pico_standard_link/binary_info.c.obj
 .binary_info.keep.__bi_ptr44
                0x1004351c        0x4 CMakeFiles/main.dir/home/jthro/pico/pico-sdk/src/rp2_common/pico_standard_link/binary_info.c.obj
 .binary_info.keep.__bi_ptr38
                0x10043520        0x4 CMakeFiles/main.dir/home/jthro/pico/pico-sdk/src/rp2_common/pico_standard_link/binary_info.c.obj
 .binary_info.keep.__bi_ptr30
                0x10043524        0x4 CMakeFiles/main.dir/home/jthro/pico/pico-sdk/src/rp2_common/pico_standard_link/binary_info.c.obj
 .binary_info.keep.__bi_ptr22
                0x10043528        0x4 CMakeFiles/main.dir/home/jthro/pico/pico-sdk/src/rp2_common/pico_standard_link/binary_info.c.obj
 *(.binary_info.*)
 .binary_info.__bi_ptr182
                0x1004352c        0x4 CMakeFiles/main.dir/home/jthro/pico/pico-sdk/src/rp2_common/pico_stdio_usb/stdio_usb.c.obj
                0x10043530                        __binary_info_end = .

.rel.dyn        0x10043530        0x0
 .rel.iplt      0x10043530        0x0 /usr/lib/gcc/arm-none-eabi/13.2.0/thumb/v6-m/nofp/crtbegin.o
                0x10043530                        . = ALIGN (0x4)

.ram_vector_table
                0x20000000       0xc0
 *(.ram_vector_table)
 .ram_vector_table
                0x20000000       0xc0 CMakeFiles/main.dir/home/jthro/pico/pico-sdk/src/rp2_common/pico_runtime/runtime.c.obj
                0x20000000                ram_vector_table

.data           0x200000c0     0x15c0 load address 0x10043530
                0x200000c0                        __data_start__ = .
 *(vtable)
 *(.time_critical*)
 .time_critical.sem_acquire_blocking
                0x200000c0       0x44 CMakeFiles/main.dir/home/jthro/pico/pico-sdk/src/common/pico_sync/sem.c.obj
                0x200000c0                sem_acquire_blocking
 .time_critical.sem_acquire_block_until
                0x20000104       0x68 CMakeFiles/main.dir/home/jthro/pico/pico-sdk/src/common/pico_sync/sem.c.obj
                0x20000104                sem_acquire_block_until
 .time_critical.sem_release
                0x2000016c       0x4c CMakeFiles/main.dir/home/jthro/pico/pico-sdk/src/common/pico_sync/sem.c.obj
                0x2000016c                sem_release
 .time_critical.mutex_enter_blocking
                0x200001b8       0x48 CMakeFiles/main.dir/home/jthro/pico/pico-sdk/src/common/pico_sync/mutex.c.obj
                0x200001b8                mutex_enter_blocking
 .time_critical.recursive_mutex_enter_blocking
                0x20000200       0x50 CMakeFiles/main.dir/home/jthro/pico/pico-sdk/src/common/pico_sync/mutex.c.obj
                0x20000200                recursive_mutex_enter_blocking
 .time_critical.mutex_try_enter
                0x20000250       0x40 CMakeFiles/main.dir/home/jthro/pico/pico-sdk/src/common/pico_sync/mutex.c.obj
                0x20000250                mutex_try_enter
 .time_critical.mutex_try_enter_block_until
                0x20000290       0x9c CMakeFiles/main.dir/home/jthro/pico/pico-sdk/src/common/pico_sync/mutex.c.obj
                0x20000290                mutex_try_enter_block_until
 .time_critical.recursive_mutex_try_enter
                0x2000032c       0x50 CMakeFiles/main.dir/home/jthro/pico/pico-sdk/src/common/pico_sync/mutex.c.obj
                0x2000032c                recursive_mutex_try_enter
 .time_critical.mutex_enter_timeout_ms
                0x2000037c       0x90 CMakeFiles/main.dir/home/jthro/pico/pico-sdk/src/common/pico_sync/mutex.c.obj
                0x2000037c                mutex_enter_timeout_ms
 .time_critical.mutex_exit
                0x2000040c       0x28 CMakeFiles/main.dir/home/jthro/pico/pico-sdk/src/common/pico_sync/mutex.c.obj
                0x2000040c                mutex_exit
 .time_critical.recursive_mutex_exit
                0x20000434       0x44 CMakeFiles/main.dir/home/jthro/pico/pico-sdk/src/common/pico_sync/mutex.c.obj
                0x20000434                recursive_mutex_exit
 .time_critical.flash_init_boot2_copyout
                0x20000478       0x30 CMakeFiles/main.dir/home/jthro/pico/pico-sdk/src/rp2_common/hardware_flash/flash.c.obj
 .time_critical.flash_enable_xip_via_boot2
                0x200004a8        0xc CMakeFiles/main.dir/home/jthro/pico/pico-sdk/src/rp2_common/hardware_flash/flash.c.obj
 .time_critical.flash_cs_force
                0x200004b4       0x38 CMakeFiles/main.dir/home/jthro/pico/pico-sdk/src/rp2_common/hardware_flash/flash.c.obj
 .time_critical.flash_do_cmd
                0x200004ec       0xc0 CMakeFiles/main.dir/home/jthro/pico/pico-sdk/src/rp2_common/hardware_flash/flash.c.obj
                0x200004ec                flash_do_cmd
 .time_critical.reset_non_control_endpoints
                0x200005ac       0x68 CMakeFiles/main.dir/home/jthro/pico/pico-sdk/lib/tinyusb/src/portable/raspberrypi/rp2040/dcd_rp2040.c.obj
 .time_critical.hw_handle_buff_status
                0x20000614       0xb0 CMakeFiles/main.dir/home/jthro/pico/pico-sdk/lib/tinyusb/src/portable/raspberrypi/rp2040/dcd_rp2040.c.obj
 .time_critical.dcd_rp2040_irq
                0x200006c4      0x510 CMakeFiles/main.dir/home/jthro/pico/pico-sdk/lib/tinyusb/src/portable/raspberrypi/rp2040/dcd_rp2040.c.obj
 .time_critical.e15_is_bulkin_ep
                0x20000bd4       0x28 CMakeFiles/main.dir/home/jthro/pico/pico-sdk/lib/tinyusb/src/portable/raspberrypi/rp2040/rp2040_usb.c.obj
 .time_critical.e15_is_critical_frame_period
                0x20000bfc       0x34 CMakeFiles/main.dir/home/jthro/pico/pico-sdk/lib/tinyusb/src/portable/raspberrypi/rp2040/rp2040_usb.c.obj
 .time_critical.prepare_ep_buffer
                0x20000c30       0x6c CMakeFiles/main.dir/home/jthro/pico/pico-sdk/lib/tinyusb/src/portable/raspberrypi/rp2040/rp2040_usb.c.obj
 .time_critical.sync_ep_buffer
                0x20000c9c       0x48 CMakeFiles/main.dir/home/jthro/pico/pico-sdk/lib/tinyusb/src/portable/raspberrypi/rp2040/rp2040_usb.c.obj
 .time_critical._hw_endpoint_xfer_sync
                0x20000ce4       0x28 CMakeFiles/main.dir/home/jthro/pico/pico-sdk/lib/tinyusb/src/portable/raspberrypi/rp2040/rp2040_usb.c.obj
 .time_critical.hw_endpoint_reset_transfer
                0x20000d0c        0xc CMakeFiles/main.dir/home/jthro/pico/pico-sdk/lib/tinyusb/src/portable/raspberrypi/rp2040/rp2040_usb.c.obj
                0x20000d0c                hw_endpoint_reset_transfer
 .time_critical._hw_endpoint_buffer_control_update32
                0x20000d18       0x58 CMakeFiles/main.dir/home/jthro/pico/pico-sdk/lib/tinyusb/src/portable/raspberrypi/rp2040/rp2040_usb.c.obj
                0x20000d18                _hw_endpoint_buffer_control_update32
 .time_critical.hw_endpoint_start_next_buffer
                0x20000d70       0x6c CMakeFiles/main.dir/home/jthro/pico/pico-sdk/lib/tinyusb/src/portable/raspberrypi/rp2040/rp2040_usb.c.obj
                0x20000d70                hw_endpoint_start_next_buffer
 .time_critical.hw_endpoint_xfer_continue
                0x20000ddc       0x50 CMakeFiles/main.dir/home/jthro/pico/pico-sdk/lib/tinyusb/src/portable/raspberrypi/rp2040/rp2040_usb.c.obj
                0x20000ddc                hw_endpoint_xfer_continue
 .time_critical.tinyusb
                0x20000e2c      0x16c CMakeFiles/main.dir/home/jthro/pico/pico-sdk/lib/tinyusb/src/device/usbd.c.obj
                0x20000e2c                dcd_event_handler
 *(.text*)
 .text          0x20000f98        0x4 /usr/lib/gcc/arm-none-eabi/13.2.0/thumb/v6-m/nofp/libgcc.a(_dvmd_tls.o)
                0x20000f98                __aeabi_ldiv0
                0x20000f98                __aeabi_idiv0
 *fill*         0x20000f9c        0x4 
 .text.__stub   0x20000fa0       0x70 linker stubs
                0x20001010                        . = ALIGN (0x4)
 *(.rodata*)
                0x20001010                        . = ALIGN (0x4)
 *(.data*)
 .data.striped_spin_lock_num
                0x20001010        0x1 CMakeFiles/main.dir/home/jthro/pico/pico-sdk/src/rp2_common/hardware_sync/sync.c.obj
 *fill*         0x20001011        0x3 
 .data          0x20001014       0x48 CMakeFiles/main.dir/home/jthro/pico/pico-sdk/src/rp2_common/hardware_irq/irq_handler_chain.S.obj
                0x20001014                irq_handler_chain_slots
                0x20001044                irq_handler_chain_first_slot
                0x2000104e                irq_handler_chain_remove_tail
 .data.default_alarm_pool
                0x2000105c       0x18 CMakeFiles/main.dir/home/jthro/pico/pico-sdk/src/common/pico_time/time.c.obj
 .data.default_alarm_pool_heap
                0x20001074       0x10 CMakeFiles/main.dir/home/jthro/pico/pico-sdk/src/common/pico_time/time.c.obj
 *fill*         0x20001084        0xc 
 .data.aeabi_bits_funcs
                0x20001090       0x10 CMakeFiles/main.dir/home/jthro/pico/pico-sdk/src/rp2_common/pico_bit_ops/bit_ops_aeabi.S.obj
                0x20001090                aeabi_bits_funcs
                0x200010a0                aeabi_bits_funcs_end
 .data.aeabi_mem_funcs
                0x200010a0       0x10 CMakeFiles/main.dir/home/jthro/pico/pico-sdk/src/rp2_common/pico_mem_ops/mem_ops_aeabi.S.obj
                0x200010a0                aeabi_mem_funcs
                0x200010b0                aeabi_mem_funcs_end
 .data.stdio_usb
                0x200010b0       0x18 CMakeFiles/main.dir/home/jthro/pico/pico-sdk/src/rp2_common/pico_stdio_usb/stdio_usb.c.obj
                0x200010b0                stdio_usb
 .data.ep_dir_string
                0x200010c8        0x8 CMakeFiles/main.dir/home/jthro/pico/pico-sdk/lib/tinyusb/src/portable/raspberrypi/rp2040/rp2040_usb.c.obj
                0x200010c8                ep_dir_string
 .data._usbd_qdef
                0x200010d0       0x1c CMakeFiles/main.dir/home/jthro/pico/pico-sdk/lib/tinyusb/src/device/usbd.c.obj
                0x200010d0                _usbd_qdef
 .data._usbd_rhport
                0x200010ec        0x1 CMakeFiles/main.dir/home/jthro/pico/pico-sdk/lib/tinyusb/src/device/usbd.c.obj
 *fill*         0x200010ed        0x3 
 .data.cyw43_poll_worker