Archive member included to satisfy reference by file (symbol)

/usr/lib/gcc/arm-none-eabi/13.2.0/thumb/v6-m/nofp/libgcc.a(_dvmd_tls.o)
                              CMakeFiles/run_servo_button.dir/home/jthro/pico/pico-sdk/src/rp2_common/pico_divider/divider.S.obj (__aeabi_idiv0)
/usr/lib/gcc/arm-none-eabi/13.2.0/../../../../arm-none-eabi/lib/thumb/v6-m/nofp/libc.a(libc_a-atexit.o)
                              /usr/lib/gcc/arm-none-eabi/13.2.0/../../../../arm-none-eabi/lib/thumb/v6-m/nofp/crt0.o (atexit)
/usr/lib/gcc/arm-none-eabi/13.2.0/../../../../arm-none-eabi/lib/thumb/v6-m/nofp/libc.a(libc_a-calloc.o)
                              CMakeFiles/run_servo_button.dir/home/jthro/pico/pico-sdk/src/rp2_common/pico_malloc/pico_malloc.c.obj (calloc)
/usr/lib/gcc/arm-none-eabi/13.2.0/../../../../arm-none-eabi/lib/thumb/v6-m/nofp/libc.a(libc_a-callocr.o)
                              /usr/lib/gcc/arm-none-eabi/13.2.0/../../../../arm-none-eabi/lib/thumb/v6-m/nofp/libc.a(libc_a-calloc.o) (_calloc_r)
/usr/lib/gcc/arm-none-eabi/13.2.0/../../../../arm-none-eabi/lib/thumb/v6-m/nofp/libc.a(libc_a-malloc.o)
                              CMakeFiles/run_servo_button.dir/home/jthro/pico/pico-sdk/src/rp2_common/pico_malloc/pico_malloc.c.obj (malloc)
/usr/lib/gcc/arm-none-eabi/13.2.0/../../../../arm-none-eabi/lib/thumb/v6-m/nofp/libc.a(libc_a-mallocr.o)
                              /usr/lib/gcc/arm-none-eabi/13.2.0/../../../../arm-none-eabi/lib/thumb/v6-m/nofp/libc.a(libc_a-callocr.o) (_malloc_r)
/usr/lib/gcc/arm-none-eabi/13.2.0/../../../../arm-none-eabi/lib/thumb/v6-m/nofp/libc.a(libc_a-mlock.o)
                              /usr/lib/gcc/arm-none-eabi/13.2.0/../../../../arm-none-eabi/lib/thumb/v6-m/nofp/libc.a(libc_a-mallocr.o) (__malloc_lock)
/usr/lib/gcc/arm-none-eabi/13.2.0/../../../../arm-none-eabi/lib/thumb/v6-m/nofp/libc.a(libc_a-realloc.o)
                              CMakeFiles/run_servo_button.dir/home/jthro/pico/pico-sdk/src/rp2_common/pico_malloc/pico_malloc.c.obj (realloc)
/usr/lib/gcc/arm-none-eabi/13.2.0/../../../../arm-none-eabi/lib/thumb/v6-m/nofp/libc.a(libc_a-reallocr.o)
                              /usr/lib/gcc/arm-none-eabi/13.2.0/../../../../arm-none-eabi/lib/thumb/v6-m/nofp/libc.a(libc_a-realloc.o) (_realloc_r)
/usr/lib/gcc/arm-none-eabi/13.2.0/../../../../arm-none-eabi/lib/thumb/v6-m/nofp/libc.a(libc_a-memcmp.o)
                              CMakeFiles/run_servo_button.dir/home/jthro/pico/pico-sdk/lib/cyw43-driver/src/cyw43_ll.c.obj (memcmp)
/usr/lib/gcc/arm-none-eabi/13.2.0/../../../../arm-none-eabi/lib/thumb/v6-m/nofp/libc.a(libc_a-memmove.o)
                              CMakeFiles/run_servo_button.dir/home/jthro/pico/pico-sdk/lib/cyw43-driver/src/cyw43_ll.c.obj (memmove)
/usr/lib/gcc/arm-none-eabi/13.2.0/../../../../arm-none-eabi/lib/thumb/v6-m/nofp/libc.a(libc_a-strncmp.o)
                              CMakeFiles/run_servo_button.dir/home/jthro/pico/pico-sdk/lib/cyw43-driver/src/cyw43_ll.c.obj (strncmp)
/usr/lib/gcc/arm-none-eabi/13.2.0/../../../../arm-none-eabi/lib/thumb/v6-m/nofp/libc.a(libc_a-impure.o)
                              /usr/lib/gcc/arm-none-eabi/13.2.0/../../../../arm-none-eabi/lib/thumb/v6-m/nofp/libc.a(libc_a-calloc.o) (_impure_ptr)
/usr/lib/gcc/arm-none-eabi/13.2.0/../../../../arm-none-eabi/lib/thumb/v6-m/nofp/libc.a(libc_a-sbrkr.o)
                              /usr/lib/gcc/arm-none-eabi/13.2.0/../../../../arm-none-eabi/lib/thumb/v6-m/nofp/libc.a(libc_a-mallocr.o) (_sbrk_r)
/usr/lib/gcc/arm-none-eabi/13.2.0/../../../../arm-none-eabi/lib/thumb/v6-m/nofp/libc.a(libc_a-errno.o)
                              /usr/lib/gcc/arm-none-eabi/13.2.0/../../../../arm-none-eabi/lib/thumb/v6-m/nofp/libc.a(libc_a-callocr.o) (__errno)
/usr/lib/gcc/arm-none-eabi/13.2.0/../../../../arm-none-eabi/lib/thumb/v6-m/nofp/libc.a(libc_a-init.o)
                              /usr/lib/gcc/arm-none-eabi/13.2.0/../../../../arm-none-eabi/lib/thumb/v6-m/nofp/crt0.o (__libc_init_array)
/usr/lib/gcc/arm-none-eabi/13.2.0/../../../../arm-none-eabi/lib/thumb/v6-m/nofp/libc.a(libc_a-fini.o)
                              /usr/lib/gcc/arm-none-eabi/13.2.0/../../../../arm-none-eabi/lib/thumb/v6-m/nofp/crt0.o (__libc_fini_array)
/usr/lib/gcc/arm-none-eabi/13.2.0/../../../../arm-none-eabi/lib/thumb/v6-m/nofp/libc.a(libc_a-lock.o)
                              /usr/lib/gcc/arm-none-eabi/13.2.0/../../../../arm-none-eabi/lib/thumb/v6-m/nofp/libc.a(libc_a-mlock.o) (__retarget_lock_acquire_recursive)
/usr/lib/gcc/arm-none-eabi/13.2.0/../../../../arm-none-eabi/lib/thumb/v6-m/nofp/libc.a(libc_a-sysconf.o)
                              /usr/lib/gcc/arm-none-eabi/13.2.0/../../../../arm-none-eabi/lib/thumb/v6-m/nofp/libc.a(libc_a-mallocr.o) (sysconf)
/usr/lib/gcc/arm-none-eabi/13.2.0/../../../../arm-none-eabi/lib/thumb/v6-m/nofp/libc.a(libc_a-strlen-stub.o)
                              CMakeFiles/run_servo_button.dir/home/jthro/pico/pico-sdk/src/rp2_common/pico_stdio/stdio.c.obj (strlen)
[...]
Memory Configuration

Name             Origin             Length             Attributes
FLASH            0x10000000         0x00200000         xr
RAM              0x20000000         0x00040000         xrw
SCRATCH_X        0x20040000         0x00001000         xrw
SCRATCH_Y        0x20041000         0x00001000         xrw
*default*        0x00000000         0xffffffff

Linker script and memory map

LOAD /usr/lib/gcc/arm-none-eabi/13.2.0/thumb/v6-m/nofp/crti.o
LOAD /usr/lib/gcc/arm-none-eabi/13.2.0/thumb/v6-m/nofp/crtbegin.o
LOAD /usr/lib/gcc/arm-none-eabi/13.2.0/../../../../arm-none-eabi/lib/thumb/v6-m/nofp/crt0.o

.flash_begin    0x10000000        0x0
                0x10000000                        __flash_binary_start = .

.boot2          0x10000000      0x100
                0x10000000                        __boot2_start__ = .
 *(.boot2)
 .boot2         0x10000000      0x100 /tmp/ccs71HO3.o
                0x10000100                        __boot2_end__ = .
                0x00000001                        ASSERT (((__boot2_end__ - __boot2_start__) == 0x100), ERROR: Pico second stage bootloader must be 256 bytes in size)

.text           0x10000100     0xa4d0
                0x10000100                        __logical_binary_start = .
 *(.vectors)
 .vectors       0x10000100       0xd4 CMakeFiles/run_servo_button.dir/home/jthro/pico/pico-sdk/src/rp2_common/pico_standard_link/crt0.S.obj
                0x10000100                __vectors
                0x10000100                __VECTOR_TABLE
                0x100001c0                isr_invalid
                0x100001c0                __default_isrs_start
                0x100001c2                isr_nmi
                0x100001c4                isr_hardfault
                0x100001c6                isr_svcall
                0x100001c8                isr_pendsv
                0x100001ca                isr_systick
                0x100001cc                isr_irq30
                0x100001cc                __unhandled_user_irq
                0x100001cc                isr_irq13
                0x100001cc                isr_irq27
                0x100001cc                isr_irq31
                0x100001cc                isr_irq5
                0x100001cc                isr_irq11
                0x100001cc                isr_irq23
                0x100001cc                isr_irq18
                0x100001cc                isr_irq28
                0x100001cc                isr_irq19
                0x100001cc                isr_irq0
                0x100001cc                isr_irq6
                0x100001cc                isr_irq22
                0x100001cc                isr_irq17
                0x100001cc                isr_irq14
                0x100001cc                isr_irq2
                0x100001cc                isr_irq10
                0x100001cc                isr_irq8
                0x100001cc                isr_irq24
                0x100001cc                isr_irq1
                0x100001cc                isr_irq7
                0x100001cc                isr_irq21
                0x100001cc                isr_irq20
                0x100001cc                isr_irq15
                0x100001cc                isr_irq25
                0x100001cc                isr_irq4
                0x100001cc                isr_irq16
                0x100001cc                isr_irq29
                0x100001cc                isr_irq26
                0x100001cc                __default_isrs_end
                0x100001cc                isr_irq3
                0x100001cc                isr_irq12
                0x100001cc                isr_irq9
                0x100001d2                unhandled_user_irq_num_in_r0
 *(.binary_info_header)
 .binary_info_header
                0x100001d4       0x14 CMakeFiles/run_servo_button.dir/home/jthro/pico/pico-sdk/src/rp2_common/pico_standard_link/crt0.S.obj
                0x100001e8                        __binary_info_header_end = .
 *(.reset)
 .reset         0x100001e8       0xa0 CMakeFiles/run_servo_button.dir/home/jthro/pico/pico-sdk/src/rp2_common/pico_standard_link/crt0.S.obj
                0x100001e8                _entry_point
 .reset         0x10000288       0x30 CMakeFiles/run_servo_button.dir/home/jthro/pico/pico-sdk/src/rp2_common/pico_standard_link/binary_info.c.obj
 *(.init)
 .init          0x100002b8        0x4 /usr/lib/gcc/arm-none-eabi/13.2.0/thumb/v6-m/nofp/crti.o
                0x100002b8                _init
 *(EXCLUDE_FILE(*libm.a: *libc.a:*lib_a-mem*.o *libgcc.a:) .text*)
 .text.frame_dummy
                0x100002bc       0x20 /usr/lib/gcc/arm-none-eabi/13.2.0/thumb/v6-m/nofp/crtbegin.o
 .text.startup.main
                0x100002dc      0x1d8 CMakeFiles/run_servo_button.dir/run_servo_button.c.obj
                0x100002dc                main
 .text.gpio_set_function
                0x100004b4       0x30 CMakeFiles/run_servo_button.dir/home/jthro/pico/pico-sdk/src/rp2_common/hardware_gpio/gpio.c.obj
                0x100004b4                gpio_set_function
 .text.gpio_set_pulls
                0x100004e4       0x24 CMakeFiles/run_servo_button.dir/home/jthro/pico/pico-sdk/src/rp2_common/hardware_gpio/gpio.c.obj
                0x100004e4                gpio_set_pulls
 .text.gpio_set_input_hysteresis_enabled
                0x10000508       0x28 CMakeFiles/run_servo_button.dir/home/jthro/pico/pico-sdk/src/rp2_common/hardware_gpio/gpio.c.obj
                0x10000508                gpio_set_input_hysteresis_enabled
 .text.gpio_set_irq_enabled
                0x10000530       0x54 CMakeFiles/run_servo_button.dir/home/jthro/pico/pico-sdk/src/rp2_common/hardware_gpio/gpio.c.obj
                0x10000530                gpio_set_irq_enabled
 .text.gpio_add_raw_irq_handler_with_order_priority_masked
                0x10000584       0x44 CMakeFiles/run_servo_button.dir/home/jthro/pico/pico-sdk/src/rp2_common/hardware_gpio/gpio.c.obj
                0x10000584                gpio_add_raw_irq_handler_with_order_priority_masked
 .text.gpio_remove_raw_irq_handler_masked
                0x100005c8       0x20 CMakeFiles/run_servo_button.dir/home/jthro/pico/pico-sdk/src/rp2_common/hardware_gpio/gpio.c.obj
                0x100005c8                gpio_remove_raw_irq_handler_masked
 .text.gpio_init
                0x100005e8       0x3c CMakeFiles/run_servo_button.dir/home/jthro/pico/pico-sdk/src/rp2_common/hardware_gpio/gpio.c.obj
                0x100005e8                gpio_init
 .text.running_on_fpga
                0x10000624       0x10 CMakeFiles/run_servo_button.dir/home/jthro/pico/pico-sdk/src/rp2_common/pico_platform/platform.c.obj
                0x10000624                running_on_fpga
 .text.hw_claim_lock
                0x10000634       0x18 CMakeFiles/run_servo_button.dir/home/jthro/pico/pico-sdk/src/rp2_common/hardware_claim/claim.c.obj
                0x10000634                hw_claim_lock
 .text.hw_claim_unlock
                0x1000064c       0x14 CMakeFiles/run_servo_button.dir/home/jthro/pico/pico-sdk/src/rp2_common/hardware_claim/claim.c.obj
                0x1000064c                hw_claim_unlock
 .text.hw_claim_or_assert
                0x10000660       0x44 CMakeFiles/run_servo_button.dir/home/jthro/pico/pico-sdk/src/rp2_common/hardware_claim/claim.c.obj
                0x10000660                hw_claim_or_assert
 .text.hw_claim_unused_from_range
                0x100006a4       0x9c CMakeFiles/run_servo_button.dir/home/jthro/pico/pico-sdk/src/rp2_common/hardware_claim/claim.c.obj
                0x100006a4                hw_claim_unused_from_range
 .text.hw_claim_clear
                0x10000740       0x38 CMakeFiles/run_servo_button.dir/home/jthro/pico/pico-sdk/src/rp2_common/hardware_claim/claim.c.obj
                0x10000740                hw_claim_clear
 .text.spin_locks_reset
                0x10000778       0x1c CMakeFiles/run_servo_button.dir/home/jthro/pico/pico-sdk/src/rp2_common/hardware_sync/sync.c.obj
                0x10000778                spin_locks_reset
 .text.next_striped_spin_lock_num
                0x10000794       0x18 CMakeFiles/run_servo_button.dir/home/jthro/pico/pico-sdk/src/rp2_common/hardware_sync/sync.c.obj
                0x10000794                next_striped_spin_lock_num
 .text.spin_lock_claim_unused
                0x100007ac       0x24 CMakeFiles/run_servo_button.dir/home/jthro/pico/pico-sdk/src/rp2_common/hardware_sync/sync.c.obj
                0x100007ac                spin_lock_claim_unused
 .text.irq_set_enabled
                0x100007d0       0x24 CMakeFiles/run_servo_button.dir/home/jthro/pico/pico-sdk/src/rp2_common/hardware_irq/irq.c.obj
                0x100007d0                irq_set_enabled
 .text.irq_set_pending
                0x100007f4       0x10 CMakeFiles/run_servo_button.dir/home/jthro/pico/pico-sdk/src/rp2_common/hardware_irq/irq.c.obj
                0x100007f4                irq_set_pending
 .text.irq_has_shared_handler
                0x10000804       0x2c CMakeFiles/run_servo_button.dir/home/jthro/pico/pico-sdk/src/rp2_common/hardware_irq/irq.c.obj
                0x10000804                irq_has_shared_handler
 .text.irq_get_vtable_handler
                0x10000830       0x10 CMakeFiles/run_servo_button.dir/home/jthro/pico/pico-sdk/src/rp2_common/hardware_irq/irq.c.obj
                0x10000830                irq_get_vtable_handler
 .text.irq_set_exclusive_handler
                0x10000840       0x54 CMakeFiles/run_servo_button.dir/home/jthro/pico/pico-sdk/src/rp2_common/hardware_irq/irq.c.obj
                0x10000840                irq_set_exclusive_handler
 .text.irq_add_shared_handler
                0x10000894      0x1f4 CMakeFiles/run_servo_button.dir/home/jthro/pico/pico-sdk/src/rp2_common/hardware_irq/irq.c.obj
                0x10000894                irq_add_shared_handler
 .text.irq_remove_handler
                0x10000a88      0x1c4 CMakeFiles/run_servo_button.dir/home/jthro/pico/pico-sdk/src/rp2_common/hardware_irq/irq.c.obj
                0x10000a88                irq_remove_handler
 .text.irq_set_priority
                0x10000c4c       0x28 CMakeFiles/run_servo_button.dir/home/jthro/pico/pico-sdk/src/rp2_common/hardware_irq/irq.c.obj
                0x10000c4c                irq_set_priority
 .text.irq_add_tail_to_free_list
                0x10000c74       0xb4 CMakeFiles/run_servo_button.dir/home/jthro/pico/pico-sdk/src/rp2_common/hardware_irq/irq.c.obj
                0x10000c74                irq_add_tail_to_free_list
 .text.irq_init_priorities
                0x10000d28       0x24 CMakeFiles/run_servo_button.dir/home/jthro/pico/pico-sdk/src/rp2_common/hardware_irq/irq.c.obj
                0x10000d28                irq_init_priorities
 .text.user_irq_unclaim
                0x10000d4c       0x14 CMakeFiles/run_servo_button.dir/home/jthro/pico/pico-sdk/src/rp2_common/hardware_irq/irq.c.obj
                0x10000d4c                user_irq_unclaim
 .text.user_irq_claim_unused
                0x10000d60       0x2c CMakeFiles/run_servo_button.dir/home/jthro/pico/pico-sdk/src/rp2_common/hardware_irq/irq.c.obj
                0x10000d60                user_irq_claim_unused
 .text.sem_init
                0x10000d8c       0x20 CMakeFiles/run_servo_button.dir/home/jthro/pico/pico-sdk/src/common/pico_sync/sem.c.obj
                0x10000d8c                sem_init
 .text.lock_init
                0x10000dac       0x10 CMakeFiles/run_servo_button.dir/home/jthro/pico/pico-sdk/src/common/pico_sync/lock_core.c.obj
                0x10000dac                lock_init
 .text.mutex_init
                0x10000dbc       0x1c CMakeFiles/run_servo_button.dir/home/jthro/pico/pico-sdk/src/common/pico_sync/mutex.c.obj
                0x10000dbc                mutex_init
 .text.recursive_mutex_init
                0x10000dd8       0x1c CMakeFiles/run_servo_button.dir/home/jthro/pico/pico-sdk/src/common/pico_sync/mutex.c.obj
                0x10000dd8                recursive_mutex_init
 .text.critical_section_init
                0x10000df4       0x1c CMakeFiles/run_servo_button.dir/home/jthro/pico/pico-sdk/src/common/pico_sync/critical_section.c.obj
                0x10000df4                critical_section_init
 .text.critical_section_init_with_lock_num
                0x10000e10       0x14 CMakeFiles/run_servo_button.dir/home/jthro/pico/pico-sdk/src/common/pico_sync/critical_section.c.obj
                0x10000e10                critical_section_init_with_lock_num
 .text.timer_pool_entry_comparator
                0x10000e24       0x34 CMakeFiles/run_servo_button.dir/home/jthro/pico/pico-sdk/src/common/pico_time/time.c.obj
                0x10000e24                timer_pool_entry_comparator
 .text.sleep_until_callback
                0x10000e58       0x30 CMakeFiles/run_servo_button.dir/home/jthro/pico/pico-sdk/src/common/pico_time/time.c.obj
 .text.add_alarm_under_lock.isra.0
                0x10000e88      0x100 CMakeFiles/run_servo_button.dir/home/jthro/pico/pico-sdk/src/common/pico_time/time.c.obj
 .text.alarm_pool_alarm_callback
                0x10000f88      0x1c0 CMakeFiles/run_servo_button.dir/home/jthro/pico/pico-sdk/src/common/pico_time/time.c.obj
 .text.alarm_pool_init_default
                0x10001148       0x6c CMakeFiles/run_servo_button.dir/home/jthro/pico/pico-sdk/src/common/pico_time/time.c.obj
                0x10001148                alarm_pool_init_default
 .text.alarm_pool_get_default
                0x100011b4        0x8 CMakeFiles/run_servo_button.dir/home/jthro/pico/pico-sdk/src/common/pico_time/time.c.obj
                0x100011b4                alarm_pool_get_default
 .text.alarm_pool_add_alarm_at
                0x100011bc      0x17c CMakeFiles/run_servo_button.dir/home/jthro/pico/pico-sdk/src/common/pico_time/time.c.obj
                0x100011bc                alarm_pool_add_alarm_at
 .text.alarm_pool_cancel_alarm
                0x10001338       0x70 CMakeFiles/run_servo_button.dir/home/jthro/pico/pico-sdk/src/common/pico_time/time.c.obj
                0x10001338                alarm_pool_cancel_alarm
 .text.alarm_pool_core_num
                0x100013a8        0x4 CMakeFiles/run_servo_button.dir/home/jthro/pico/pico-sdk/src/common/pico_time/time.c.obj
                0x100013a8                alarm_pool_core_num
 .text.sleep_until
                0x100013ac       0xc4 CMakeFiles/run_servo_button.dir/home/jthro/pico/pico-sdk/src/common/pico_time/time.c.obj
                0x100013ac                sleep_until
 .text.sleep_ms
                0x10001470       0x38 CMakeFiles/run_servo_button.dir/home/jthro/pico/pico-sdk/src/common/pico_time/time.c.obj
                0x10001470                sleep_ms
 .text.best_effort_wfe_or_timeout
                0x100014a8       0xcc CMakeFiles/run_servo_button.dir/home/jthro/pico/pico-sdk/src/common/pico_time/time.c.obj
                0x100014a8                best_effort_wfe_or_timeout
 .text.hardware_alarm_irq_handler
                0x10001574       0xbc CMakeFiles/run_servo_button.dir/home/jthro/pico/pico-sdk/src/rp2_common/hardware_timer/timer.c.obj
 .text.hardware_alarm_claim
                0x10001630       0x18 CMakeFiles/run_servo_button.dir/home/jthro/pico/pico-sdk/src/rp2_common/hardware_timer/timer.c.obj
                0x10001630                hardware_alarm_claim
 .text.time_us_64
                0x10001648       0x14 CMakeFiles/run_servo_button.dir/home/jthro/pico/pico-sdk/src/rp2_common/hardware_timer/timer.c.obj
                0x10001648                time_us_64
 .text.busy_wait_until
                0x1000165c       0x20 CMakeFiles/run_servo_button.dir/home/jthro/pico/pico-sdk/src/rp2_common/hardware_timer/timer.c.obj
                0x1000165c                busy_wait_until
 .text.hardware_alarm_set_callback
                0x1000167c       0x8c CMakeFiles/run_servo_button.dir/home/jthro/pico/pico-sdk/src/rp2_common/hardware_timer/timer.c.obj
                0x1000167c                hardware_alarm_set_callback
 .text.hardware_alarm_set_target
                0x10001708       0xd0 CMakeFiles/run_servo_button.dir/home/jthro/pico/pico-sdk/src/rp2_common/hardware_timer/timer.c.obj
                0x10001708                hardware_alarm_set_target
 .text.hardware_alarm_cancel
                0x100017d8       0x3c CMakeFiles/run_servo_button.dir/home/jthro/pico/pico-sdk/src/rp2_common/hardware_timer/timer.c.obj
                0x100017d8                hardware_alarm_cancel
 .text.ph_merge_nodes
                0x10001814       0x58 CMakeFiles/run_servo_button.dir/home/jthro/pico/pico-sdk/src/common/pico_util/pheap.c.obj
 .text.ph_post_alloc_init
                0x1000186c       0x3c CMakeFiles/run_servo_button.dir/home/jthro/pico/pico-sdk/src/common/pico_util/pheap.c.obj
                0x1000186c                ph_post_alloc_init
 .text.ph_merge_two_pass
                0x100018a8       0x8c CMakeFiles/run_servo_button.dir/home/jthro/pico/pico-sdk/src/common/pico_util/pheap.c.obj
                0x100018a8                ph_merge_two_pass
 .text.ph_remove_any_head
                0x10001934      0x100 CMakeFiles/run_servo_button.dir/home/jthro/pico/pico-sdk/src/common/pico_util/pheap.c.obj
 .text.ph_remove_head
                0x10001a34      0x104 CMakeFiles/run_servo_button.dir/home/jthro/pico/pico-sdk/src/common/pico_util/pheap.c.obj
                0x10001a34                ph_remove_head
 .text.ph_remove_and_free_node
                0x10001b38       0x78 CMakeFiles/run_servo_button.dir/home/jthro/pico/pico-sdk/src/common/pico_util/pheap.c.obj
                0x10001b38                ph_remove_and_free_node
 .text.clocks_init
                0x10001bb0      0x2c8 CMakeFiles/run_servo_button.dir/home/jthro/pico/pico-sdk/src/rp2_common/hardware_clocks/clocks.c.obj
                0x10001bb0                clocks_init
 .text.clock_get_hz
                0x10001e78        0xc CMakeFiles/run_servo_button.dir/home/jthro/pico/pico-sdk/src/rp2_common/hardware_clocks/clocks.c.obj
                0x10001e78                clock_get_hz
 .text.pll_init
                0x10001e84       0xa4 CMakeFiles/run_servo_button.dir/home/jthro/pico/pico-sdk/src/rp2_common/hardware_pll/pll.c.obj
                0x10001e84                pll_init
 .text.watchdog_start_tick
                0x10001f28       0x10 CMakeFiles/run_servo_button.dir/home/jthro/pico/pico-sdk/src/rp2_common/hardware_watchdog/watchdog.c.obj
                0x10001f28                watchdog_start_tick
 .text.watchdog_reboot
                0x10001f38       0x9c CMakeFiles/run_servo_button.dir/home/jthro/pico/pico-sdk/src/rp2_common/hardware_watchdog/watchdog.c.obj
                0x10001f38                watchdog_reboot
 .text.xosc_init
                0x10001fd4       0x28 CMakeFiles/run_servo_button.dir/home/jthro/pico/pico-sdk/src/rp2_common/hardware_xosc/xosc.c.obj
                0x10001fd4                xosc_init
 .text.runtime_init
                0x10001ffc       0xf0 CMakeFiles/run_servo_button.dir/home/jthro/pico/pico-sdk/src/rp2_common/pico_runtime/runtime.c.obj
                0x10001ffc                runtime_init
 .text._exit    0x100020ec        0x4 CMakeFiles/run_servo_button.dir/home/jthro/pico/pico-sdk/src/rp2_common/pico_runtime/runtime.c.obj
                0x100020ec                _exit
 .text.exit     0x100020f0        0x8 CMakeFiles/run_servo_button.dir/home/jthro/pico/pico-sdk/src/rp2_common/pico_runtime/runtime.c.obj
                0x100020f0                exit
 .text.panic    0x100020f8       0x30 CMakeFiles/run_servo_button.dir/home/jthro/pico/pico-sdk/src/rp2_common/pico_runtime/runtime.c.obj
                0x100020f8                panic
 .text.hard_assertion_failure
                0x10002128        0xc CMakeFiles/run_servo_button.dir/home/jthro/pico/pico-sdk/src/rp2_common/pico_runtime/runtime.c.obj
                0x10002128                hard_assertion_failure
 .text._out_null
                0x10002134        0x4 CMakeFiles/run_servo_button.dir/home/jthro/pico/pico-sdk/src/rp2_common/pico_printf/printf.c.obj
 .text._out_rev
                0x10002138       0xac CMakeFiles/run_servo_button.dir/home/jthro/pico/pico-sdk/src/rp2_common/pico_printf/printf.c.obj
 .text._ntoa_format
                0x100021e4      0x250 CMakeFiles/run_servo_button.dir/home/jthro/pico/pico-sdk/src/rp2_common/pico_printf/printf.c.obj
 .text._out_char
                0x10002434       0x10 CMakeFiles/run_servo_button.dir/home/jthro/pico/pico-sdk/src/rp2_common/pico_printf/printf.c.obj
 .text._out_fct
                0x10002444       0x10 CMakeFiles/run_servo_button.dir/home/jthro/pico/pico-sdk/src/rp2_common/pico_printf/printf.c.obj
 .text._etoa    0x10002454      0x464 CMakeFiles/run_servo_button.dir/home/jthro/pico/pico-sdk/src/rp2_common/pico_printf/printf.c.obj
 .text._ftoa    0x100028b8      0x3c0 CMakeFiles/run_servo_button.dir/home/jthro/pico/pico-sdk/src/rp2_common/pico_printf/printf.c.obj
 .text._vsnprintf
                0x10002c78      0xbc8 CMakeFiles/run_servo_button.dir/home/jthro/pico/pico-sdk/src/rp2_common/pico_printf/printf.c.obj
 .text.vfctprintf
                0x10003840       0x20 CMakeFiles/run_servo_button.dir/home/jthro/pico/pico-sdk/src/rp2_common/pico_printf/printf.c.obj
                0x10003840                vfctprintf
 .text.weak_raw_vprintf
                0x10003860       0x30 CMakeFiles/run_servo_button.dir/home/jthro/pico/pico-sdk/src/rp2_common/pico_printf/printf.c.obj
                0x10003860                weak_raw_vprintf
 .text          0x10003890       0x10 CMakeFiles/run_servo_button.dir/home/jthro/pico/pico-sdk/src/rp2_common/pico_bit_ops/bit_ops_aeabi.S.obj
 .text.ctzsi    0x100038a0        0xc CMakeFiles/run_servo_button.dir/home/jthro/pico/pico-sdk/src/rp2_common/pico_bit_ops/bit_ops_aeabi.S.obj
                0x100038a0                __wrap___ctzsi2
 .text.rom_func_lookup
                0x100038ac       0x10 CMakeFiles/run_servo_button.dir/home/jthro/pico/pico-sdk/src/rp2_common/pico_bootrom/bootrom.c.obj
                0x100038ac                rom_func_lookup
 .text.rom_data_lookup
                0x100038bc       0x10 CMakeFiles/run_servo_button.dir/home/jthro/pico/pico-sdk/src/rp2_common/pico_bootrom/bootrom.c.obj
                0x100038bc                rom_data_lookup
 .text.rom_funcs_lookup
                0x100038cc       0x44 CMakeFiles/run_servo_button.dir/home/jthro/pico/pico-sdk/src/rp2_common/pico_bootrom/bootrom.c.obj
                0x100038cc                rom_funcs_lookup
 .text.__wrap___aeabi_idiv
                0x10003910       0x50 CMakeFiles/run_servo_button.dir/home/jthro/pico/pico-sdk/src/rp2_common/pico_divider/divider.S.obj
                0x10003910                __wrap___aeabi_idivmod
                0x10003910                divmod_s32s32
                0x10003910                div_s32s32
                0x10003910                __wrap___aeabi_idiv
                0x10003918                divmod_s32s32_unsafe
                0x10003944                divmod_s32s32_savestate
 .text.__wrap___aeabi_uidiv
                0x10003960       0x4c CMakeFiles/run_servo_button.dir/home/jthro/pico/pico-sdk/src/rp2_common/pico_divider/divider.S.obj
                0x10003960                __wrap___aeabi_uidiv
                0x10003960                __wrap___aeabi_uidivmod
                0x10003960                div_u32u32
                0x10003960                divmod_u32u32
                0x10003968                divmod_u32u32_unsafe
                0x10003990                divmod_u32u32_savestate
 .text.__wrap___aeabi_ldiv
                0x100039ac      0x424 CMakeFiles/run_servo_button.dir/home/jthro/pico/pico-sdk/src/rp2_common/pico_divider/divider.S.obj
                0x100039ac                div_s64s64
                0x100039ac                divmod_s64s64
                0x100039ac                __wrap___aeabi_ldivmod
                0x100039dc                div_u64u64
                0x100039dc                divmod_u64u64
                0x100039dc                __wrap___aeabi_uldivmod
                0x100039ec                divmod_u64u64_savestate
                0x10003a0c                divmod_s64s64_unsafe
                0x10003a94                divmod_u64u64_unsafe
 .text.__wrap___aeabi_darithmetic
                0x10003dd0       0x60 CMakeFiles/run_servo_button.dir/home/jthro/pico/pico-sdk/src/rp2_common/pico_double/double_aeabi.S.obj
                0x10003dd0                __wrap___aeabi_drsub
                0x10003dd6                __wrap___aeabi_dsub
                0x10003de0                __wrap___aeabi_dadd
                0x10003dea                __wrap___aeabi_ddiv
                0x10003e1e                __wrap___aeabi_dmul
 .text.__wrap___aeabi_cdcmple
                0x10003e30       0x6c CMakeFiles/run_servo_button.dir/home/jthro/pico/pico-sdk/src/rp2_common/pico_double/double_aeabi.S.obj
                0x10003e30                __wrap___aeabi_cdrcmple
                0x10003e40                __wrap___aeabi_cdcmple
                0x10003e40                __wrap___aeabi_cdcmpeq
 .text.__wrap___aeabi_dcmplt
                0x10003e9c        0xc CMakeFiles/run_servo_button.dir/home/jthro/pico/pico-sdk/src/rp2_common/pico_double/double_aeabi.S.obj
                0x10003e9c                __wrap___aeabi_dcmplt
 .text.__wrap___aeabi_dcmpge
                0x10003ea8       0x10 CMakeFiles/run_servo_button.dir/home/jthro/pico/pico-sdk/src/rp2_common/pico_double/double_aeabi.S.obj
                0x10003ea8                __wrap___aeabi_dcmpge
 .text.__wrap___aeabi_dcmpgt
                0x10003eb8        0xa CMakeFiles/run_servo_button.dir/home/jthro/pico/pico-sdk/src/rp2_common/pico_double/double_aeabi.S.obj
                0x10003eb8                __wrap___aeabi_dcmpgt
 .text.__wrap___aeabi_dcmpun
                0x10003ec2       0x1c CMakeFiles/run_servo_button.dir/home/jthro/pico/pico-sdk/src/rp2_common/pico_double/double_aeabi.S.obj
                0x10003ec2                __wrap___aeabi_dcmpun
 *fill*         0x10003ede        0x2 
 .text.__wrap___aeabi_i2d
                0x10003ee0       0x38 CMakeFiles/run_servo_button.dir/home/jthro/pico/pico-sdk/src/rp2_common/pico_double/double_aeabi.S.obj
                0x10003ee0                __wrap___aeabi_ui2d
                0x10003ee8                __wrap___aeabi_i2d
 .text.__wrap___aeabi_d2iz
                0x10003f18       0x48 CMakeFiles/run_servo_button.dir/home/jthro/pico/pico-sdk/src/rp2_common/pico_double/double_aeabi.S.obj
                0x10003f18                __wrap___aeabi_d2iz
                0x10003f18                double2int_z
 .text.__wrap___aeabi_d2uiz
                0x10003f60       0x10 CMakeFiles/run_servo_button.dir/home/jthro/pico/pico-sdk/src/rp2_common/pico_double/double_aeabi.S.obj
                0x10003f60                double2uint
                0x10003f60                __wrap___aeabi_d2uiz
 .text.missing_double_func_shim
                0x10003f70        0xc CMakeFiles/run_servo_button.dir/home/jthro/pico/pico-sdk/src/rp2_common/pico_double/double_init_rom.c.obj
 .text.__aeabi_double_init
                0x10003f7c       0x94 CMakeFiles/run_servo_button.dir/home/jthro/pico/pico-sdk/src/rp2_common/pico_double/double_init_rom.c.obj
                0x10003f7c                __aeabi_double_init
 .text.double_table_shim_on_use_helper
                0x10004010       0x2c CMakeFiles/run_servo_button.dir/home/jthro/pico/pico-sdk/src/rp2_common/pico_double/double_v1_rom_shim.S.obj
                0x10004010                double_table_shim_on_use_helper
 .text.__aeabi_lmul
                0x1000403c       0x32 CMakeFiles/run_servo_button.dir/home/jthro/pico/pico-sdk/src/rp2_common/pico_int64_ops/pico_int64_ops_aeabi.S.obj
                0x1000403c                __wrap___aeabi_lmul
 *fill*         0x1000406e        0x2 
 .text.missing_float_func_shim
                0x10004070        0xc CMakeFiles/run_servo_button.dir/home/jthro/pico/pico-sdk/src/rp2_common/pico_float/float_init_rom.c.obj
 .text.__aeabi_float_init
                0x1000407c       0x5c CMakeFiles/run_servo_button.dir/home/jthro/pico/pico-sdk/src/rp2_common/pico_float/float_init_rom.c.obj
                0x1000407c                __aeabi_float_init
 .text          0x100040d8       0x10 CMakeFiles/run_servo_button.dir/home/jthro/pico/pico-sdk/src/rp2_common/pico_mem_ops/mem_ops_aeabi.S.obj
                0x100040d8                __aeabi_mem_init
 .text.memset   0x100040e8        0xc CMakeFiles/run_servo_button.dir/home/jthro/pico/pico-sdk/src/rp2_common/pico_mem_ops/mem_ops_aeabi.S.obj
                0x100040e8                __wrap_memset
 .text.memcpy   0x100040f4        0xc CMakeFiles/run_servo_button.dir/home/jthro/pico/pico-sdk/src/rp2_common/pico_mem_ops/mem_ops_aeabi.S.obj
                0x100040f4                __wrap___aeabi_memcpy
                0x100040f4                __wrap_memcpy
 .text.stdio_out_chars_crlf
                0x10004100       0x94 CMakeFiles/run_servo_button.dir/home/jthro/pico/pico-sdk/src/rp2_common/pico_stdio/stdio.c.obj
 .text.stdio_buffered_printer
                0x10004194       0x64 CMakeFiles/run_servo_button.dir/home/jthro/pico/pico-sdk/src/rp2_common/pico_stdio/stdio.c.obj
 .text.__wrap_putchar
                0x100041f8       0x98 CMakeFiles/run_servo_button.dir/home/jthro/pico/pico-sdk/src/rp2_common/pico_stdio/stdio.c.obj
                0x100041f8                __wrap_putchar
 .text.__wrap_puts
                0x10004290       0xe0 CMakeFiles/run_servo_button.dir/home/jthro/pico/pico-sdk/src/rp2_common/pico_stdio/stdio.c.obj
                0x10004290                __wrap_puts
 .text.stdio_set_driver_enabled
                0x10004370       0x30 CMakeFiles/run_servo_button.dir/home/jthro/pico/pico-sdk/src/rp2_common/pico_stdio/stdio.c.obj
                0x10004370                stdio_set_driver_enabled
 .text.__wrap_vprintf
                0x100043a0       0xd4 CMakeFiles/run_servo_button.dir/home/jthro/pico/pico-sdk/src/rp2_common/pico_stdio/stdio.c.obj
                0x100043a0                __wrap_vprintf
 .text.__wrap_printf
                0x10004474       0x18 CMakeFiles/run_servo_button.dir/home/jthro/pico/pico-sdk/src/rp2_common/pico_stdio/stdio.c.obj
                0x10004474                __wrap_printf
 .text.stdio_init_all
                0x1000448c        0x8 CMakeFiles/run_servo_button.dir/home/jthro/pico/pico-sdk/src/rp2_common/pico_stdio/stdio.c.obj
                0x1000448c                stdio_init_all
 .text.resetd_init
                0x10004494        0x4 CMakeFiles/run_servo_button.dir/home/jthro/pico/pico-sdk/src/rp2_common/pico_stdio_usb/reset_interface.c.obj
 .text.resetd_reset
                0x10004498        0xc CMakeFiles/run_servo_button.dir/home/jthro/pico/pico-sdk/src/rp2_common/pico_stdio_usb/reset_interface.c.obj
 .text.resetd_open
                0x100044a4       0x28 CMakeFiles/run_servo_button.dir/home/jthro/pico/pico-sdk/src/rp2_common/pico_stdio_usb/reset_interface.c.obj
 .text.resetd_xfer_cb
                0x100044cc        0x4 CMakeFiles/run_servo_button.dir/home/jthro/pico/pico-sdk/src/rp2_common/pico_stdio_usb/reset_interface.c.obj
 .text.resetd_control_xfer_cb
                0x100044d0       0x60 CMakeFiles/run_servo_button.dir/home/jthro/pico/pico-sdk/src/rp2_common/pico_stdio_usb/reset_interface.c.obj
 .text.usbd_app_driver_get_cb
                0x10004530        0xc CMakeFiles/run_servo_button.dir/home/jthro/pico/pico-sdk/src/rp2_common/pico_stdio_usb/reset_interface.c.obj
                0x10004530                usbd_app_driver_get_cb
 .text.tud_cdc_line_coding_cb
                0x1000453c       0x34 CMakeFiles/run_servo_button.dir/home/jthro/pico/pico-sdk/src/rp2_common/pico_stdio_usb/reset_interface.c.obj
                0x1000453c                tud_cdc_line_coding_cb
 .text.stdio_usb_set_chars_available_callback
                0x10004570       0x14 CMakeFiles/run_servo_button.dir/home/jthro/pico/pico-sdk/src/rp2_common/pico_stdio_usb/stdio_usb.c.obj
                0x10004570                stdio_usb_set_chars_available_callback
 .text.usb_irq  0x10004584       0x10 CMakeFiles/run_servo_button.dir/home/jthro/pico/pico-sdk/src/rp2_common/pico_stdio_usb/stdio_usb.c.obj
 .text.timer_task
                0x10004594       0x54 CMakeFiles/run_servo_button.dir/home/jthro/pico/pico-sdk/src/rp2_common/pico_stdio_usb/stdio_usb.c.obj
 .text.stdio_usb_in_chars
                0x100045e8       0x90 CMakeFiles/run_servo_button.dir/home/jthro/pico/pico-sdk/src/rp2_common/pico_stdio_usb/stdio_usb.c.obj
                0x100045e8                stdio_usb_in_chars
 .text.stdio_usb_out_chars
                0x10004678      0x104 CMakeFiles/run_servo_button.dir/home/jthro/pico/pico-sdk/src/rp2_common/pico_stdio_usb/stdio_usb.c.obj
 .text.low_priority_worker_irq
                0x1000477c       0xa8 CMakeFiles/run_servo_button.dir/home/jthro/pico/pico-sdk/src/rp2_common/pico_stdio_usb/stdio_usb.c.obj
 .text.tud_cdc_rx_cb
                0x10004824       0x20 CMakeFiles/run_servo_button.dir/home/jthro/pico/pico-sdk/src/rp2_common/pico_stdio_usb/stdio_usb.c.obj
                0x10004824                tud_cdc_rx_cb
 .text.stdio_usb_init
                0x10004844       0xe0 CMakeFiles/run_servo_button.dir/home/jthro/pico/pico-sdk/src/rp2_common/pico_stdio_usb/stdio_usb.c.obj
                0x10004844                stdio_usb_init
 .text.tud_descriptor_device_cb
                0x10004924        0x8 CMakeFiles/run_servo_button.dir/home/jthro/pico/pico-sdk/src/rp2_common/pico_stdio_usb/stdio_usb_descriptors.c.obj
                0x10004924                tud_descriptor_device_cb
 .text.tud_descriptor_configuration_cb
                0x1000492c        0x8 CMakeFiles/run_servo_button.dir/home/jthro/pico/pico-sdk/src/rp2_common/pico_stdio_usb/stdio_usb_descriptors.c.obj
                0x1000492c                tud_descriptor_configuration_cb
 .text.tud_descriptor_string_cb
                0x10004934       0x78 CMakeFiles/run_servo_button.dir/home/jthro/pico/pico-sdk/src/rp2_common/pico_stdio_usb/stdio_usb_descriptors.c.obj
                0x10004934                tud_descriptor_string_cb
 .text.startup._retrieve_unique_id_on_boot
                0x100049ac       0x10 CMakeFiles/run_servo_button.dir/home/jthro/pico/pico-sdk/src/rp2_common/pico_unique_id/unique_id.c.obj
 .text.pico_get_unique_board_id
                0x100049bc       0x10 CMakeFiles/run_servo_button.dir/home/jthro/pico/pico-sdk/src/rp2_common/pico_unique_id/unique_id.c.obj
                0x100049bc                pico_get_unique_board_id
 .text.pico_get_unique_board_id_string
                0x100049cc      0x1a8 CMakeFiles/run_servo_button.dir/home/jthro/pico/pico-sdk/src/rp2_common/pico_unique_id/unique_id.c.obj
                0x100049cc                pico_get_unique_board_id_string
 .text.flash_get_unique_id
                0x10004b74       0x3c CMakeFiles/run_servo_button.dir/home/jthro/pico/pico-sdk/src/rp2_common/hardware_flash/flash.c.obj
                0x10004b74                flash_get_unique_id
 .text.dcd_int_enable
                0x10004bb0        0xc CMakeFiles/run_servo_button.dir/home/jthro/pico/pico-sdk/lib/tinyusb/src/portable/raspberrypi/rp2040/dcd_rp2040.c.obj
                0x10004bb0                dcd_int_enable
 .text.dcd_set_address
                0x10004bbc       0x14 CMakeFiles/run_servo_button.dir/home/jthro/pico/pico-sdk/lib/tinyusb/src/portable/raspberrypi/rp2040/dcd_rp2040.c.obj
                0x10004bbc                dcd_set_address
 .text.dcd_connect
                0x10004bd0       0x10 CMakeFiles/run_servo_button.dir/home/jthro/pico/pico-sdk/lib/tinyusb/src/portable/raspberrypi/rp2040/dcd_rp2040.c.obj
                0x10004bd0                dcd_connect
 .text.dcd_init
                0x10004be0       0x98 CMakeFiles/run_servo_button.dir/home/jthro/pico/pico-sdk/lib/tinyusb/src/portable/raspberrypi/rp2040/dcd_rp2040.c.obj
                0x10004be0                dcd_init
 .text.dcd_edpt0_status_complete
                0x10004c78       0x1c CMakeFiles/run_servo_button.dir/home/jthro/pico/pico-sdk/lib/tinyusb/src/portable/raspberrypi/rp2040/dcd_rp2040.c.obj
                0x10004c78                dcd_edpt0_status_complete
 .text.dcd_edpt_open
                0x10004c94      0x108 CMakeFiles/run_servo_button.dir/home/jthro/pico/pico-sdk/lib/tinyusb/src/portable/raspberrypi/rp2040/dcd_rp2040.c.obj
                0x10004c94                dcd_edpt_open
 .text.dcd_edpt_close_all
                0x10004d9c        0x8 CMakeFiles/run_servo_button.dir/home/jthro/pico/pico-sdk/lib/tinyusb/src/portable/raspberrypi/rp2040/dcd_rp2040.c.obj
                0x10004d9c                dcd_edpt_close_all
 .text.dcd_edpt_xfer
                0x10004da4       0x24 CMakeFiles/run_servo_button.dir/home/jthro/pico/pico-sdk/lib/tinyusb/src/portable/raspberrypi/rp2040/dcd_rp2040.c.obj
                0x10004da4                dcd_edpt_xfer
 .text.dcd_edpt_stall
                0x10004dc8       0x34 CMakeFiles/run_servo_button.dir/home/jthro/pico/pico-sdk/lib/tinyusb/src/portable/raspberrypi/rp2040/dcd_rp2040.c.obj
                0x10004dc8                dcd_edpt_stall
 .text.dcd_edpt_clear_stall
                0x10004dfc       0x30 CMakeFiles/run_servo_button.dir/home/jthro/pico/pico-sdk/lib/tinyusb/src/portable/raspberrypi/rp2040/dcd_rp2040.c.obj
                0x10004dfc                dcd_edpt_clear_stall
 .text.rp2040_usb_init
                0x10004e2c       0x4c CMakeFiles/run_servo_button.dir/home/jthro/pico/pico-sdk/lib/tinyusb/src/portable/raspberrypi/rp2040/rp2040_usb.c.obj
                0x10004e2c                rp2040_usb_init
 .text.hw_endpoint_xfer_start
                0x10004e78       0x40 CMakeFiles/run_servo_button.dir/home/jthro/pico/pico-sdk/lib/tinyusb/src/portable/raspberrypi/rp2040/rp2040_usb.c.obj
                0x10004e78                hw_endpoint_xfer_start
 .text.tud_mounted
                0x10004eb8       0x10 CMakeFiles/run_servo_button.dir/home/jthro/pico/pico-sdk/lib/tinyusb/src/device/usbd.c.obj
                0x10004eb8                tud_mounted
 .text.tud_suspended
                0x10004ec8       0x10 CMakeFiles/run_servo_button.dir/home/jthro/pico/pico-sdk/lib/tinyusb/src/device/usbd.c.obj
                0x10004ec8                tud_suspended
 .text.tud_inited
                0x10004ed8       0x14 CMakeFiles/run_servo_button.dir/home/jthro/pico/pico-sdk/lib/tinyusb/src/device/usbd.c.obj
                0x10004ed8                tud_inited
 .text.tud_init
                0x10004eec       0xdc CMakeFiles/run_servo_button.dir/home/jthro/pico/pico-sdk/lib/tinyusb/src/device/usbd.c.obj
                0x10004eec                tud_init
 .text.tud_task_ext
                0x10004fc8      0x850 CMakeFiles/run_servo_button.dir/home/jthro/pico/pico-sdk/lib/tinyusb/src/device/usbd.c.obj
                0x10004fc8                tud_task_ext
 .text.usbd_open_edpt_pair
                0x10005818       0x9c CMakeFiles/run_servo_button.dir/home/jthro/pico/pico-sdk/lib/tinyusb/src/device/usbd.c.obj
                0x10005818                usbd_open_edpt_pair
 .text.usbd_defer_func
                0x100058b4       0x48 CMakeFiles/run_servo_button.dir/home/jthro/pico/pico-sdk/lib/tinyusb/src/device/usbd.c.obj
                0x100058b4                usbd_defer_func
 .text.usbd_edpt_open
                0x100058fc       0x34 CMakeFiles/run_servo_button.dir/home/jthro/pico/pico-sdk/lib/tinyusb/src/device/usbd.c.obj
                0x100058fc                usbd_edpt_open
 .text.usbd_edpt_claim
                0x10005930       0x28 CMakeFiles/run_servo_button.dir/home/jthro/pico/pico-sdk/lib/tinyusb/src/device/usbd.c.obj
                0x10005930                usbd_edpt_claim
 .text.usbd_edpt_release
                0x10005958       0x28 CMakeFiles/run_servo_button.dir/home/jthro/pico/pico-sdk/lib/tinyusb/src/device/usbd.c.obj
                0x10005958                usbd_edpt_release
 .text.usbd_edpt_xfer
                0x10005980       0x4c CMakeFiles/run_servo_button.dir/home/jthro/pico/pico-sdk/lib/tinyusb/src/device/usbd.c.obj
                0x10005980                usbd_edpt_xfer
 .text.tud_control_status
                0x100059cc       0x2c CMakeFiles/run_servo_button.dir/home/jthro/pico/pico-sdk/lib/tinyusb/src/device/usbd_control.c.obj
                0x100059cc                tud_control_status
 .text.tud_control_xfer
                0x100059f8       0xac CMakeFiles/run_servo_button.dir/home/jthro/pico/pico-sdk/lib/tinyusb/src/device/usbd_control.c.obj
                0x100059f8                tud_control_xfer
 .text.usbd_control_reset
                0x10005aa4       0x14 CMakeFiles/run_servo_button.dir/home/jthro/pico/pico-sdk/lib/tinyusb/src/device/usbd_control.c.obj
                0x10005aa4                usbd_control_reset
 .text.usbd_control_set_complete_callback
                0x10005ab8        0xc CMakeFiles/run_servo_button.dir/home/jthro/pico/pico-sdk/lib/tinyusb/src/device/usbd_control.c.obj
                0x10005ab8                usbd_control_set_complete_callback
 .text.usbd_control_set_request
                0x10005ac4       0x1c CMakeFiles/run_servo_button.dir/home/jthro/pico/pico-sdk/lib/tinyusb/src/device/usbd_control.c.obj
                0x10005ac4                usbd_control_set_request
 .text.usbd_control_xfer_cb
                0x10005ae0       0xf4 CMakeFiles/run_servo_button.dir/home/jthro/pico/pico-sdk/lib/tinyusb/src/device/usbd_control.c.obj
                0x10005ae0                usbd_control_xfer_cb
 .text.tud_cdc_n_connected
                0x10005bd4       0x30 CMakeFiles/run_servo_button.dir/home/jthro/pico/pico-sdk/lib/tinyusb/src/class/cdc/cdc_device.c.obj
                0x10005bd4                tud_cdc_n_connected
 .text.tud_cdc_n_available
                0x10005c04       0x18 CMakeFiles/run_servo_button.dir/home/jthro/pico/pico-sdk/lib/tinyusb/src/class/cdc/cdc_device.c.obj
                0x10005c04                tud_cdc_n_available
 .text.tud_cdc_n_read
                0x10005c1c       0x70 CMakeFiles/run_servo_button.dir/home/jthro/pico/pico-sdk/lib/tinyusb/src/class/cdc/cdc_device.c.obj
                0x10005c1c                tud_cdc_n_read
 .text.tud_cdc_n_write_flush
                0x10005c8c       0x78 CMakeFiles/run_servo_button.dir/home/jthro/pico/pico-sdk/lib/tinyusb/src/class/cdc/cdc_device.c.obj
                0x10005c8c                tud_cdc_n_write_flush
 .text.tud_cdc_n_write
                0x10005d04       0x34 CMakeFiles/run_servo_button.dir/home/jthro/pico/pico-sdk/lib/tinyusb/src/class/cdc/cdc_device.c.obj
                0x10005d04                tud_cdc_n_write
 .text.tud_cdc_n_write_available
                0x10005d38       0x18 CMakeFiles/run_servo_button.dir/home/jthro/pico/pico-sdk/lib/tinyusb/src/class/cdc/cdc_device.c.obj
                0x10005d38                tud_cdc_n_write_available
 .text.cdcd_init
                0x10005d50       0x7c CMakeFiles/run_servo_button.dir/home/jthro/pico/pico-sdk/lib/tinyusb/src/class/cdc/cdc_device.c.obj
                0x10005d50                cdcd_init
 .text.cdcd_reset
                0x10005dcc       0x2c CMakeFiles/run_servo_button.dir/home/jthro/pico/pico-sdk/lib/tinyusb/src/class/cdc/cdc_device.c.obj
                0x10005dcc                cdcd_reset
 .text.cdcd_open
                0x10005df8       0xe4 CMakeFiles/run_servo_button.dir/home/jthro/pico/pico-sdk/lib/tinyusb/src/class/cdc/cdc_device.c.obj
                0x10005df8                cdcd_open
 .text.cdcd_control_xfer_cb
                0x10005edc       0xe4 CMakeFiles/run_servo_button.dir/home/jthro/pico/pico-sdk/lib/tinyusb/src/class/cdc/cdc_device.c.obj
                0x10005edc                cdcd_control_xfer_cb
 .text.cdcd_xfer_cb
                0x10005fc0      0x13c CMakeFiles/run_servo_button.dir/home/jthro/pico/pico-sdk/lib/tinyusb/src/class/cdc/cdc_device.c.obj
                0x10005fc0                cdcd_xfer_cb
 .text.tusb_init
                0x100060fc        0xc CMakeFiles/run_servo_button.dir/home/jthro/pico/pico-sdk/lib/tinyusb/src/tusb.c.obj
                0x100060fc                tusb_init
 .text.tusb_inited
                0x10006108        0x8 CMakeFiles/run_servo_button.dir/home/jthro/pico/pico-sdk/lib/tinyusb/src/tusb.c.obj
                0x10006108                tusb_inited
 .text.tu_edpt_claim
                0x10006110       0x50 CMakeFiles/run_servo_button.dir/home/jthro/pico/pico-sdk/lib/tinyusb/src/tusb.c.obj
                0x10006110                tu_edpt_claim
 .text.tu_edpt_release
                0x10006160       0x38 CMakeFiles/run_servo_button.dir/home/jthro/pico/pico-sdk/lib/tinyusb/src/tusb.c.obj
                0x10006160                tu_edpt_release
 .text.tu_edpt_validate
                0x10006198       0x7c CMakeFiles/run_servo_button.dir/home/jthro/pico/pico-sdk/lib/tinyusb/src/tusb.c.obj
                0x10006198                tu_edpt_validate
 .text.tu_edpt_bind_driver
                0x10006214       0x34 CMakeFiles/run_servo_button.dir/home/jthro/pico/pico-sdk/lib/tinyusb/src/tusb.c.obj
                0x10006214                tu_edpt_bind_driver
 .text.tu_fifo_config
                0x10006248       0x6c CMakeFiles/run_servo_button.dir/home/jthro/pico/pico-sdk/lib/tinyusb/src/common/tusb_fifo.c.obj
                0x10006248                tu_fifo_config
 .text.tu_fifo_count
                0x100062b4       0x2c CMakeFiles/run_servo_button.dir/home/jthro/pico/pico-sdk/lib/tinyusb/src/common/tusb_fifo.c.obj
                0x100062b4                tu_fifo_count
 .text.tu_fifo_empty
                0x100062e0       0x10 CMakeFiles/run_servo_button.dir/home/jthro/pico/pico-sdk/lib/tinyusb/src/common/tusb_fifo.c.obj
                0x100062e0                tu_fifo_empty
 .text.tu_fifo_remaining
                0x100062f0       0x2c CMakeFiles/run_servo_button.dir/home/jthro/pico/pico-sdk/lib/tinyusb/src/common/tusb_fifo.c.obj
                0x100062f0                tu_fifo_remaining
 .text.tu_fifo_read
                0x1000631c       0x9c CMakeFiles/run_servo_button.dir/home/jthro/pico/pico-sdk/lib/tinyusb/src/common/tusb_fifo.c.obj
                0x1000631c                tu_fifo_read
 .text.tu_fifo_read_n
                0x100063b8       0xe8 CMakeFiles/run_servo_button.dir/home/jthro/pico/pico-sdk/lib/tinyusb/src/common/tusb_fifo.c.obj
                0x100063b8                tu_fifo_read_n
 .text.tu_fifo_write
                0x100064a0       0xa8 CMakeFiles/run_servo_button.dir/home/jthro/pico/pico-sdk/lib/tinyusb/src/common/tusb_fifo.c.obj
                0x100064a0                tu_fifo_write
 .text.tu_fifo_write_n
                0x10006548      0x178 CMakeFiles/run_servo_button.dir/home/jthro/pico/pico-sdk/lib/tinyusb/src/common/tusb_fifo.c.obj
                0x10006548                tu_fifo_write_n
 .text.tu_fifo_clear
                0x100066c0       0x40 CMakeFiles/run_servo_button.dir/home/jthro/pico/pico-sdk/lib/tinyusb/src/common/tusb_fifo.c.obj
                0x100066c0                tu_fifo_clear
 .text.tu_fifo_set_overwritable
                0x10006700       0x48 CMakeFiles/run_servo_button.dir/home/jthro/pico/pico-sdk/lib/tinyusb/src/common/tusb_fifo.c.obj
                0x10006700                tu_fifo_set_overwritable
 .text.cyw43_arch_set_async_context
                0x10006748        0xc CMakeFiles/run_servo_button.dir/home/jthro/pico/pico-sdk/src/rp2_common/pico_cyw43_arch/cyw43_arch.c.obj
                0x10006748                cyw43_arch_set_async_context
 .text.cyw43_arch_gpio_put
                0x10006754       0x14 CMakeFiles/run_servo_button.dir/home/jthro/pico/pico-sdk/src/rp2_common/pico_cyw43_arch/cyw43_arch.c.obj
                0x10006754                cyw43_arch_gpio_put
 .text.cyw43_arch_async_context
                0x10006768        0xc CMakeFiles/run_servo_button.dir/home/jthro/pico/pico-sdk/src/rp2_common/pico_cyw43_arch/cyw43_arch.c.obj
                0x10006768                cyw43_arch_async_context
 .text.cyw43_arch_init
                0x10006774       0x64 CMakeFiles/run_servo_button.dir/home/jthro/pico/pico-sdk/src/rp2_common/pico_cyw43_arch/cyw43_arch_threadsafe_background.c.obj
                0x10006774                cyw43_arch_init
 .text.ns_delay.constprop.0
                0x100067d8       0x20 CMakeFiles/run_servo_button.dir/home/jthro/pico/pico-sdk/src/rp2_common/pico_cyw43_driver/cyw43_bus_pio_spi.c.obj
 .text.cyw43_spi_deinit
                0x100067f8       0x7c CMakeFiles/run_servo_button.dir/home/jthro/pico/pico-sdk/src/rp2_common/pico_cyw43_driver/cyw43_bus_pio_spi.c.obj
                0x100067f8                cyw43_spi_deinit
 .text.cyw43_spi_init
                0x10006874      0x14c CMakeFiles/run_servo_button.dir/home/jthro/pico/pico-sdk/src/rp2_common/pico_cyw43_driver/cyw43_bus_pio_spi.c.obj
                0x10006874                cyw43_spi_init
 .text.cyw43_spi_transfer
                0x100069c0      0x3e0 CMakeFiles/run_servo_button.dir/home/jthro/pico/pico-sdk/src/rp2_common/pico_cyw43_driver/cyw43_bus_pio_spi.c.obj
                0x100069c0                cyw43_spi_transfer
 .text.cyw43_spi_gpio_setup
                0x10006da0       0x3c CMakeFiles/run_servo_button.dir/home/jthro/pico/pico-sdk/src/rp2_common/pico_cyw43_driver/cyw43_bus_pio_spi.c.obj
                0x10006da0                cyw43_spi_gpio_setup
 .text.cyw43_spi_reset
                0x10006ddc       0x28 CMakeFiles/run_servo_button.dir/home/jthro/pico/pico-sdk/src/rp2_common/pico_cyw43_driver/cyw43_bus_pio_spi.c.obj
                0x10006ddc                cyw43_spi_reset
 .text.read_reg_u32_swap
                0x10006e04       0x3c CMakeFiles/run_servo_button.dir/home/jthro/pico/pico-sdk/src/rp2_common/pico_cyw43_driver/cyw43_bus_pio_spi.c.obj
                0x10006e04                read_reg_u32_swap
 .text.cyw43_read_reg_u32
                0x10006e40       0x50 CMakeFiles/run_servo_button.dir/home/jthro/pico/pico-sdk/src/rp2_common/pico_cyw43_driver/cyw43_bus_pio_spi.c.obj
                0x10006e40                cyw43_read_reg_u32
 .text.cyw43_read_reg_u16
                0x10006e90       0x50 CMakeFiles/run_servo_button.dir/home/jthro/pico/pico-sdk/src/rp2_common/pico_cyw43_driver/cyw43_bus_pio_spi.c.obj
                0x10006e90                cyw43_read_reg_u16
 .text.cyw43_read_reg_u8
                0x10006ee0       0x50 CMakeFiles/run_servo_button.dir/home/jthro/pico/pico-sdk/src/rp2_common/pico_cyw43_driver/cyw43_bus_pio_spi.c.obj
                0x10006ee0                cyw43_read_reg_u8
 .text.write_reg_u32_swap
                0x10006f30      0x1e8 CMakeFiles/run_servo_button.dir/home/jthro/pico/pico-sdk/src/rp2_common/pico_cyw43_driver/cyw43_bus_pio_spi.c.obj
                0x10006f30                write_reg_u32_swap
 .text.cyw43_write_reg_u32
                0x10007118      0x208 CMakeFiles/run_servo_button.dir/home/jthro/pico/pico-sdk/src/rp2_common/pico_cyw43_driver/cyw43_bus_pio_spi.c.obj
                0x10007118                cyw43_write_reg_u32
 .text.cyw43_write_reg_u16
                0x10007320      0x208 CMakeFiles/run_servo_button.dir/home/jthro/pico/pico-sdk/src/rp2_common/pico_cyw43_driver/cyw43_bus_pio_spi.c.obj
                0x10007320                cyw43_write_reg_u16
 .text.cyw43_write_reg_u8
                0x10007528      0x208 CMakeFiles/run_servo_button.dir/home/jthro/pico/pico-sdk/src/rp2_common/pico_cyw43_driver/cyw43_bus_pio_spi.c.obj
                0x10007528                cyw43_write_reg_u8
 .text.cyw43_read_bytes
                0x10007730       0x78 CMakeFiles/run_servo_button.dir/home/jthro/pico/pico-sdk/src/rp2_common/pico_cyw43_driver/cyw43_bus_pio_spi.c.obj
                0x10007730                cyw43_read_bytes
 .text.cyw43_write_bytes
                0x100077a8       0xc0 CMakeFiles/run_servo_button.dir/home/jthro/pico/pico-sdk/src/rp2_common/pico_cyw43_driver/cyw43_bus_pio_spi.c.obj
                0x100077a8                cyw43_write_bytes
 .text.cyw43_set_backplane_window
                0x10007868       0x68 CMakeFiles/run_servo_button.dir/home/jthro/pico/pico-sdk/lib/cyw43-driver/src/cyw43_ll.c.obj
 .text.cyw43_ll_parse_async_event
                0x100078d0      0x134 CMakeFiles/run_servo_button.dir/home/jthro/pico/pico-sdk/lib/cyw43-driver/src/cyw43_ll.c.obj
 .text.cyw43_kso_set
                0x10007a04       0x80 CMakeFiles/run_servo_button.dir/home/jthro/pico/pico-sdk/lib/cyw43-driver/src/cyw43_ll.c.obj
 .text.cyw43_ll_sdpcm_poll_device
                0x10007a84      0x238 CMakeFiles/run_servo_button.dir/home/jthro/pico/pico-sdk/lib/cyw43-driver/src/cyw43_ll.c.obj
 .text.cyw43_sdpcm_send_common
                0x10007cbc       0xf4 CMakeFiles/run_servo_button.dir/home/jthro/pico/pico-sdk/lib/cyw43-driver/src/cyw43_ll.c.obj
 .text.cyw43_do_ioctl
                0x10007db0      0x110 CMakeFiles/run_servo_button.dir/home/jthro/pico/pico-sdk/lib/cyw43-driver/src/cyw43_ll.c.obj
 .text.cyw43_do_ioctl.constprop.0
                0x10007ec0      0x108 CMakeFiles/run_servo_button.dir/home/jthro/pico/pico-sdk/lib/cyw43-driver/src/cyw43_ll.c.obj
 .text.cyw43_read_backplane.constprop.0
                0x10007fc8       0xe4 CMakeFiles/run_servo_button.dir/home/jthro/pico/pico-sdk/lib/cyw43-driver/src/cyw43_ll.c.obj
 .text.reset_device_core.constprop.0
                0x100080ac      0x410 CMakeFiles/run_servo_button.dir/home/jthro/pico/pico-sdk/lib/cyw43-driver/src/cyw43_ll.c.obj
 .text.cyw43_ll_init
                0x100084bc       0x1c CMakeFiles/run_servo_button.dir/home/jthro/pico/pico-sdk/lib/cyw43-driver/src/cyw43_ll.c.obj
                0x100084bc                cyw43_ll_init
 .text.cyw43_ll_deinit
                0x100084d8        0x8 CMakeFiles/run_servo_button.dir/home/jthro/pico/pico-sdk/lib/cyw43-driver/src/cyw43_ll.c.obj
                0x100084d8                cyw43_ll_deinit
 .text.cyw43_ll_process_packets
                0x100084e0       0x54 CMakeFiles/run_servo_button.dir/home/jthro/pico/pico-sdk/lib/cyw43-driver/src/cyw43_ll.c.obj
                0x100084e0                cyw43_ll_process_packets
 .text.cyw43_ll_ioctl
                0x10008534       0x20 CMakeFiles/run_servo_button.dir/home/jthro/pico/pico-sdk/lib/cyw43-driver/src/cyw43_ll.c.obj
                0x10008534                cyw43_ll_ioctl
 .text.cyw43_ll_bus_sleep
                0x10008554       0x34 CMakeFiles/run_servo_button.dir/home/jthro/pico/pico-sdk/lib/cyw43-driver/src/cyw43_ll.c.obj
                0x10008554                cyw43_ll_bus_sleep
 .text.cyw43_ll_bus_init
                0x10008588      0xb6c CMakeFiles/run_servo_button.dir/home/jthro/pico/pico-sdk/lib/cyw43-driver/src/cyw43_ll.c.obj
                0x10008588                cyw43_ll_bus_init
 .text.cyw43_ll_wifi_get_mac
                0x100090f4       0x40 CMakeFiles/run_servo_button.dir/home/jthro/pico/pico-sdk/lib/cyw43-driver/src/cyw43_ll.c.obj
                0x100090f4                cyw43_ll_wifi_get_mac
 .text.cyw43_ll_wifi_set_wpa_auth
                0x10009134       0x2c CMakeFiles/run_servo_button.dir/home/jthro/pico/pico-sdk/lib/cyw43-driver/src/cyw43_ll.c.obj
                0x10009134                cyw43_ll_wifi_set_wpa_auth
 .text.cyw43_ll_wifi_rejoin
                0x10009160       0x1c CMakeFiles/run_servo_button.dir/home/jthro/pico/pico-sdk/lib/cyw43-driver/src/cyw43_ll.c.obj
                0x10009160                cyw43_ll_wifi_rejoin
 .text.cyw43_ll_gpio_set
                0x1000917c       0x68 CMakeFiles/run_servo_button.dir/home/jthro/pico/pico-sdk/lib/cyw43-driver/src/cyw43_ll.c.obj
                0x1000917c                cyw43_ll_gpio_set
 .text.cyw43_ll_has_work
                0x100091e4       0x14 CMakeFiles/run_servo_button.dir/home/jthro/pico/pico-sdk/lib/cyw43-driver/src/cyw43_ll.c.obj
                0x100091e4                cyw43_ll_has_work
 .text.cyw43_poll_func
                0x100091f8       0xc0 CMakeFiles/run_servo_button.dir/home/jthro/pico/pico-sdk/lib/cyw43-driver/src/cyw43_ctrl.c.obj
 .text.cyw43_init
                0x100092b8       0x6c CMakeFiles/run_servo_button.dir/home/jthro/pico/pico-sdk/lib/cyw43-driver/src/cyw43_ctrl.c.obj
                0x100092b8                cyw43_init
 .text.cyw43_deinit
                0x10009324       0x90 CMakeFiles/run_servo_button.dir/home/jthro/pico/pico-sdk/lib/cyw43-driver/src/cyw43_ctrl.c.obj
                0x10009324                cyw43_deinit
 .text.cyw43_cb_read_host_interrupt_pin
                0x100093b4        0xc CMakeFiles/run_servo_button.dir/home/jthro/pico/pico-sdk/lib/cyw43-driver/src/cyw43_ctrl.c.obj
                0x100093b4                cyw43_cb_read_host_interrupt_pin
 .text.cyw43_cb_ensure_awake
                0x100093c0        0xc CMakeFiles/run_servo_button.dir/home/jthro/pico/pico-sdk/lib/cyw43-driver/src/cyw43_ctrl.c.obj
                0x100093c0                cyw43_cb_ensure_awake
 .text.cyw43_cb_process_async_event
                0x100093cc      0x214 CMakeFiles/run_servo_button.dir/home/jthro/pico/pico-sdk/lib/cyw43-driver/src/cyw43_ctrl.c.obj
                0x100093cc                cyw43_cb_process_async_event
 .text.cyw43_gpio_set
                0x100095e0       0xa0 CMakeFiles/run_servo_button.dir/home/jthro/pico/pico-sdk/lib/cyw43-driver/src/cyw43_ctrl.c.obj
                0x100095e0                cyw43_gpio_set
 .text.pio_sm_unclaim
                0x10009680       0x20 CMakeFiles/run_servo_button.dir/home/jthro/pico/pico-sdk/src/rp2_common/hardware_pio/pio.c.obj
                0x10009680                pio_sm_unclaim
 .text.pio_claim_unused_sm
                0x100096a0       0x3c CMakeFiles/run_servo_button.dir/home/jthro/pico/pico-sdk/src/rp2_common/hardware_pio/pio.c.obj
                0x100096a0                pio_claim_unused_sm
 .text.pio_can_add_program
                0x100096dc       0x68 CMakeFiles/run_servo_button.dir/home/jthro/pico/pico-sdk/src/rp2_common/hardware_pio/pio.c.obj
                0x100096dc                pio_can_add_program
 .text.pio_add_program
                0x10009744       0xf0 CMakeFiles/run_servo_button.dir/home/jthro/pico/pico-sdk/src/rp2_common/hardware_pio/pio.c.obj
                0x10009744                pio_add_program
 .text.pio_remove_program
                0x10009834       0x34 CMakeFiles/run_servo_button.dir/home/jthro/pico/pico-sdk/src/rp2_common/hardware_pio/pio.c.obj
                0x10009834                pio_remove_program
 .text.pio_sm_set_pindirs_with_mask
                0x10009868       0xa8 CMakeFiles/run_servo_button.dir/home/jthro/pico/pico-sdk/src/rp2_common/hardware_pio/pio.c.obj
                0x10009868                pio_sm_set_pindirs_with_mask
 .text.pio_sm_set_consecutive_pindirs
                0x10009910       0xa8 CMakeFiles/run_servo_button.dir/home/jthro/pico/pico-sdk/src/rp2_common/hardware_pio/pio.c.obj
                0x10009910                pio_sm_set_consecutive_pindirs
 .text.dma_channel_unclaim
                0x100099b8       0x14 CMakeFiles/run_servo_button.dir/home/jthro/pico/pico-sdk/src/rp2_common/hardware_dma/dma.c.obj
                0x100099b8                dma_channel_unclaim
 .text.dma_claim_unused_channel
                0x100099cc       0x24 CMakeFiles/run_servo_button.dir/home/jthro/pico/pico-sdk/src/rp2_common/hardware_dma/dma.c.obj
                0x100099cc                dma_claim_unused_channel
 .text.dma_channel_cleanup
                0x100099f0       0x60 CMakeFiles/run_servo_button.dir/home/jthro/pico/pico-sdk/src/rp2_common/hardware_dma/dma.c.obj
                0x100099f0                dma_channel_cleanup
 .text.cyw43_sleep_timeout_reached
                0x10009a50       0x10 CMakeFiles/run_servo_button.dir/home/jthro/pico/pico-sdk/src/rp2_common/pico_cyw43_driver/cyw43_driver.c.obj
 .text.cyw43_irq_init
                0x10009a60       0x28 CMakeFiles/run_servo_button.dir/home/jthro/pico/pico-sdk/src/rp2_common/pico_cyw43_driver/cyw43_driver.c.obj
                0x10009a60                cyw43_irq_init
 .text.cyw43_irq_deinit
                0x10009a88       0x20 CMakeFiles/run_servo_button.dir/home/jthro/pico/pico-sdk/src/rp2_common/pico_cyw43_driver/cyw43_driver.c.obj
                0x10009a88                cyw43_irq_deinit
 .text.cyw43_gpio_irq_handler
                0x10009aa8       0x44 CMakeFiles/run_servo_button.dir/home/jthro/pico/pico-sdk/src/rp2_common/pico_cyw43_driver/cyw43_driver.c.obj
 .text.cyw43_do_poll
                0x10009aec       0x70 CMakeFiles/run_servo_button.dir/home/jthro/pico/pico-sdk/src/rp2_common/pico_cyw43_driver/cyw43_driver.c.obj
 .text.cyw43_post_poll_hook
                0x10009b5c       0x10 CMakeFiles/run_servo_button.dir/home/jthro/pico/pico-sdk/src/rp2_common/pico_cyw43_driver/cyw43_driver.c.obj
                0x10009b5c                cyw43_post_poll_hook
 .text.cyw43_schedule_internal_poll_dispatch
                0x10009b6c       0x18 CMakeFiles/run_servo_button.dir/home/jthro/pico/pico-sdk/src/rp2_common/pico_cyw43_driver/cyw43_driver.c.obj
                0x10009b6c                cyw43_schedule_internal_poll_dispatch
 .text.cyw43_driver_init
                0x10009b84       0x38 CMakeFiles/run_servo_button.dir/home/jthro/pico/pico-sdk/src/rp2_common/pico_cyw43_driver/cyw43_driver.c.obj
                0x10009b84                cyw43_driver_init
 .text.cyw43_driver_deinit
                0x10009bbc       0x44 CMakeFiles/run_servo_button.dir/home/jthro/pico/pico-sdk/src/rp2_common/pico_cyw43_driver/cyw43_driver.c.obj
                0x10009bbc                cyw43_driver_deinit
 .text.cyw43_hal_generate_laa_mac
                0x10009c00       0x28 CMakeFiles/run_servo_button.dir/home/jthro/pico/pico-sdk/src/rp2_common/pico_cyw43_driver/cyw43_driver.c.obj
                0x10009c00                cyw43_hal_generate_laa_mac
 .text.cyw43_thread_enter
                0x10009c28       0x14 CMakeFiles/run_servo_button.dir/home/jthro/pico/pico-sdk/src/rp2_common/pico_cyw43_driver/cyw43_driver.c.obj
                0x10009c28                cyw43_thread_enter
 .text.cyw43_thread_exit
                0x10009c3c       0x14 CMakeFiles/run_servo_button.dir/home/jthro/pico/pico-sdk/src/rp2_common/pico_cyw43_driver/cyw43_driver.c.obj
                0x10009c3c                cyw43_thread_exit
 .text.cyw43_await_background_or_timeout_us
                0x10009c50       0x34 CMakeFiles/run_servo_button.dir/home/jthro/pico/pico-sdk/src/rp2_common/pico_cyw43_driver/cyw43_driver.c.obj
                0x10009c50                cyw43_await_background_or_timeout_us
 .text.cyw43_delay_ms
                0x10009c84       0x48 CMakeFiles/run_servo_button.dir/home/jthro/pico/pico-sdk/src/rp2_common/pico_cyw43_driver/cyw43_driver.c.obj
                0x10009c84                cyw43_delay_ms
 .text.cyw43_cb_tcpip_deinit
                0x10009ccc        0x4 CMakeFiles/run_servo_button.dir/home/jthro/pico/pico-sdk/src/rp2_common/pico_cyw43_driver/cyw43_driver.c.obj
                0x10009ccc                cyw43_cb_tcpip_deinit
 .text.cyw43_cb_tcpip_set_link_up
                0x10009cd0        0xc CMakeFiles/run_servo_button.dir/home/jthro/pico/pico-sdk/src/rp2_common/pico_cyw43_driver/cyw43_driver.c.obj
                0x10009cd0                cyw43_cb_tcpip_set_link_up
 .text.cyw43_cb_tcpip_set_link_down
                0x10009cdc        0xc CMakeFiles/run_servo_button.dir/home/jthro/pico/pico-sdk/src/rp2_common/pico_cyw43_driver/cyw43_driver.c.obj
                0x10009cdc                cyw43_cb_tcpip_set_link_down
 .text.cyw43_cb_process_ethernet
                0x10009ce8        0xc CMakeFiles/run_servo_button.dir/home/jthro/pico/pico-sdk/src/rp2_common/pico_cyw43_driver/cyw43_driver.c.obj
                0x10009ce8                cyw43_cb_process_ethernet
 .text.async_context_threadsafe_background_acquire_lock_blocking
                0x10009cf4        0xc CMakeFiles/run_servo_button.dir/home/jthro/pico/pico-sdk/src/rp2_common/pico_async_context/async_context_threadsafe_background.c.obj
 .text.alarm_handler
                0x10009d00       0x20 CMakeFiles/run_servo_button.dir/home/jthro/pico/pico-sdk/src/rp2_common/pico_async_context/async_context_threadsafe_background.c.obj
 .text.async_context_threadsafe_background_set_work_pending
                0x10009d20       0x1c CMakeFiles/run_servo_button.dir/home/jthro/pico/pico-sdk/src/rp2_common/pico_async_context/async_context_threadsafe_background.c.obj
 .text.process_under_lock
                0x10009d3c       0xcc CMakeFiles/run_servo_button.dir/home/jthro/pico/pico-sdk/src/rp2_common/pico_async_context/async_context_threadsafe_background.c.obj
 .text.async_context_threadsafe_background_execute_sync
                0x10009e08       0x30 CMakeFiles/run_servo_button.dir/home/jthro/pico/pico-sdk/src/rp2_common/pico_async_context/async_context_threadsafe_background.c.obj
                0x10009e08                async_context_threadsafe_background_execute_sync
 .text.async_context_threadsafe_background_deinit
                0x10009e38       0x54 CMakeFiles/run_servo_button.dir/home/jthro/pico/pico-sdk/src/rp2_common/pico_async_context/async_context_threadsafe_background.c.obj
 .text.low_priority_irq_handler
                0x10009e8c       0x3c CMakeFiles/run_servo_button.dir/home/jthro/pico/pico-sdk/src/rp2_common/pico_async_context/async_context_threadsafe_background.c.obj
 .text.async_context_threadsafe_background_wait_for_work_until
                0x10009ec8        0xc CMakeFiles/run_servo_button.dir/home/jthro/pico/pico-sdk/src/rp2_common/pico_async_context/async_context_threadsafe_background.c.obj
 .text.async_context_threadsafe_background_wait_until
                0x10009ed4       0x1c CMakeFiles/run_servo_button.dir/home/jthro/pico/pico-sdk/src/rp2_common/pico_async_context/async_context_threadsafe_background.c.obj
 .text.async_context_threadsafe_background_lock_check
                0x10009ef0       0x28 CMakeFiles/run_servo_button.dir/home/jthro/pico/pico-sdk/src/rp2_common/pico_async_context/async_context_threadsafe_background.c.obj
 .text.async_context_threadsafe_background_release_lock
                0x10009f18       0x1c CMakeFiles/run_servo_button.dir/home/jthro/pico/pico-sdk/src/rp2_common/pico_async_context/async_context_threadsafe_background.c.obj
 .text.async_context_threadsafe_background_add_at_time_worker
                0x10009f34       0x34 CMakeFiles/run_servo_button.dir/home/jthro/pico/pico-sdk/src/rp2_common/pico_async_context/async_context_threadsafe_background.c.obj
 .text.async_context_threadsafe_background_remove_at_time_worker
                0x10009f68       0x34 CMakeFiles/run_servo_button.dir/home/jthro/pico/pico-sdk/src/rp2_common/pico_async_context/async_context_threadsafe_background.c.obj
 .text.async_context_threadsafe_background_add_when_pending_worker
                0x10009f9c       0x34 CMakeFiles/run_servo_button.dir/home/jthro/pico/pico-sdk/src/rp2_common/pico_async_context/async_context_threadsafe_background.c.obj
 .text.async_context_threadsafe_background_when_pending_worker
                0x10009fd0       0x34 CMakeFiles/run_servo_button.dir/home/jthro/pico/pico-sdk/src/rp2_common/pico_async_context/async_context_threadsafe_background.c.obj
 .text.async_context_threadsafe_background_default_config
                0x1000a004        0xc CMakeFiles/run_servo_button.dir/home/jthro/pico/pico-sdk/src/rp2_common/pico_async_context/async_context_threadsafe_background.c.obj
                0x1000a004                async_context_threadsafe_background_default_config
 .text.async_context_threadsafe_background_init
                0x1000a010       0x8c CMakeFiles/run_servo_button.dir/home/jthro/pico/pico-sdk/src/rp2_common/pico_async_context/async_context_threadsafe_background.c.obj
                0x1000a010                async_context_threadsafe_background_init
 .text.async_context_base_add_at_time_worker
                0x1000a09c       0x24 CMakeFiles/run_servo_button.dir/home/jthro/pico/pico-sdk/src/rp2_common/pico_async_context/async_context_base.c.obj
                0x1000a09c                async_context_base_add_at_time_worker
 .text.async_context_base_remove_at_time_worker
                0x1000a0c0       0x28 CMakeFiles/run_servo_button.dir/home/jthro/pico/pico-sdk/src/rp2_common/pico_async_context/async_context_base.c.obj
                0x1000a0c0                async_context_base_remove_at_time_worker
 .text.async_context_base_add_when_pending_worker
                0x1000a0e8       0x24 CMakeFiles/run_servo_button.dir/home/jthro/pico/pico-sdk/src/rp2_common/pico_async_context/async_context_base.c.obj
                0x1000a0e8                async_context_base_add_when_pending_worker
 .text.async_context_base_remove_when_pending_worker
                0x1000a10c       0x28 CMakeFiles/run_servo_button.dir/home/jthro/pico/pico-sdk/src/rp2_common/pico_async_context/async_context_base.c.obj
                0x1000a10c                async_context_base_remove_when_pending_worker
 .text.async_context_base_execute_once
                0x1000a134      0x108 CMakeFiles/run_servo_button.dir/home/jthro/pico/pico-sdk/src/rp2_common/pico_async_context/async_context_base.c.obj
                0x1000a134                async_context_base_execute_once
 .text.atexit   0x1000a23c       0x10 /usr/lib/gcc/arm-none-eabi/13.2.0/../../../../arm-none-eabi/lib/thumb/v6-m/nofp/libc.a(libc_a-atexit.o)
                0x1000a23c                atexit
 .text.memmove  0x1000a24c       0xb0 /usr/lib/gcc/arm-none-eabi/13.2.0/../../../../arm-none-eabi/lib/thumb/v6-m/nofp/libc.a(libc_a-memmove.o)
                0x1000a24c                memmove
 .text.strncmp  0x1000a2fc       0x74 /usr/lib/gcc/arm-none-eabi/13.2.0/../../../../arm-none-eabi/lib/thumb/v6-m/nofp/libc.a(libc_a-strncmp.o)
                0x1000a2fc                strncmp
 .text.__libc_fini_array
                0x1000a370       0x28 /usr/lib/gcc/arm-none-eabi/13.2.0/../../../../arm-none-eabi/lib/thumb/v6-m/nofp/libc.a(libc_a-fini.o)
                0x1000a370                __libc_fini_array
 .text.__retarget_lock_acquire_recursive
                0x1000a398        0x4 /usr/lib/gcc/arm-none-eabi/13.2.0/../../../../arm-none-eabi/lib/thumb/v6-m/nofp/libc.a(libc_a-lock.o)
                0x1000a398                __retarget_lock_acquire_recursive
 .text.__retarget_lock_release_recursive
                0x1000a39c        0x4 /usr/lib/gcc/arm-none-eabi/13.2.0/../../../../arm-none-eabi/lib/thumb/v6-m/nofp/libc.a(libc_a-lock.o)
                0x1000a39c                __retarget_lock_release_recursive
 .text.strlen   0x1000a3a0       0x5c /usr/lib/gcc/arm-none-eabi/13.2.0/../../../../arm-none-eabi/lib/thumb/v6-m/nofp/libc.a(libc_a-strlen-stub.o)
                0x1000a3a0                strlen
 .text.__register_exitproc
                0x1000a3fc       0xa8 /usr/lib/gcc/arm-none-eabi/13.2.0/../../../../arm-none-eabi/lib/thumb/v6-m/nofp/libc.a(libc_a-__atexit.o)
                0x1000a3fc                __register_exitproc
 .text.startup.register_fini
                0x1000a4a4       0x18 /usr/lib/gcc/arm-none-eabi/13.2.0/../../../../arm-none-eabi/lib/thumb/v6-m/nofp/libc.a(libc_a-__call_atexit.o)
 *(.fini)
 .fini          0x1000a4bc        0x4 /usr/lib/gcc/arm-none-eabi/13.2.0/thumb/v6-m/nofp/crti.o
                0x1000a4bc                _fini
 .fini.__stub   0x1000a4c0      0x110 linker stubs
 *crtbegin.o(.ctors)
 *crtbegin?.o(.ctors)
 *(EXCLUDE_FILE(*crtend.o *crtend?.o) .ctors)
 *(SORT_BY_NAME(.ctors.*))
 *(.ctors)
 *crtbegin.o(.dtors)
 *crtbegin?.o(.dtors)
 *(EXCLUDE_FILE(*crtend.o *crtend?.o) .dtors)
 *(SORT_BY_NAME(.dtors.*))
 *(.dtors)
 *(.eh_frame*)
 .eh_frame      0x1000a5d0        0x0 /usr/lib/gcc/arm-none-eabi/13.2.0/thumb/v6-m/nofp/crtbegin.o
                0x1000a5d0                        . = ALIGN (0x4)

.glue_7         0x1000a5d0        0x0
 .glue_7        0x1000a5d0        0x0 linker stubs

.glue_7t        0x1000a5d0        0x0
 .glue_7t       0x1000a5d0        0x0 linker stubs

.vfp11_veneer   0x1000a5d0        0x0
 .vfp11_veneer  0x1000a5d0        0x0 linker stubs

.v4_bx          0x1000a5d0        0x0
 .v4_bx         0x1000a5d0        0x0 linker stubs

.iplt           0x1000a5d0        0x0
 .iplt          0x1000a5d0        0x0 /usr/lib/gcc/arm-none-eabi/13.2.0/thumb/v6-m/nofp/crtbegin.o

.rodata         0x1000a5d0    0x37e88
 *(EXCLUDE_FILE(*libm.a: *libc.a:*lib_a-mem*.o *libgcc.a:) .rodata*)
 .rodata.main.str1.4
                0x1000a5d0      0x564 CMakeFiles/run_servo_button.dir/run_servo_button.c.obj
                                 0x12 (size before relaxing)
 .rodata.str1.4
                0x1000ab34       0x25 CMakeFiles/run_servo_button.dir/run_servo_button.c.obj
 .rodata.__bi_13.0
                0x1000ab34        0xc CMakeFiles/run_servo_button.dir/run_servo_button.c.obj
 .rodata.__bi_14.1
                0x1000ab40        0xc CMakeFiles/run_servo_button.dir/run_servo_button.c.obj
 .rodata.spin_lock_claim_unused.str1.4
                0x1000ab4c       0x1b CMakeFiles/run_servo_button.dir/home/jthro/pico/pico-sdk/src/rp2_common/hardware_sync/sync.c.obj
 .rodata.user_irq_claim_unused.str1.4
                0x1000ab4c       0x1b CMakeFiles/run_servo_button.dir/home/jthro/pico/pico-sdk/src/rp2_common/hardware_irq/irq.c.obj
 *fill*         0x1000ab4c        0x4 
 .rodata.at_the_end_of_time
                0x1000ab50        0x8 CMakeFiles/run_servo_button.dir/home/jthro/pico/pico-sdk/src/common/pico_time/time.c.obj
                0x1000ab50                at_the_end_of_time
 .rodata.hardware_alarm_claim.str1.4
                0x1000ab58       0x22 CMakeFiles/run_servo_button.dir/home/jthro/pico/pico-sdk/src/rp2_common/hardware_timer/timer.c.obj
 .rodata.panic.str1.4
                0x1000ab58       0x12 CMakeFiles/run_servo_button.dir/home/jthro/pico/pico-sdk/src/rp2_common/pico_runtime/runtime.c.obj
 .rodata.hard_assertion_failure.str1.4
                0x1000ab58        0xc CMakeFiles/run_servo_button.dir/home/jthro/pico/pico-sdk/src/rp2_common/pico_runtime/runtime.c.obj
 .rodata._ftoa.str1.4
                0x1000ab58       0x15 CMakeFiles/run_servo_button.dir/home/jthro/pico/pico-sdk/src/rp2_common/pico_printf/printf.c.obj
 .rodata._vsnprintf
                0x1000ab58      0x19c CMakeFiles/run_servo_button.dir/home/jthro/pico/pico-sdk/src/rp2_common/pico_printf/printf.c.obj
 *fill*         0x1000acf4        0x4 
 .rodata.pow10.0
                0x1000acf8       0x50 CMakeFiles/run_servo_button.dir/home/jthro/pico/pico-sdk/src/rp2_common/pico_printf/printf.c.obj
 .rodata.missing_double_func_shim.str1.4
                0x1000ad48       0x18 CMakeFiles/run_servo_button.dir/home/jthro/pico/pico-sdk/src/rp2_common/pico_double/double_init_rom.c.obj
 .rodata.missing_float_func_shim.str1.4
                0x1000ad48        0x1 CMakeFiles/run_servo_button.dir/home/jthro/pico/pico-sdk/src/rp2_common/pico_float/float_init_rom.c.obj
 .rodata.str1.4
                0x1000ad48       0x48 CMakeFiles/run_servo_button.dir/home/jthro/pico/pico-sdk/src/rp2_common/pico_standard_link/binary_info.c.obj
 .rodata.__bi_81
                0x1000ad48        0xc CMakeFiles/run_servo_button.dir/home/jthro/pico/pico-sdk/src/rp2_common/pico_standard_link/binary_info.c.obj
 .rodata.__bi_75
                0x1000ad54        0xc CMakeFiles/run_servo_button.dir/home/jthro/pico/pico-sdk/src/rp2_common/pico_standard_link/binary_info.c.obj
 .rodata.__bi_44
                0x1000ad60        0xc CMakeFiles/run_servo_button.dir/home/jthro/pico/pico-sdk/src/rp2_common/pico_standard_link/binary_info.c.obj
 .rodata.crlf_str.0
                0x1000ad6c        0x2 CMakeFiles/run_servo_button.dir/home/jthro/pico/pico-sdk/src/rp2_common/pico_stdio/stdio.c.obj
 *fill*         0x1000ad6e        0x2 
 .rodata._resetd_driver
                0x1000ad70       0x18 CMakeFiles/run_servo_button.dir/home/jthro/pico/pico-sdk/src/rp2_common/pico_stdio_usb/reset_interface.c.obj
 .rodata.str1.4
                0x1000ad88       0x13 CMakeFiles/run_servo_button.dir/home/jthro/pico/pico-sdk/src/rp2_common/pico_stdio_usb/stdio_usb.c.obj
 .rodata.__bi_182.0
                0x1000ad88        0xc CMakeFiles/run_servo_button.dir/home/jthro/pico/pico-sdk/src/rp2_common/pico_stdio_usb/stdio_usb.c.obj
 .rodata.str1.4
                0x1000ad94       0x2a CMakeFiles/run_servo_button.dir/home/jthro/pico/pico-sdk/src/rp2_common/pico_stdio_usb/stdio_usb_descriptors.c.obj
 .rodata.usbd_desc_str
                0x1000ad94       0x18 CMakeFiles/run_servo_button.dir/home/jthro/pico/pico-sdk/src/rp2_common/pico_stdio_usb/stdio_usb_descriptors.c.obj
 .rodata.usbd_desc_cfg
                0x1000adac       0x54 CMakeFiles/run_servo_button.dir/home/jthro/pico/pico-sdk/src/rp2_common/pico_stdio_usb/stdio_usb_descriptors.c.obj
 .rodata.usbd_desc_device
                0x1000ae00       0x12 CMakeFiles/run_servo_button.dir/home/jthro/pico/pico-sdk/src/rp2_common/pico_stdio_usb/stdio_usb_descriptors.c.obj
 .rodata.str1.4
                0x1000ae12       0x14 CMakeFiles/run_servo_button.dir/home/jthro/pico/pico-sdk/lib/tinyusb/src/portable/raspberrypi/rp2040/dcd_rp2040.c.obj
 .rodata.str1.4
                0x1000ae12       0x53 CMakeFiles/run_servo_button.dir/home/jthro/pico/pico-sdk/lib/tinyusb/src/portable/raspberrypi/rp2040/rp2040_usb.c.obj
 *fill*         0x1000ae12        0x2 
 .rodata.tud_task_ext
                0x1000ae14       0x8c CMakeFiles/run_servo_button.dir/home/jthro/pico/pico-sdk/lib/tinyusb/src/device/usbd.c.obj
 .rodata._usbd_driver
                0x1000aea0       0x18 CMakeFiles/run_servo_button.dir/home/jthro/pico/pico-sdk/lib/tinyusb/src/device/usbd.c.obj
 .rodata.cyw43_read_bytes.str1.4
                0x1000aeb8       0x1a CMakeFiles/run_servo_button.dir/home/jthro/pico/pico-sdk/src/rp2_common/pico_cyw43_driver/cyw43_bus_pio_spi.c.obj
 .rodata.cyw43_write_bytes.str1.4
                0x1000aeb8        0xd CMakeFiles/run_servo_button.dir/home/jthro/pico/pico-sdk/src/rp2_common/pico_cyw43_driver/cyw43_bus_pio_spi.c.obj
 .rodata.spi_gap01_sample0_program
                0x1000aeb8        0x6 CMakeFiles/run_servo_button.dir/home/jthro/pico/pico-sdk/src/rp2_common/pico_cyw43_driver/cyw43_bus_pio_spi.c.obj
 *fill*         0x1000aebe        0x2 
 .rodata.spi_gap01_sample0_program_instructions
                0x1000aec0        0xc CMakeFiles/run_servo_button.dir/home/jthro/pico/pico-sdk/src/rp2_common/pico_cyw43_driver/cyw43_bus_pio_spi.c.obj
 .rodata.cyw43_kso_set.str1.4
                0x1000aecc       0x23 CMakeFiles/run_servo_button.dir/home/jthro/pico/pico-sdk/lib/cyw43-driver/src/cyw43_ll.c.obj
 .rodata.cyw43_ll_sdpcm_poll_device.str1.4
                0x1000aecc       0x55 CMakeFiles/run_servo_button.dir/home/jthro/pico/pico-sdk/lib/cyw43-driver/src/cyw43_ll.c.obj
 .rodata.cyw43_sdpcm_send_common.str1.4
                0x1000aecc       0x22 CMakeFiles/run_servo_button.dir/home/jthro/pico/pico-sdk/lib/cyw43-driver/src/cyw43_ll.c.obj
 .rodata.cyw43_do_ioctl.str1.4
                0x1000aecc       0x53 CMakeFiles/run_servo_button.dir/home/jthro/pico/pico-sdk/lib/cyw43-driver/src/cyw43_ll.c.obj
 .rodata.reset_device_core.constprop.0.str1.4
                0x1000aecc       0x1a CMakeFiles/run_servo_button.dir/home/jthro/pico/pico-sdk/lib/cyw43-driver/src/cyw43_ll.c.obj
 .rodata.cyw43_ll_bus_init.str1.4
                0x1000aecc       0xfe CMakeFiles/run_servo_button.dir/home/jthro/pico/pico-sdk/lib/cyw43-driver/src/cyw43_ll.c.obj
 .rodata.cyw43_ll_gpio_set.str1.4
                0x1000aecc        0x8 CMakeFiles/run_servo_button.dir/home/jthro/pico/pico-sdk/lib/cyw43-driver/src/cyw43_ll.c.obj
 .rodata.w43439A0_7_95_49_00_combined
                0x1000aecc    0x36fd8 CMakeFiles/run_servo_button.dir/home/jthro/pico/pico-sdk/lib/cyw43-driver/src/cyw43_ll.c.obj
 .rodata.wifi_nvram_4343
                0x10041ea4      0x2e7 CMakeFiles/run_servo_button.dir/home/jthro/pico/pico-sdk/lib/cyw43-driver/src/cyw43_ll.c.obj
 *fill*         0x1004218b        0x1 
 .rodata        0x1004218c       0x72 CMakeFiles/run_servo_button.dir/home/jthro/pico/pico-sdk/lib/cyw43-driver/src/cyw43_ll.c.obj
 .rodata.cyw43_cb_process_async_event.str1.4
                0x100421fe       0x28 CMakeFiles/run_servo_button.dir/home/jthro/pico/pico-sdk/lib/cyw43-driver/src/cyw43_ctrl.c.obj
 *fill*         0x100421fe        0x2 
 .rodata.cyw43_cb_process_async_event
                0x10042200       0xbc CMakeFiles/run_servo_button.dir/home/jthro/pico/pico-sdk/lib/cyw43-driver/src/cyw43_ctrl.c.obj
 .rodata.str1.4
                0x100422bc       0x9e CMakeFiles/run_servo_button.dir/home/jthro/pico/pico-sdk/lib/cyw43-driver/src/cyw43_ctrl.c.obj
 .rodata.cyw43_async_event_name_table
                0x100422bc      0x164 CMakeFiles/run_servo_button.dir/home/jthro/pico/pico-sdk/lib/cyw43-driver/src/cyw43_ctrl.c.obj
 .rodata.pio_claim_unused_sm.str1.4
                0x10042420       0x24 CMakeFiles/run_servo_button.dir/home/jthro/pico/pico-sdk/src/rp2_common/hardware_pio/pio.c.obj
 .rodata.pio_add_program.str1.4
                0x10042420       0x11 CMakeFiles/run_servo_button.dir/home/jthro/pico/pico-sdk/src/rp2_common/hardware_pio/pio.c.obj
 .rodata.dma_claim_unused_channel.str1.4
                0x10042420       0x1e CMakeFiles/run_servo_button.dir/home/jthro/pico/pico-sdk/src/rp2_common/hardware_dma/dma.c.obj
 .rodata.cyw43_cb_tcpip_set_link_up.str1.4
                0x10042420       0x20 CMakeFiles/run_servo_button.dir/home/jthro/pico/pico-sdk/src/rp2_common/pico_cyw43_driver/cyw43_driver.c.obj
 .rodata.async_context_threadsafe_background_lock_check.str1.4
                0x10042420       0x20 CMakeFiles/run_servo_button.dir/home/jthro/pico/pico-sdk/src/rp2_common/pico_async_context/async_context_threadsafe_background.c.obj
 .rodata.template
                0x10042420       0x38 CMakeFiles/run_servo_button.dir/home/jthro/pico/pico-sdk/src/rp2_common/pico_async_context/async_context_threadsafe_background.c.obj
                0x10042458                        . = ALIGN (0x4)
 *(SORT_BY_ALIGNMENT(SORT_BY_NAME(.flashdata*)))
                0x10042458                        . = ALIGN (0x4)

.ARM.extab
 *(.ARM.extab* .gnu.linkonce.armextab.*)
                0x10042458                        __exidx_start = .

.ARM.exidx
 *(.ARM.exidx* .gnu.linkonce.armexidx.*)
                0x10042458                        __exidx_end = .
                0x10042458                        . = ALIGN (0x4)
                0x10042458                        __binary_info_start = .

.binary_info    0x10042458       0x28
 *(.binary_info.keep.*)
 .binary_info.keep.__bi_ptr14
                0x10042458        0x4 CMakeFiles/run_servo_button.dir/run_servo_button.c.obj
 .binary_info.keep.__bi_ptr13
                0x1004245c        0x4 CMakeFiles/run_servo_button.dir/run_servo_button.c.obj
 .binary_info.keep.__bi_ptr81
                0x10042460        0x4 CMakeFiles/run_servo_button.dir/home/jthro/pico/pico-sdk/src/rp2_common/pico_standard_link/binary_info.c.obj
 .binary_info.keep.__bi_ptr75
                0x10042464        0x4 CMakeFiles/run_servo_button.dir/home/jthro/pico/pico-sdk/src/rp2_common/pico_standard_link/binary_info.c.obj
 .binary_info.keep.__bi_ptr50
                0x10042468        0x4 CMakeFiles/run_servo_button.dir/home/jthro/pico/pico-sdk/src/rp2_common/pico_standard_link/binary_info.c.obj
 .binary_info.keep.__bi_ptr44
                0x1004246c        0x4 CMakeFiles/run_servo_button.dir/home/jthro/pico/pico-sdk/src/rp2_common/pico_standard_link/binary_info.c.obj
 .binary_info.keep.__bi_ptr38
                0x10042470        0x4 CMakeFiles/run_servo_button.dir/home/jthro/pico/pico-sdk/src/rp2_common/pico_standard_link/binary_info.c.obj
 .binary_info.keep.__bi_ptr30
                0x10042474        0x4 CMakeFiles/run_servo_button.dir/home/jthro/pico/pico-sdk/src/rp2_common/pico_standard_link/binary_info.c.obj
 .binary_info.keep.__bi_ptr22
                0x10042478        0x4 CMakeFiles/run_servo_button.dir/home/jthro/pico/pico-sdk/src/rp2_common/pico_standard_link/binary_info.c.obj
 *(.binary_info.*)
 .binary_info.__bi_ptr182
                0x1004247c        0x4 CMakeFiles/run_servo_button.dir/home/jthro/pico/pico-sdk/src/rp2_common/pico_stdio_usb/stdio_usb.c.obj
                0x10042480                        __binary_info_end = .

.rel.dyn        0x10042480        0x0
 .rel.iplt      0x10042480        0x0 /usr/lib/gcc/arm-none-eabi/13.2.0/thumb/v6-m/nofp/crtbegin.o
                0x10042480                        . = ALIGN (0x4)

.ram_vector_table
                0x20000000       0xc0
 *(.ram_vector_table)
 .ram_vector_table
                0x20000000       0xc0 CMakeFiles/run_servo_button.dir/home/jthro/pico/pico-sdk/src/rp2_common/pico_runtime/runtime.c.obj
                0x20000000                ram_vector_table

.data           0x200000c0      0xff0 load address 0x10042480
                0x200000c0                        __data_start__ = .
 *(vtable)
 *(.time_critical*)
 .time_critical.sem_acquire_block_until
                0x200000c0       0x68 CMakeFiles/run_servo_button.dir/home/jthro/pico/pico-sdk/src/common/pico_sync/sem.c.obj
                0x200000c0                sem_acquire_block_until
 .time_critical.sem_release
                0x20000128       0x4c CMakeFiles/run_servo_button.dir/home/jthro/pico/pico-sdk/src/common/pico_sync/sem.c.obj
                0x20000128                sem_release
 .time_critical.recursive_mutex_enter_blocking
                0x20000174       0x50 CMakeFiles/run_servo_button.dir/home/jthro/pico/pico-sdk/src/common/pico_sync/mutex.c.obj
                0x20000174                recursive_mutex_enter_blocking
 .time_critical.mutex_try_enter
                0x200001c4       0x40 CMakeFiles/run_servo_button.dir/home/jthro/pico/pico-sdk/src/common/pico_sync/mutex.c.obj
                0x200001c4                mutex_try_enter
 .time_critical.mutex_try_enter_block_until
                0x20000204       0x9c CMakeFiles/run_servo_button.dir/home/jthro/pico/pico-sdk/src/common/pico_sync/mutex.c.obj
                0x20000204                mutex_try_enter_block_until
 .time_critical.recursive_mutex_try_enter
                0x200002a0       0x50 CMakeFiles/run_servo_button.dir/home/jthro/pico/pico-sdk/src/common/pico_sync/mutex.c.obj
                0x200002a0                recursive_mutex_try_enter
 .time_critical.mutex_enter_timeout_ms
                0x200002f0       0x90 CMakeFiles/run_servo_button.dir/home/jthro/pico/pico-sdk/src/common/pico_sync/mutex.c.obj
                0x200002f0                mutex_enter_timeout_ms
 .time_critical.mutex_exit
                0x20000380       0x28 CMakeFiles/run_servo_button.dir/home/jthro/pico/pico-sdk/src/common/pico_sync/mutex.c.obj
                0x20000380                mutex_exit
 .time_critical.recursive_mutex_exit
                0x200003a8       0x44 CMakeFiles/run_servo_button.dir/home/jthro/pico/pico-sdk/src/common/pico_sync/mutex.c.obj
                0x200003a8                recursive_mutex_exit
 .time_critical.flash_init_boot2_copyout
                0x200003ec       0x30 CMakeFiles/run_servo_button.dir/home/jthro/pico/pico-sdk/src/rp2_common/hardware_flash/flash.c.obj
 .time_critical.flash_enable_xip_via_boot2
                0x2000041c        0xc CMakeFiles/run_servo_button.dir/home/jthro/pico/pico-sdk/src/rp2_common/hardware_flash/flash.c.obj
 .time_critical.flash_cs_force
                0x20000428       0x38 CMakeFiles/run_servo_button.dir/home/jthro/pico/pico-sdk/src/rp2_common/hardware_flash/flash.c.obj
 .time_critical.flash_do_cmd
                0x20000460       0xc0 CMakeFiles/run_servo_button.dir/home/jthro/pico/pico-sdk/src/rp2_common/hardware_flash/flash.c.obj
                0x20000460                flash_do_cmd
 .time_critical.reset_non_control_endpoints
                0x20000520       0x68 CMakeFiles/run_servo_button.dir/home/jthro/pico/pico-sdk/lib/tinyusb/src/portable/raspberrypi/rp2040/dcd_rp2040.c.obj
 .time_critical.hw_handle_buff_status
                0x20000588       0xb0 CMakeFiles/run_servo_button.dir/home/jthro/pico/pico-sdk/lib/tinyusb/src/portable/raspberrypi/rp2040/dcd_rp2040.c.obj
 .time_critical.dcd_rp2040_irq
                0x20000638      0x510 CMakeFiles/run_servo_button.dir/home/jthro/pico/pico-sdk/lib/tinyusb/src/portable/raspberrypi/rp2040/dcd_rp2040.c.obj
 .time_critical.e15_is_bulkin_ep
                0x20000b48       0x28 CMakeFiles/run_servo_button.dir/home/jthro/pico/pico-sdk/lib/tinyusb/src/portable/raspberrypi/rp2040/rp2040_usb.c.obj
 .time_critical.e15_is_critical_frame_period
                0x20000b70       0x34 CMakeFiles/run_servo_button.dir/home/jthro/pico/pico-sdk/lib/tinyusb/src/portable/raspberrypi/rp2040/rp2040_usb.c.obj
 .time_critical.prepare_ep_buffer
                0x20000ba4       0x6c CMakeFiles/run_servo_button.dir/home/jthro/pico/pico-sdk/lib/tinyusb/src/portable/raspberrypi/rp2040/rp2040_usb.c.obj
 .time_critical.sync_ep_buffer
                0x20000c10       0x48 CMakeFiles/run_servo_button.dir/home/jthro/pico/pico-sdk/lib/tinyusb/src/portable/raspberrypi/rp2040/rp2040_usb.c.obj
 .time_critical._hw_endpoint_xfer_sync
                0x20000c58       0x28 CMakeFiles/run_servo_button.dir/home/jthro/pico/pico-sdk/lib/tinyusb/src/portable/raspberrypi/rp2040/rp2040_usb.c.obj
 .time_critical.hw_endpoint_reset_transfer
                0x20000c80        0xc CMakeFiles/run_servo_button.dir/home/jthro/pico/pico-sdk/lib/tinyusb/src/portable/raspberrypi/rp2040/rp2040_usb.c.obj
                0x20000c80                hw_endpoint_reset_transfer
 .time_critical._hw_endpoint_buffer_control_update32
                0x20000c8c       0x58 CMakeFiles/run_servo_button.dir/home/jthro/pico/pico-sdk/lib/tinyusb/src/portable/raspberrypi/rp2040/rp2040_usb.c.obj
                0x20000c8c                _hw_endpoint_buffer_control_update32
 .time_critical.hw_endpoint_start_next_buffer
                0x20000ce4       0x6c CMakeFiles/run_servo_button.dir/home/jthro/pico/pico-sdk/lib/tinyusb/src/portable/raspberrypi/rp2040/rp2040_usb.c.obj
                0x20000ce4                hw_endpoint_start_next_buffer
 .time_critical.hw_endpoint_xfer_continue
                0x20000d50       0x50 CMakeFiles/run_servo_button.dir/home/jthro/pico/pico-sdk/lib/tinyusb/src/portable/raspberrypi/rp2040/rp2040_usb.c.obj
                0x20000d50                hw_endpoint_xfer_continue
 .time_critical.tinyusb
                0x20000da0      0x16c CMakeFiles/run_servo_button.dir/home/jthro/pico/pico-sdk/lib/tinyusb/src/device/usbd.c.obj
                0x20000da0                dcd_event_handler
 *(.text*)
 .text          0x20000f0c        0x4 /usr/lib/gcc/arm-none-eabi/13.2.0/thumb/v6-m/nofp/libgcc.a(_dvmd_tls.o)
                0x20000f0c                __aeabi_ldiv0
                0x20000f0c                __aeabi_idiv0
 .text.__stub   0x20000f10       0x70 linker stubs
                0x20000f80                        . = ALIGN (0x4)
 *(.rodata*)
                0x20000f80                        . = ALIGN (0x4)
 *(.data*)
 .data.striped_spin_lock_num
                0x20000f80        0x1 CMakeFiles/run_servo_button.dir/home/jthro/pico/pico-sdk/src/rp2_common/hardware_sync/sync.c.obj
 *fill*         0x20000f81        0x3 
 .data          0x20000f84       0x48 CMakeFiles/run_servo_button.dir/home/jthro/pico/pico-sdk/src/rp2_common/hardware_irq/irq_handler_chain.S.obj
                0x20000f84                irq_handler_chain_slots
                0x20000fb4                irq_handler_chain_first_slot
                0x20000fbe                irq_handler_chain_remove_tail
 .data.default_alarm_pool
                0x20000fcc       0x18 CMakeFiles/run_servo_button.dir/home/jthro/pico/pico-sdk/src/common/pico_time/time.c.obj
 .data.default_alarm_pool_heap
                0x20000fe4       0x10 CMakeFiles/run_servo_button.dir/home/jthro/pico/pico-sdk/src/common/pico_time/time.c.obj
 *fill*         0x20000ff4        0xc 
 .data.aeabi_bits_funcs
                0x20001000       0x10 CMakeFiles/run_servo_button.dir/home/jthro/pico/pico-sdk/src/rp2_common/pico_bit_ops/bit_ops_aeabi.S.obj
                0x20001000                aeabi_bits_funcs
                0x20001010                aeabi_bits_funcs_end
 .data.aeabi_mem_funcs
                0x20001010       0x10 CMakeFiles/run_servo_button.dir/home/jthro/pico/pico-sdk/src/rp2_common/pico_mem_ops/mem_ops_aeabi.S.obj
                0x20001010                aeabi_mem_funcs
                0x20001020                aeabi_mem_funcs_end
 .data.stdio_usb
                0x20001020       0x18 CMakeFiles/run_servo_button.dir/home/jthro/pico/pico-sdk/src/rp2_common/pico_stdio_usb/stdio_usb.c.obj
                0x20001020                stdio_usb
 .data.ep_dir_string
                0x20001038        0x8 CMakeFiles/run_servo_button.dir/home/jthro/pico/pico-sdk/lib/tinyusb/src/portable/raspberrypi/rp2040/rp2040_usb.c.obj
                0x20001038                ep_dir_string
 .data._usbd_qdef
                0x20001040       0x1c CMakeFiles/run_servo_button.dir/home/jthro/pico/pico-sdk/lib/tinyusb/src/device/usbd.c.obj
                0x20001040                _usbd_qdef
 .data._usbd_rhport
                0x2000105c        0x1 CMakeFiles/run_servo_button.dir/home/jthro/pico/pico-sdk/lib/tinyusb/src/device/usbd.c.obj
 *fill*         0x2000105d        0x3 
 .data.cyw43_poll_worker
                0x20001060       0x10 CMakeFiles/run_servo_button.dir/home/jthro/pico/pico-sdk/src/rp2_common/pico_cyw43_driver/cyw43_driver.c.obj
 .data.sleep_timeout_worker
                0x20001070       0x18 CMakeFiles/run_servo_button.dir/home/jthro/pico/pico-sdk/src/rp2_common/pico_cyw43_driver/cyw43_driver.c.obj
 .data.__atexit_recursive_mutex
                0x20001088        0x4 /usr/lib/gcc/arm-none-eabi/13.2.0/../../../../arm-none-eabi/lib/thumb/v6-m/nofp/libc.a(libc_a-__call_atexit.o)
                0x20001088                __atexit_recursive_mutex
                0x2000108c                        . = ALIGN (0x4)
 *(.after_data.*)
                0x2000108c                        . = ALIGN (0x4)
                0x2000108c                        PROVIDE (__mutex_array_start = .)
 *(SORT_BY_NAME(.mutex_array.*))
 *(.mutex_array)
 .mutex_array   0x2000108c        0x8 CMakeFiles/run_servo_button.dir/home/jthro/pico/pico-sdk/src/rp2_common/pico_stdio/stdio.c.obj
                0x20001094                        PROVIDE (__mutex_array_end = .)
                0x20001094                        . = ALIGN (0x4)
                0x20001094                        PROVIDE (__preinit_array_start = .)
 *(SORT_BY_NAME(.preinit_array.*))
 .preinit_array.00001