Archive member included to satisfy reference by file (symbol)

/usr/lib/gcc/arm-none-eabi/13.2.0/thumb/v6-m/nofp/libgcc.a(_dvmd_tls.o)
                              CMakeFiles/test.dir/home/jthro/pico/pico-sdk/src/rp2_common/pico_divider/divider.S.obj (__aeabi_idiv0)
/usr/lib/gcc/arm-none-eabi/13.2.0/../../../../arm-none-eabi/lib/thumb/v6-m/nofp/libc.a(libc_a-atexit.o)
                              /usr/lib/gcc/arm-none-eabi/13.2.0/../../../../arm-none-eabi/lib/thumb/v6-m/nofp/crt0.o (atexit)
/usr/lib/gcc/arm-none-eabi/13.2.0/../../../../arm-none-eabi/lib/thumb/v6-m/nofp/libc.a(libc_a-calloc.o)
                              CMakeFiles/test.dir/home/jthro/pico/pico-sdk/src/rp2_common/pico_malloc/pico_malloc.c.obj (calloc)
/usr/lib/gcc/arm-none-eabi/13.2.0/../../../../arm-none-eabi/lib/thumb/v6-m/nofp/libc.a(libc_a-callocr.o)
                              /usr/lib/gcc/arm-none-eabi/13.2.0/../../../../arm-none-eabi/lib/thumb/v6-m/nofp/libc.a(libc_a-calloc.o) (_calloc_r)
/usr/lib/gcc/arm-none-eabi/13.2.0/../../../../arm-none-eabi/lib/thumb/v6-m/nofp/libc.a(libc_a-malloc.o)
                              CMakeFiles/test.dir/home/jthro/pico/pico-sdk/src/rp2_common/pico_malloc/pico_malloc.c.obj (malloc)
/usr/lib/gcc/arm-none-eabi/13.2.0/../../../../arm-none-eabi/lib/thumb/v6-m/nofp/libc.a(libc_a-mallocr.o)
                              /usr/lib/gcc/arm-none-eabi/13.2.0/../../../../arm-none-eabi/lib/thumb/v6-m/nofp/libc.a(libc_a-callocr.o) (_malloc_r)
/usr/lib/gcc/arm-none-eabi/13.2.0/../../../../arm-none-eabi/lib/thumb/v6-m/nofp/libc.a(libc_a-mlock.o)
                              /usr/lib/gcc/arm-none-eabi/13.2.0/../../../../arm-none-eabi/lib/thumb/v6-m/nofp/libc.a(libc_a-mallocr.o) (__malloc_lock)
/usr/lib/gcc/arm-none-eabi/13.2.0/../../../../arm-none-eabi/lib/thumb/v6-m/nofp/libc.a(libc_a-realloc.o)
                              CMakeFiles/test.dir/home/jthro/pico/pico-sdk/src/rp2_common/pico_malloc/pico_malloc.c.obj (realloc)
/usr/lib/gcc/arm-none-eabi/13.2.0/../../../../arm-none-eabi/lib/thumb/v6-m/nofp/libc.a(libc_a-reallocr.o)
                              /usr/lib/gcc/arm-none-eabi/13.2.0/../../../../arm-none-eabi/lib/thumb/v6-m/nofp/libc.a(libc_a-realloc.o) (_realloc_r)
/usr/lib/gcc/arm-none-eabi/13.2.0/../../../../arm-none-eabi/lib/thumb/v6-m/nofp/libc.a(libc_a-memcmp.o)
                              CMakeFiles/test.dir/home/jthro/pico/pico-sdk/lib/cyw43-driver/src/cyw43_ll.c.obj (memcmp)
/usr/lib/gcc/arm-none-eabi/13.2.0/../../../../arm-none-eabi/lib/thumb/v6-m/nofp/libc.a(libc_a-memmove.o)
                              CMakeFiles/test.dir/home/jthro/pico/pico-sdk/lib/cyw43-driver/src/cyw43_ll.c.obj (memmove)
/usr/lib/gcc/arm-none-eabi/13.2.0/../../../../arm-none-eabi/lib/thumb/v6-m/nofp/libc.a(libc_a-strncmp.o)
                              CMakeFiles/test.dir/home/jthro/pico/pico-sdk/lib/cyw43-driver/src/cyw43_ll.c.obj (strncmp)
/usr/lib/gcc/arm-none-eabi/13.2.0/../../../../arm-none-eabi/lib/thumb/v6-m/nofp/libc.a(libc_a-impure.o)
                              /usr/lib/gcc/arm-none-eabi/13.2.0/../../../../arm-none-eabi/lib/thumb/v6-m/nofp/libc.a(libc_a-calloc.o) (_impure_ptr)
/usr/lib/gcc/arm-none-eabi/13.2.0/../../../../arm-none-eabi/lib/thumb/v6-m/nofp/libc.a(libc_a-sbrkr.o)
                              /usr/lib/gcc/arm-none-eabi/13.2.0/../../../../arm-none-eabi/lib/thumb/v6-m/nofp/libc.a(libc_a-mallocr.o) (_sbrk_r)
/usr/lib/gcc/arm-none-eabi/13.2.0/../../../../arm-none-eabi/lib/thumb/v6-m/nofp/libc.a(libc_a-errno.o)
                              /usr/lib/gcc/arm-none-eabi/13.2.0/../../../../arm-none-eabi/lib/thumb/v6-m/nofp/libc.a(libc_a-callocr.o) (__errno)
/usr/lib/gcc/arm-none-eabi/13.2.0/../../../../arm-none-eabi/lib/thumb/v6-m/nofp/libc.a(libc_a-init.o)
                              /usr/lib/gcc/arm-none-eabi/13.2.0/../../../../arm-none-eabi/lib/thumb/v6-m/nofp/crt0.o (__libc_init_array)
/usr/lib/gcc/arm-none-eabi/13.2.0/../../../../arm-none-eabi/lib/thumb/v6-m/nofp/libc.a(libc_a-fini.o)
                              /usr/lib/gcc/arm-none-eabi/13.2.0/../../../../arm-none-eabi/lib/thumb/v6-m/nofp/crt0.o (__libc_fini_array)
/usr/lib/gcc/arm-none-eabi/13.2.0/../../../../arm-none-eabi/lib/thumb/v6-m/nofp/libc.a(libc_a-lock.o)
                              /usr/lib/gcc/arm-none-eabi/13.2.0/../../../../arm-none-eabi/lib/thumb/v6-m/nofp/libc.a(libc_a-mlock.o) (__retarget_lock_acquire_recursive)
/usr/lib/gcc/arm-none-eabi/13.2.0/../../../../arm-none-eabi/lib/thumb/v6-m/nofp/libc.a(libc_a-sysconf.o)
                              /usr/lib/gcc/arm-none-eabi/13.2.0/../../../../arm-none-eabi/lib/thumb/v6-m/nofp/libc.a(libc_a-mallocr.o) (sysconf)
/usr/lib/gcc/arm-none-eabi/13.2.0/../../../../arm-none-eabi/lib/thumb/v6-m/nofp/libc.a(libc_a-strlen-stub.o)
                              CMakeFiles/test.dir/home/jthro/pico/pico-sdk/src/rp2_common/pico_stdio/stdio.c.obj (strlen)
/usr/lib/gcc/arm-none-eabi/13.2.0/../../../../arm-none-eabi/lib/thumb/v6-m/nofp/libc.a(libc_a-__atexit.o)
[...]
Memory Configuration

Name             Origin             Length             Attributes
FLASH            0x10000000         0x00200000         xr
RAM              0x20000000         0x00040000         xrw
SCRATCH_X        0x20040000         0x00001000         xrw
SCRATCH_Y        0x20041000         0x00001000         xrw
*default*        0x00000000         0xffffffff

Linker script and memory map

LOAD /usr/lib/gcc/arm-none-eabi/13.2.0/thumb/v6-m/nofp/crti.o
LOAD /usr/lib/gcc/arm-none-eabi/13.2.0/thumb/v6-m/nofp/crtbegin.o
LOAD /usr/lib/gcc/arm-none-eabi/13.2.0/../../../../arm-none-eabi/lib/thumb/v6-m/nofp/crt0.o

.flash_begin    0x10000000        0x0
                0x10000000                        __flash_binary_start = .

.boot2          0x10000000      0x100
                0x10000000                        __boot2_start__ = .
 *(.boot2)
 .boot2         0x10000000      0x100 /tmp/ccCHrSlQ.o
                0x10000100                        __boot2_end__ = .
                0x00000001                        ASSERT (((__boot2_end__ - __boot2_start__) == 0x100), ERROR: Pico second stage bootloader must be 256 bytes in size)

.text           0x10000100     0x8330
                0x10000100                        __logical_binary_start = .
 *(.vectors)
 .vectors       0x10000100       0xd4 CMakeFiles/test.dir/home/jthro/pico/pico-sdk/src/rp2_common/pico_standard_link/crt0.S.obj
                0x10000100                __vectors
                0x10000100                __VECTOR_TABLE
                0x100001c0                isr_invalid
                0x100001c0                __default_isrs_start
                0x100001c2                isr_nmi
                0x100001c4                isr_hardfault
                0x100001c6                isr_svcall
                0x100001c8                isr_pendsv
                0x100001ca                isr_systick
                0x100001cc                isr_irq30
                0x100001cc                __unhandled_user_irq
                0x100001cc                isr_irq13
                0x100001cc                isr_irq27
                0x100001cc                isr_irq31
                0x100001cc                isr_irq5
                0x100001cc                isr_irq11
                0x100001cc                isr_irq23
                0x100001cc                isr_irq18
                0x100001cc                isr_irq28
                0x100001cc                isr_irq19
                0x100001cc                isr_irq0
                0x100001cc                isr_irq6
                0x100001cc                isr_irq22
                0x100001cc                isr_irq17
                0x100001cc                isr_irq14
                0x100001cc                isr_irq2
                0x100001cc                isr_irq10
                0x100001cc                isr_irq8
                0x100001cc                isr_irq24
                0x100001cc                isr_irq1
                0x100001cc                isr_irq7
                0x100001cc                isr_irq21
                0x100001cc                isr_irq20
                0x100001cc                isr_irq15
                0x100001cc                isr_irq25
                0x100001cc                isr_irq4
                0x100001cc                isr_irq16
                0x100001cc                isr_irq29
                0x100001cc                isr_irq26
                0x100001cc                __default_isrs_end
                0x100001cc                isr_irq3
                0x100001cc                isr_irq12
                0x100001cc                isr_irq9
                0x100001d2                unhandled_user_irq_num_in_r0
 *(.binary_info_header)
 .binary_info_header
                0x100001d4       0x14 CMakeFiles/test.dir/home/jthro/pico/pico-sdk/src/rp2_common/pico_standard_link/crt0.S.obj
                0x100001e8                        __binary_info_header_end = .
 *(.reset)
 .reset         0x100001e8       0xa0 CMakeFiles/test.dir/home/jthro/pico/pico-sdk/src/rp2_common/pico_standard_link/crt0.S.obj
                0x100001e8                _entry_point
 .reset         0x10000288       0x30 CMakeFiles/test.dir/home/jthro/pico/pico-sdk/src/rp2_common/pico_standard_link/binary_info.c.obj
 *(.init)
 .init          0x100002b8        0x4 /usr/lib/gcc/arm-none-eabi/13.2.0/thumb/v6-m/nofp/crti.o
                0x100002b8                _init
 *(EXCLUDE_FILE(*libm.a: *libc.a:*lib_a-mem*.o *libgcc.a:) .text*)
 .text.frame_dummy
                0x100002bc       0x20 /usr/lib/gcc/arm-none-eabi/13.2.0/thumb/v6-m/nofp/crtbegin.o
 .text.startup.main
                0x100002dc       0x4c CMakeFiles/test.dir/test.c.obj
                0x100002dc                main
 .text.gpio_set_function
                0x10000328       0x30 CMakeFiles/test.dir/home/jthro/pico/pico-sdk/src/rp2_common/hardware_gpio/gpio.c.obj
                0x10000328                gpio_set_function
 .text.gpio_set_pulls
                0x10000358       0x24 CMakeFiles/test.dir/home/jthro/pico/pico-sdk/src/rp2_common/hardware_gpio/gpio.c.obj
                0x10000358                gpio_set_pulls
 .text.gpio_set_input_hysteresis_enabled
                0x1000037c       0x28 CMakeFiles/test.dir/home/jthro/pico/pico-sdk/src/rp2_common/hardware_gpio/gpio.c.obj
                0x1000037c                gpio_set_input_hysteresis_enabled
 .text.gpio_set_irq_enabled
                0x100003a4       0x54 CMakeFiles/test.dir/home/jthro/pico/pico-sdk/src/rp2_common/hardware_gpio/gpio.c.obj
                0x100003a4                gpio_set_irq_enabled
 .text.gpio_add_raw_irq_handler_with_order_priority_masked
                0x100003f8       0x44 CMakeFiles/test.dir/home/jthro/pico/pico-sdk/src/rp2_common/hardware_gpio/gpio.c.obj
                0x100003f8                gpio_add_raw_irq_handler_with_order_priority_masked
 .text.gpio_remove_raw_irq_handler_masked
                0x1000043c       0x20 CMakeFiles/test.dir/home/jthro/pico/pico-sdk/src/rp2_common/hardware_gpio/gpio.c.obj
                0x1000043c                gpio_remove_raw_irq_handler_masked
 .text.gpio_init
                0x1000045c       0x3c CMakeFiles/test.dir/home/jthro/pico/pico-sdk/src/rp2_common/hardware_gpio/gpio.c.obj
                0x1000045c                gpio_init
 .text.running_on_fpga
                0x10000498       0x10 CMakeFiles/test.dir/home/jthro/pico/pico-sdk/src/rp2_common/pico_platform/platform.c.obj
                0x10000498                running_on_fpga
 .text.hw_claim_lock
                0x100004a8       0x18 CMakeFiles/test.dir/home/jthro/pico/pico-sdk/src/rp2_common/hardware_claim/claim.c.obj
                0x100004a8                hw_claim_lock
 .text.hw_claim_unlock
                0x100004c0       0x14 CMakeFiles/test.dir/home/jthro/pico/pico-sdk/src/rp2_common/hardware_claim/claim.c.obj
                0x100004c0                hw_claim_unlock
 .text.hw_claim_or_assert
                0x100004d4       0x44 CMakeFiles/test.dir/home/jthro/pico/pico-sdk/src/rp2_common/hardware_claim/claim.c.obj
                0x100004d4                hw_claim_or_assert
 .text.hw_claim_unused_from_range
                0x10000518       0x9c CMakeFiles/test.dir/home/jthro/pico/pico-sdk/src/rp2_common/hardware_claim/claim.c.obj
                0x10000518                hw_claim_unused_from_range
 .text.hw_claim_clear
                0x100005b4       0x38 CMakeFiles/test.dir/home/jthro/pico/pico-sdk/src/rp2_common/hardware_claim/claim.c.obj
                0x100005b4                hw_claim_clear
 .text.spin_locks_reset
                0x100005ec       0x1c CMakeFiles/test.dir/home/jthro/pico/pico-sdk/src/rp2_common/hardware_sync/sync.c.obj
                0x100005ec                spin_locks_reset
 .text.next_striped_spin_lock_num
                0x10000608       0x18 CMakeFiles/test.dir/home/jthro/pico/pico-sdk/src/rp2_common/hardware_sync/sync.c.obj
                0x10000608                next_striped_spin_lock_num
 .text.irq_set_enabled
                0x10000620       0x24 CMakeFiles/test.dir/home/jthro/pico/pico-sdk/src/rp2_common/hardware_irq/irq.c.obj
                0x10000620                irq_set_enabled
 .text.irq_set_pending
                0x10000644       0x10 CMakeFiles/test.dir/home/jthro/pico/pico-sdk/src/rp2_common/hardware_irq/irq.c.obj
                0x10000644                irq_set_pending
 .text.irq_get_vtable_handler
                0x10000654       0x10 CMakeFiles/test.dir/home/jthro/pico/pico-sdk/src/rp2_common/hardware_irq/irq.c.obj
                0x10000654                irq_get_vtable_handler
 .text.irq_set_exclusive_handler
                0x10000664       0x54 CMakeFiles/test.dir/home/jthro/pico/pico-sdk/src/rp2_common/hardware_irq/irq.c.obj
                0x10000664                irq_set_exclusive_handler
 .text.irq_add_shared_handler
                0x100006b8      0x1f4 CMakeFiles/test.dir/home/jthro/pico/pico-sdk/src/rp2_common/hardware_irq/irq.c.obj
                0x100006b8                irq_add_shared_handler
 .text.irq_remove_handler
                0x100008ac      0x1c4 CMakeFiles/test.dir/home/jthro/pico/pico-sdk/src/rp2_common/hardware_irq/irq.c.obj
                0x100008ac                irq_remove_handler
 .text.irq_set_priority
                0x10000a70       0x28 CMakeFiles/test.dir/home/jthro/pico/pico-sdk/src/rp2_common/hardware_irq/irq.c.obj
                0x10000a70                irq_set_priority
 .text.irq_add_tail_to_free_list
                0x10000a98       0xb4 CMakeFiles/test.dir/home/jthro/pico/pico-sdk/src/rp2_common/hardware_irq/irq.c.obj
                0x10000a98                irq_add_tail_to_free_list
 .text.irq_init_priorities
                0x10000b4c       0x24 CMakeFiles/test.dir/home/jthro/pico/pico-sdk/src/rp2_common/hardware_irq/irq.c.obj
                0x10000b4c                irq_init_priorities
 .text.user_irq_unclaim
                0x10000b70       0x14 CMakeFiles/test.dir/home/jthro/pico/pico-sdk/src/rp2_common/hardware_irq/irq.c.obj
                0x10000b70                user_irq_unclaim
 .text.user_irq_claim_unused
                0x10000b84       0x2c CMakeFiles/test.dir/home/jthro/pico/pico-sdk/src/rp2_common/hardware_irq/irq.c.obj
                0x10000b84                user_irq_claim_unused
 .text.sem_init
                0x10000bb0       0x20 CMakeFiles/test.dir/home/jthro/pico/pico-sdk/src/common/pico_sync/sem.c.obj
                0x10000bb0                sem_init
 .text.lock_init
                0x10000bd0       0x10 CMakeFiles/test.dir/home/jthro/pico/pico-sdk/src/common/pico_sync/lock_core.c.obj
                0x10000bd0                lock_init
 .text.mutex_init
                0x10000be0       0x1c CMakeFiles/test.dir/home/jthro/pico/pico-sdk/src/common/pico_sync/mutex.c.obj
                0x10000be0                mutex_init
 .text.recursive_mutex_init
                0x10000bfc       0x1c CMakeFiles/test.dir/home/jthro/pico/pico-sdk/src/common/pico_sync/mutex.c.obj
                0x10000bfc                recursive_mutex_init
 .text.timer_pool_entry_comparator
                0x10000c18       0x34 CMakeFiles/test.dir/home/jthro/pico/pico-sdk/src/common/pico_time/time.c.obj
                0x10000c18                timer_pool_entry_comparator
 .text.sleep_until_callback
                0x10000c4c       0x30 CMakeFiles/test.dir/home/jthro/pico/pico-sdk/src/common/pico_time/time.c.obj
 .text.add_alarm_under_lock.isra.0
                0x10000c7c      0x100 CMakeFiles/test.dir/home/jthro/pico/pico-sdk/src/common/pico_time/time.c.obj
 .text.alarm_pool_alarm_callback
                0x10000d7c      0x1c0 CMakeFiles/test.dir/home/jthro/pico/pico-sdk/src/common/pico_time/time.c.obj
 .text.alarm_pool_init_default
                0x10000f3c       0x6c CMakeFiles/test.dir/home/jthro/pico/pico-sdk/src/common/pico_time/time.c.obj
                0x10000f3c                alarm_pool_init_default
 .text.alarm_pool_get_default
                0x10000fa8        0x8 CMakeFiles/test.dir/home/jthro/pico/pico-sdk/src/common/pico_time/time.c.obj
                0x10000fa8                alarm_pool_get_default
 .text.alarm_pool_add_alarm_at
                0x10000fb0      0x17c CMakeFiles/test.dir/home/jthro/pico/pico-sdk/src/common/pico_time/time.c.obj
                0x10000fb0                alarm_pool_add_alarm_at
 .text.alarm_pool_cancel_alarm
                0x1000112c       0x70 CMakeFiles/test.dir/home/jthro/pico/pico-sdk/src/common/pico_time/time.c.obj
                0x1000112c                alarm_pool_cancel_alarm
 .text.sleep_until
                0x1000119c       0xc4 CMakeFiles/test.dir/home/jthro/pico/pico-sdk/src/common/pico_time/time.c.obj
                0x1000119c                sleep_until
 .text.sleep_ms
                0x10001260       0x38 CMakeFiles/test.dir/home/jthro/pico/pico-sdk/src/common/pico_time/time.c.obj
                0x10001260                sleep_ms
 .text.best_effort_wfe_or_timeout
                0x10001298       0xcc CMakeFiles/test.dir/home/jthro/pico/pico-sdk/src/common/pico_time/time.c.obj
                0x10001298                best_effort_wfe_or_timeout
 .text.hardware_alarm_irq_handler
                0x10001364       0xbc CMakeFiles/test.dir/home/jthro/pico/pico-sdk/src/rp2_common/hardware_timer/timer.c.obj
 .text.hardware_alarm_claim
                0x10001420       0x18 CMakeFiles/test.dir/home/jthro/pico/pico-sdk/src/rp2_common/hardware_timer/timer.c.obj
                0x10001420                hardware_alarm_claim
 .text.time_us_64
                0x10001438       0x14 CMakeFiles/test.dir/home/jthro/pico/pico-sdk/src/rp2_common/hardware_timer/timer.c.obj
                0x10001438                time_us_64
 .text.busy_wait_us
                0x1000144c       0x68 CMakeFiles/test.dir/home/jthro/pico/pico-sdk/src/rp2_common/hardware_timer/timer.c.obj
                0x1000144c                busy_wait_us
 .text.busy_wait_until
                0x100014b4       0x20 CMakeFiles/test.dir/home/jthro/pico/pico-sdk/src/rp2_common/hardware_timer/timer.c.obj
                0x100014b4                busy_wait_until
 .text.hardware_alarm_set_callback
                0x100014d4       0x8c CMakeFiles/test.dir/home/jthro/pico/pico-sdk/src/rp2_common/hardware_timer/timer.c.obj
                0x100014d4                hardware_alarm_set_callback
 .text.hardware_alarm_set_target
                0x10001560       0xd0 CMakeFiles/test.dir/home/jthro/pico/pico-sdk/src/rp2_common/hardware_timer/timer.c.obj
                0x10001560                hardware_alarm_set_target
 .text.hardware_alarm_cancel
                0x10001630       0x3c CMakeFiles/test.dir/home/jthro/pico/pico-sdk/src/rp2_common/hardware_timer/timer.c.obj
                0x10001630                hardware_alarm_cancel
 .text.ph_merge_nodes
                0x1000166c       0x58 CMakeFiles/test.dir/home/jthro/pico/pico-sdk/src/common/pico_util/pheap.c.obj
 .text.ph_post_alloc_init
                0x100016c4       0x3c CMakeFiles/test.dir/home/jthro/pico/pico-sdk/src/common/pico_util/pheap.c.obj
                0x100016c4                ph_post_alloc_init
 .text.ph_merge_two_pass
                0x10001700       0x8c CMakeFiles/test.dir/home/jthro/pico/pico-sdk/src/common/pico_util/pheap.c.obj
                0x10001700                ph_merge_two_pass
 .text.ph_remove_any_head
                0x1000178c      0x100 CMakeFiles/test.dir/home/jthro/pico/pico-sdk/src/common/pico_util/pheap.c.obj
 .text.ph_remove_head
                0x1000188c      0x104 CMakeFiles/test.dir/home/jthro/pico/pico-sdk/src/common/pico_util/pheap.c.obj
                0x1000188c                ph_remove_head
 .text.ph_remove_and_free_node
                0x10001990       0x78 CMakeFiles/test.dir/home/jthro/pico/pico-sdk/src/common/pico_util/pheap.c.obj
                0x10001990                ph_remove_and_free_node
 .text.uart_init
                0x10001a08      0x18c CMakeFiles/test.dir/home/jthro/pico/pico-sdk/src/rp2_common/hardware_uart/uart.c.obj
                0x10001a08                uart_init
 .text.clocks_init
                0x10001b94      0x2c8 CMakeFiles/test.dir/home/jthro/pico/pico-sdk/src/rp2_common/hardware_clocks/clocks.c.obj
                0x10001b94                clocks_init
 .text.clock_get_hz
                0x10001e5c        0xc CMakeFiles/test.dir/home/jthro/pico/pico-sdk/src/rp2_common/hardware_clocks/clocks.c.obj
                0x10001e5c                clock_get_hz
 .text.pll_init
                0x10001e68       0xa4 CMakeFiles/test.dir/home/jthro/pico/pico-sdk/src/rp2_common/hardware_pll/pll.c.obj
                0x10001e68                pll_init
 .text.watchdog_start_tick
                0x10001f0c       0x10 CMakeFiles/test.dir/home/jthro/pico/pico-sdk/src/rp2_common/hardware_watchdog/watchdog.c.obj
                0x10001f0c                watchdog_start_tick
 .text.xosc_init
                0x10001f1c       0x28 CMakeFiles/test.dir/home/jthro/pico/pico-sdk/src/rp2_common/hardware_xosc/xosc.c.obj
                0x10001f1c                xosc_init
 .text.runtime_init
                0x10001f44       0xf0 CMakeFiles/test.dir/home/jthro/pico/pico-sdk/src/rp2_common/pico_runtime/runtime.c.obj
                0x10001f44                runtime_init
 .text._exit    0x10002034        0x4 CMakeFiles/test.dir/home/jthro/pico/pico-sdk/src/rp2_common/pico_runtime/runtime.c.obj
                0x10002034                _exit
 .text.exit     0x10002038        0x8 CMakeFiles/test.dir/home/jthro/pico/pico-sdk/src/rp2_common/pico_runtime/runtime.c.obj
                0x10002038                exit
 .text.panic    0x10002040       0x30 CMakeFiles/test.dir/home/jthro/pico/pico-sdk/src/rp2_common/pico_runtime/runtime.c.obj
                0x10002040                panic
 .text.hard_assertion_failure
                0x10002070        0xc CMakeFiles/test.dir/home/jthro/pico/pico-sdk/src/rp2_common/pico_runtime/runtime.c.obj
                0x10002070                hard_assertion_failure
 .text._out_null
                0x1000207c        0x4 CMakeFiles/test.dir/home/jthro/pico/pico-sdk/src/rp2_common/pico_printf/printf.c.obj
 .text._out_rev
                0x10002080       0xac CMakeFiles/test.dir/home/jthro/pico/pico-sdk/src/rp2_common/pico_printf/printf.c.obj
 .text._ntoa_format
                0x1000212c      0x250 CMakeFiles/test.dir/home/jthro/pico/pico-sdk/src/rp2_common/pico_printf/printf.c.obj
 .text._out_char
                0x1000237c       0x10 CMakeFiles/test.dir/home/jthro/pico/pico-sdk/src/rp2_common/pico_printf/printf.c.obj
 .text._out_fct
                0x1000238c       0x10 CMakeFiles/test.dir/home/jthro/pico/pico-sdk/src/rp2_common/pico_printf/printf.c.obj
 .text._etoa    0x1000239c      0x464 CMakeFiles/test.dir/home/jthro/pico/pico-sdk/src/rp2_common/pico_printf/printf.c.obj
 .text._ftoa    0x10002800      0x3c0 CMakeFiles/test.dir/home/jthro/pico/pico-sdk/src/rp2_common/pico_printf/printf.c.obj
 .text._vsnprintf
                0x10002bc0      0xbc8 CMakeFiles/test.dir/home/jthro/pico/pico-sdk/src/rp2_common/pico_printf/printf.c.obj
 .text.vfctprintf
                0x10003788       0x20 CMakeFiles/test.dir/home/jthro/pico/pico-sdk/src/rp2_common/pico_printf/printf.c.obj
                0x10003788                vfctprintf
 .text.weak_raw_vprintf
                0x100037a8       0x30 CMakeFiles/test.dir/home/jthro/pico/pico-sdk/src/rp2_common/pico_printf/printf.c.obj
                0x100037a8                weak_raw_vprintf
 .text          0x100037d8       0x10 CMakeFiles/test.dir/home/jthro/pico/pico-sdk/src/rp2_common/pico_bit_ops/bit_ops_aeabi.S.obj
 .text.ctzsi    0x100037e8        0xc CMakeFiles/test.dir/home/jthro/pico/pico-sdk/src/rp2_common/pico_bit_ops/bit_ops_aeabi.S.obj
                0x100037e8                __wrap___ctzsi2
 .text.rom_func_lookup
                0x100037f4       0x10 CMakeFiles/test.dir/home/jthro/pico/pico-sdk/src/rp2_common/pico_bootrom/bootrom.c.obj
                0x100037f4                rom_func_lookup
 .text.rom_data_lookup
                0x10003804       0x10 CMakeFiles/test.dir/home/jthro/pico/pico-sdk/src/rp2_common/pico_bootrom/bootrom.c.obj
                0x10003804                rom_data_lookup
 .text.rom_funcs_lookup
                0x10003814       0x44 CMakeFiles/test.dir/home/jthro/pico/pico-sdk/src/rp2_common/pico_bootrom/bootrom.c.obj
                0x10003814                rom_funcs_lookup
 .text.__wrap___aeabi_idiv
                0x10003858       0x50 CMakeFiles/test.dir/home/jthro/pico/pico-sdk/src/rp2_common/pico_divider/divider.S.obj
                0x10003858                __wrap___aeabi_idivmod
                0x10003858                divmod_s32s32
                0x10003858                div_s32s32
                0x10003858                __wrap___aeabi_idiv
                0x10003860                divmod_s32s32_unsafe
                0x1000388c                divmod_s32s32_savestate
 .text.__wrap___aeabi_uidiv
                0x100038a8       0x4c CMakeFiles/test.dir/home/jthro/pico/pico-sdk/src/rp2_common/pico_divider/divider.S.obj
                0x100038a8                __wrap___aeabi_uidiv
                0x100038a8                __wrap___aeabi_uidivmod
                0x100038a8                div_u32u32
                0x100038a8                divmod_u32u32
                0x100038b0                divmod_u32u32_unsafe
                0x100038d8                divmod_u32u32_savestate
 .text.__wrap___aeabi_ldiv
                0x100038f4      0x424 CMakeFiles/test.dir/home/jthro/pico/pico-sdk/src/rp2_common/pico_divider/divider.S.obj
                0x100038f4                div_s64s64
                0x100038f4                divmod_s64s64
                0x100038f4                __wrap___aeabi_ldivmod
                0x10003924                div_u64u64
                0x10003924                divmod_u64u64
                0x10003924                __wrap___aeabi_uldivmod
                0x10003934                divmod_u64u64_savestate
                0x10003954                divmod_s64s64_unsafe
                0x100039dc                divmod_u64u64_unsafe
 .text.__wrap___aeabi_darithmetic
                0x10003d18       0x60 CMakeFiles/test.dir/home/jthro/pico/pico-sdk/src/rp2_common/pico_double/double_aeabi.S.obj
                0x10003d18                __wrap___aeabi_drsub
                0x10003d1e                __wrap___aeabi_dsub
                0x10003d28                __wrap___aeabi_dadd
                0x10003d32                __wrap___aeabi_ddiv
                0x10003d66                __wrap___aeabi_dmul
 .text.__wrap___aeabi_cdcmple
                0x10003d78       0x6c CMakeFiles/test.dir/home/jthro/pico/pico-sdk/src/rp2_common/pico_double/double_aeabi.S.obj
                0x10003d78                __wrap___aeabi_cdrcmple
                0x10003d88                __wrap___aeabi_cdcmple
                0x10003d88                __wrap___aeabi_cdcmpeq
 .text.__wrap___aeabi_dcmplt
                0x10003de4        0xc CMakeFiles/test.dir/home/jthro/pico/pico-sdk/src/rp2_common/pico_double/double_aeabi.S.obj
                0x10003de4                __wrap___aeabi_dcmplt
 .text.__wrap___aeabi_dcmpge
                0x10003df0       0x10 CMakeFiles/test.dir/home/jthro/pico/pico-sdk/src/rp2_common/pico_double/double_aeabi.S.obj
                0x10003df0                __wrap___aeabi_dcmpge
 .text.__wrap___aeabi_dcmpgt
                0x10003e00        0xa CMakeFiles/test.dir/home/jthro/pico/pico-sdk/src/rp2_common/pico_double/double_aeabi.S.obj
                0x10003e00                __wrap___aeabi_dcmpgt
 .text.__wrap___aeabi_dcmpun
                0x10003e0a       0x1c CMakeFiles/test.dir/home/jthro/pico/pico-sdk/src/rp2_common/pico_double/double_aeabi.S.obj
                0x10003e0a                __wrap___aeabi_dcmpun
 *fill*         0x10003e26        0x2 
 .text.__wrap___aeabi_i2d
                0x10003e28       0x38 CMakeFiles/test.dir/home/jthro/pico/pico-sdk/src/rp2_common/pico_double/double_aeabi.S.obj
                0x10003e28                __wrap___aeabi_ui2d
                0x10003e30                __wrap___aeabi_i2d
 .text.__wrap___aeabi_d2iz
                0x10003e60       0x48 CMakeFiles/test.dir/home/jthro/pico/pico-sdk/src/rp2_common/pico_double/double_aeabi.S.obj
                0x10003e60                __wrap___aeabi_d2iz
                0x10003e60                double2int_z
 .text.__wrap___aeabi_d2uiz
                0x10003ea8       0x10 CMakeFiles/test.dir/home/jthro/pico/pico-sdk/src/rp2_common/pico_double/double_aeabi.S.obj
                0x10003ea8                double2uint
                0x10003ea8                __wrap___aeabi_d2uiz
 .text.missing_double_func_shim
                0x10003eb8        0xc CMakeFiles/test.dir/home/jthro/pico/pico-sdk/src/rp2_common/pico_double/double_init_rom.c.obj
 .text.__aeabi_double_init
                0x10003ec4       0x94 CMakeFiles/test.dir/home/jthro/pico/pico-sdk/src/rp2_common/pico_double/double_init_rom.c.obj
                0x10003ec4                __aeabi_double_init
 .text.double_table_shim_on_use_helper
                0x10003f58       0x2c CMakeFiles/test.dir/home/jthro/pico/pico-sdk/src/rp2_common/pico_double/double_v1_rom_shim.S.obj
                0x10003f58                double_table_shim_on_use_helper
 .text.__aeabi_lmul
                0x10003f84       0x32 CMakeFiles/test.dir/home/jthro/pico/pico-sdk/src/rp2_common/pico_int64_ops/pico_int64_ops_aeabi.S.obj
                0x10003f84                __wrap___aeabi_lmul
 *fill*         0x10003fb6        0x2 
 .text.missing_float_func_shim
                0x10003fb8        0xc CMakeFiles/test.dir/home/jthro/pico/pico-sdk/src/rp2_common/pico_float/float_init_rom.c.obj
 .text.__aeabi_float_init
                0x10003fc4       0x5c CMakeFiles/test.dir/home/jthro/pico/pico-sdk/src/rp2_common/pico_float/float_init_rom.c.obj
                0x10003fc4                __aeabi_float_init
 .text          0x10004020       0x10 CMakeFiles/test.dir/home/jthro/pico/pico-sdk/src/rp2_common/pico_mem_ops/mem_ops_aeabi.S.obj
                0x10004020                __aeabi_mem_init
 .text.memset   0x10004030        0xc CMakeFiles/test.dir/home/jthro/pico/pico-sdk/src/rp2_common/pico_mem_ops/mem_ops_aeabi.S.obj
                0x10004030                __wrap_memset
 .text.memcpy   0x1000403c        0xc CMakeFiles/test.dir/home/jthro/pico/pico-sdk/src/rp2_common/pico_mem_ops/mem_ops_aeabi.S.obj
                0x1000403c                __wrap___aeabi_memcpy
                0x1000403c                __wrap_memcpy
 .text.stdio_out_chars_crlf
                0x10004048       0x94 CMakeFiles/test.dir/home/jthro/pico/pico-sdk/src/rp2_common/pico_stdio/stdio.c.obj
 .text.stdio_buffered_printer
                0x100040dc       0x64 CMakeFiles/test.dir/home/jthro/pico/pico-sdk/src/rp2_common/pico_stdio/stdio.c.obj
 .text.__wrap_putchar
                0x10004140       0x98 CMakeFiles/test.dir/home/jthro/pico/pico-sdk/src/rp2_common/pico_stdio/stdio.c.obj
                0x10004140                __wrap_putchar
 .text.__wrap_puts
                0x100041d8       0xe0 CMakeFiles/test.dir/home/jthro/pico/pico-sdk/src/rp2_common/pico_stdio/stdio.c.obj
                0x100041d8                __wrap_puts
 .text.stdio_set_driver_enabled
                0x100042b8       0x30 CMakeFiles/test.dir/home/jthro/pico/pico-sdk/src/rp2_common/pico_stdio/stdio.c.obj
                0x100042b8                stdio_set_driver_enabled
 .text.__wrap_vprintf
                0x100042e8       0xd4 CMakeFiles/test.dir/home/jthro/pico/pico-sdk/src/rp2_common/pico_stdio/stdio.c.obj
                0x100042e8                __wrap_vprintf
 .text.__wrap_printf
                0x100043bc       0x18 CMakeFiles/test.dir/home/jthro/pico/pico-sdk/src/rp2_common/pico_stdio/stdio.c.obj
                0x100043bc                __wrap_printf
 .text.stdio_init_all
                0x100043d4        0xc CMakeFiles/test.dir/home/jthro/pico/pico-sdk/src/rp2_common/pico_stdio/stdio.c.obj
                0x100043d4                stdio_init_all
 .text.stdio_uart_out_chars
                0x100043e0       0x4c CMakeFiles/test.dir/home/jthro/pico/pico-sdk/src/rp2_common/pico_stdio_uart/stdio_uart.c.obj
 .text.stdio_uart_in_chars
                0x1000442c       0x90 CMakeFiles/test.dir/home/jthro/pico/pico-sdk/src/rp2_common/pico_stdio_uart/stdio_uart.c.obj
                0x1000442c                stdio_uart_in_chars
 .text.on_uart_rx
                0x100044bc       0x28 CMakeFiles/test.dir/home/jthro/pico/pico-sdk/src/rp2_common/pico_stdio_uart/stdio_uart.c.obj
 .text.stdio_uart_set_chars_available_callback
                0x100044e4       0x8c CMakeFiles/test.dir/home/jthro/pico/pico-sdk/src/rp2_common/pico_stdio_uart/stdio_uart.c.obj
 .text.stdio_uart_init
                0x10004570       0x48 CMakeFiles/test.dir/home/jthro/pico/pico-sdk/src/rp2_common/pico_stdio_uart/stdio_uart.c.obj
                0x10004570                stdio_uart_init
 .text.cyw43_arch_set_async_context
                0x100045b8        0xc CMakeFiles/test.dir/home/jthro/pico/pico-sdk/src/rp2_common/pico_cyw43_arch/cyw43_arch.c.obj
                0x100045b8                cyw43_arch_set_async_context
 .text.cyw43_arch_gpio_put
                0x100045c4       0x14 CMakeFiles/test.dir/home/jthro/pico/pico-sdk/src/rp2_common/pico_cyw43_arch/cyw43_arch.c.obj
                0x100045c4                cyw43_arch_gpio_put
 .text.cyw43_arch_async_context
                0x100045d8        0xc CMakeFiles/test.dir/home/jthro/pico/pico-sdk/src/rp2_common/pico_cyw43_arch/cyw43_arch.c.obj
                0x100045d8                cyw43_arch_async_context
 .text.cyw43_arch_init
                0x100045e4       0x64 CMakeFiles/test.dir/home/jthro/pico/pico-sdk/src/rp2_common/pico_cyw43_arch/cyw43_arch_threadsafe_background.c.obj
                0x100045e4                cyw43_arch_init
 .text.startup._retrieve_unique_id_on_boot
                0x10004648       0x10 CMakeFiles/test.dir/home/jthro/pico/pico-sdk/src/rp2_common/pico_unique_id/unique_id.c.obj
 .text.pico_get_unique_board_id
                0x10004658       0x10 CMakeFiles/test.dir/home/jthro/pico/pico-sdk/src/rp2_common/pico_unique_id/unique_id.c.obj
                0x10004658                pico_get_unique_board_id
 .text.flash_get_unique_id
                0x10004668       0x3c CMakeFiles/test.dir/home/jthro/pico/pico-sdk/src/rp2_common/hardware_flash/flash.c.obj
                0x10004668                flash_get_unique_id
 .text.ns_delay.constprop.0
                0x100046a4       0x20 CMakeFiles/test.dir/home/jthro/pico/pico-sdk/src/rp2_common/pico_cyw43_driver/cyw43_bus_pio_spi.c.obj
 .text.cyw43_spi_deinit
                0x100046c4       0x7c CMakeFiles/test.dir/home/jthro/pico/pico-sdk/src/rp2_common/pico_cyw43_driver/cyw43_bus_pio_spi.c.obj
                0x100046c4                cyw43_spi_deinit
 .text.cyw43_spi_init
                0x10004740      0x14c CMakeFiles/test.dir/home/jthro/pico/pico-sdk/src/rp2_common/pico_cyw43_driver/cyw43_bus_pio_spi.c.obj
                0x10004740                cyw43_spi_init
 .text.cyw43_spi_transfer
                0x1000488c      0x3e0 CMakeFiles/test.dir/home/jthro/pico/pico-sdk/src/rp2_common/pico_cyw43_driver/cyw43_bus_pio_spi.c.obj
                0x1000488c                cyw43_spi_transfer
 .text.cyw43_spi_gpio_setup
                0x10004c6c       0x3c CMakeFiles/test.dir/home/jthro/pico/pico-sdk/src/rp2_common/pico_cyw43_driver/cyw43_bus_pio_spi.c.obj
                0x10004c6c                cyw43_spi_gpio_setup
 .text.cyw43_spi_reset
                0x10004ca8       0x28 CMakeFiles/test.dir/home/jthro/pico/pico-sdk/src/rp2_common/pico_cyw43_driver/cyw43_bus_pio_spi.c.obj
                0x10004ca8                cyw43_spi_reset
 .text.read_reg_u32_swap
                0x10004cd0       0x3c CMakeFiles/test.dir/home/jthro/pico/pico-sdk/src/rp2_common/pico_cyw43_driver/cyw43_bus_pio_spi.c.obj
                0x10004cd0                read_reg_u32_swap
 .text.cyw43_read_reg_u32
                0x10004d0c       0x50 CMakeFiles/test.dir/home/jthro/pico/pico-sdk/src/rp2_common/pico_cyw43_driver/cyw43_bus_pio_spi.c.obj
                0x10004d0c                cyw43_read_reg_u32
 .text.cyw43_read_reg_u16
                0x10004d5c       0x50 CMakeFiles/test.dir/home/jthro/pico/pico-sdk/src/rp2_common/pico_cyw43_driver/cyw43_bus_pio_spi.c.obj
                0x10004d5c                cyw43_read_reg_u16
 .text.cyw43_read_reg_u8
                0x10004dac       0x50 CMakeFiles/test.dir/home/jthro/pico/pico-sdk/src/rp2_common/pico_cyw43_driver/cyw43_bus_pio_spi.c.obj
                0x10004dac                cyw43_read_reg_u8
 .text.write_reg_u32_swap
                0x10004dfc      0x1e8 CMakeFiles/test.dir/home/jthro/pico/pico-sdk/src/rp2_common/pico_cyw43_driver/cyw43_bus_pio_spi.c.obj
                0x10004dfc                write_reg_u32_swap
 .text.cyw43_write_reg_u32
                0x10004fe4      0x208 CMakeFiles/test.dir/home/jthro/pico/pico-sdk/src/rp2_common/pico_cyw43_driver/cyw43_bus_pio_spi.c.obj
                0x10004fe4                cyw43_write_reg_u32
 .text.cyw43_write_reg_u16
                0x100051ec      0x208 CMakeFiles/test.dir/home/jthro/pico/pico-sdk/src/rp2_common/pico_cyw43_driver/cyw43_bus_pio_spi.c.obj
                0x100051ec                cyw43_write_reg_u16
 .text.cyw43_write_reg_u8
                0x100053f4      0x208 CMakeFiles/test.dir/home/jthro/pico/pico-sdk/src/rp2_common/pico_cyw43_driver/cyw43_bus_pio_spi.c.obj
                0x100053f4                cyw43_write_reg_u8
 .text.cyw43_read_bytes
                0x100055fc       0x78 CMakeFiles/test.dir/home/jthro/pico/pico-sdk/src/rp2_common/pico_cyw43_driver/cyw43_bus_pio_spi.c.obj
                0x100055fc                cyw43_read_bytes
 .text.cyw43_write_bytes
                0x10005674       0xc0 CMakeFiles/test.dir/home/jthro/pico/pico-sdk/src/rp2_common/pico_cyw43_driver/cyw43_bus_pio_spi.c.obj
                0x10005674                cyw43_write_bytes
 .text.cyw43_set_backplane_window
                0x10005734       0x68 CMakeFiles/test.dir/home/jthro/pico/pico-sdk/lib/cyw43-driver/src/cyw43_ll.c.obj
 .text.cyw43_ll_parse_async_event
                0x1000579c      0x134 CMakeFiles/test.dir/home/jthro/pico/pico-sdk/lib/cyw43-driver/src/cyw43_ll.c.obj
 .text.cyw43_kso_set
                0x100058d0       0x80 CMakeFiles/test.dir/home/jthro/pico/pico-sdk/lib/cyw43-driver/src/cyw43_ll.c.obj
 .text.cyw43_ll_sdpcm_poll_device
                0x10005950      0x238 CMakeFiles/test.dir/home/jthro/pico/pico-sdk/lib/cyw43-driver/src/cyw43_ll.c.obj
 .text.cyw43_sdpcm_send_common
                0x10005b88       0xf4 CMakeFiles/test.dir/home/jthro/pico/pico-sdk/lib/cyw43-driver/src/cyw43_ll.c.obj
 .text.cyw43_do_ioctl
                0x10005c7c      0x110 CMakeFiles/test.dir/home/jthro/pico/pico-sdk/lib/cyw43-driver/src/cyw43_ll.c.obj
 .text.cyw43_do_ioctl.constprop.0
                0x10005d8c      0x108 CMakeFiles/test.dir/home/jthro/pico/pico-sdk/lib/cyw43-driver/src/cyw43_ll.c.obj
 .text.cyw43_read_backplane.constprop.0
                0x10005e94       0xe4 CMakeFiles/test.dir/home/jthro/pico/pico-sdk/lib/cyw43-driver/src/cyw43_ll.c.obj
 .text.reset_device_core.constprop.0
                0x10005f78      0x410 CMakeFiles/test.dir/home/jthro/pico/pico-sdk/lib/cyw43-driver/src/cyw43_ll.c.obj
 .text.cyw43_ll_init
                0x10006388       0x1c CMakeFiles/test.dir/home/jthro/pico/pico-sdk/lib/cyw43-driver/src/cyw43_ll.c.obj
                0x10006388                cyw43_ll_init
 .text.cyw43_ll_deinit
                0x100063a4        0x8 CMakeFiles/test.dir/home/jthro/pico/pico-sdk/lib/cyw43-driver/src/cyw43_ll.c.obj
                0x100063a4                cyw43_ll_deinit
 .text.cyw43_ll_process_packets
                0x100063ac       0x54 CMakeFiles/test.dir/home/jthro/pico/pico-sdk/lib/cyw43-driver/src/cyw43_ll.c.obj
                0x100063ac                cyw43_ll_process_packets
 .text.cyw43_ll_ioctl
                0x10006400       0x20 CMakeFiles/test.dir/home/jthro/pico/pico-sdk/lib/cyw43-driver/src/cyw43_ll.c.obj
                0x10006400                cyw43_ll_ioctl
 .text.cyw43_ll_bus_sleep
                0x10006420       0x34 CMakeFiles/test.dir/home/jthro/pico/pico-sdk/lib/cyw43-driver/src/cyw43_ll.c.obj
                0x10006420                cyw43_ll_bus_sleep
 .text.cyw43_ll_bus_init
                0x10006454      0xb6c CMakeFiles/test.dir/home/jthro/pico/pico-sdk/lib/cyw43-driver/src/cyw43_ll.c.obj
                0x10006454                cyw43_ll_bus_init
 .text.cyw43_ll_wifi_get_mac
                0x10006fc0       0x40 CMakeFiles/test.dir/home/jthro/pico/pico-sdk/lib/cyw43-driver/src/cyw43_ll.c.obj
                0x10006fc0                cyw43_ll_wifi_get_mac
 .text.cyw43_ll_wifi_set_wpa_auth
                0x10007000       0x2c CMakeFiles/test.dir/home/jthro/pico/pico-sdk/lib/cyw43-driver/src/cyw43_ll.c.obj
                0x10007000                cyw43_ll_wifi_set_wpa_auth
 .text.cyw43_ll_wifi_rejoin
                0x1000702c       0x1c CMakeFiles/test.dir/home/jthro/pico/pico-sdk/lib/cyw43-driver/src/cyw43_ll.c.obj
                0x1000702c                cyw43_ll_wifi_rejoin
 .text.cyw43_ll_gpio_set
                0x10007048       0x68 CMakeFiles/test.dir/home/jthro/pico/pico-sdk/lib/cyw43-driver/src/cyw43_ll.c.obj
                0x10007048                cyw43_ll_gpio_set
 .text.cyw43_ll_has_work
                0x100070b0       0x14 CMakeFiles/test.dir/home/jthro/pico/pico-sdk/lib/cyw43-driver/src/cyw43_ll.c.obj
                0x100070b0                cyw43_ll_has_work
 .text.cyw43_poll_func
                0x100070c4       0xc0 CMakeFiles/test.dir/home/jthro/pico/pico-sdk/lib/cyw43-driver/src/cyw43_ctrl.c.obj
 .text.cyw43_init
                0x10007184       0x6c CMakeFiles/test.dir/home/jthro/pico/pico-sdk/lib/cyw43-driver/src/cyw43_ctrl.c.obj
                0x10007184                cyw43_init
 .text.cyw43_deinit
                0x100071f0       0x90 CMakeFiles/test.dir/home/jthro/pico/pico-sdk/lib/cyw43-driver/src/cyw43_ctrl.c.obj
                0x100071f0                cyw43_deinit
 .text.cyw43_cb_read_host_interrupt_pin
                0x10007280        0xc CMakeFiles/test.dir/home/jthro/pico/pico-sdk/lib/cyw43-driver/src/cyw43_ctrl.c.obj
                0x10007280                cyw43_cb_read_host_interrupt_pin
 .text.cyw43_cb_ensure_awake
                0x1000728c        0xc CMakeFiles/test.dir/home/jthro/pico/pico-sdk/lib/cyw43-driver/src/cyw43_ctrl.c.obj
                0x1000728c                cyw43_cb_ensure_awake
 .text.cyw43_cb_process_async_event
                0x10007298      0x214 CMakeFiles/test.dir/home/jthro/pico/pico-sdk/lib/cyw43-driver/src/cyw43_ctrl.c.obj
                0x10007298                cyw43_cb_process_async_event
 .text.cyw43_gpio_set
                0x100074ac       0xa0 CMakeFiles/test.dir/home/jthro/pico/pico-sdk/lib/cyw43-driver/src/cyw43_ctrl.c.obj
                0x100074ac                cyw43_gpio_set
 .text.pio_sm_unclaim
                0x1000754c       0x20 CMakeFiles/test.dir/home/jthro/pico/pico-sdk/src/rp2_common/hardware_pio/pio.c.obj
                0x1000754c                pio_sm_unclaim
 .text.pio_claim_unused_sm
                0x1000756c       0x3c CMakeFiles/test.dir/home/jthro/pico/pico-sdk/src/rp2_common/hardware_pio/pio.c.obj
                0x1000756c                pio_claim_unused_sm
 .text.pio_can_add_program
                0x100075a8       0x68 CMakeFiles/test.dir/home/jthro/pico/pico-sdk/src/rp2_common/hardware_pio/pio.c.obj
                0x100075a8                pio_can_add_program
 .text.pio_add_program
                0x10007610       0xf0 CMakeFiles/test.dir/home/jthro/pico/pico-sdk/src/rp2_common/hardware_pio/pio.c.obj
                0x10007610                pio_add_program
 .text.pio_remove_program
                0x10007700       0x34 CMakeFiles/test.dir/home/jthro/pico/pico-sdk/src/rp2_common/hardware_pio/pio.c.obj
                0x10007700                pio_remove_program
 .text.pio_sm_set_pindirs_with_mask
                0x10007734       0xa8 CMakeFiles/test.dir/home/jthro/pico/pico-sdk/src/rp2_common/hardware_pio/pio.c.obj
                0x10007734                pio_sm_set_pindirs_with_mask
 .text.pio_sm_set_consecutive_pindirs
                0x100077dc       0xa8 CMakeFiles/test.dir/home/jthro/pico/pico-sdk/src/rp2_common/hardware_pio/pio.c.obj
                0x100077dc                pio_sm_set_consecutive_pindirs
 .text.dma_channel_unclaim
                0x10007884       0x14 CMakeFiles/test.dir/home/jthro/pico/pico-sdk/src/rp2_common/hardware_dma/dma.c.obj
                0x10007884                dma_channel_unclaim
 .text.dma_claim_unused_channel
                0x10007898       0x24 CMakeFiles/test.dir/home/jthro/pico/pico-sdk/src/rp2_common/hardware_dma/dma.c.obj
                0x10007898                dma_claim_unused_channel
 .text.dma_channel_cleanup
                0x100078bc       0x60 CMakeFiles/test.dir/home/jthro/pico/pico-sdk/src/rp2_common/hardware_dma/dma.c.obj
                0x100078bc                dma_channel_cleanup
 .text.cyw43_sleep_timeout_reached
                0x1000791c       0x10 CMakeFiles/test.dir/home/jthro/pico/pico-sdk/src/rp2_common/pico_cyw43_driver/cyw43_driver.c.obj
 .text.cyw43_irq_init
                0x1000792c       0x28 CMakeFiles/test.dir/home/jthro/pico/pico-sdk/src/rp2_common/pico_cyw43_driver/cyw43_driver.c.obj
                0x1000792c                cyw43_irq_init
 .text.cyw43_irq_deinit
                0x10007954       0x20 CMakeFiles/test.dir/home/jthro/pico/pico-sdk/src/rp2_common/pico_cyw43_driver/cyw43_driver.c.obj
                0x10007954                cyw43_irq_deinit
 .text.cyw43_gpio_irq_handler
                0x10007974       0x44 CMakeFiles/test.dir/home/jthro/pico/pico-sdk/src/rp2_common/pico_cyw43_driver/cyw43_driver.c.obj
 .text.cyw43_do_poll
                0x100079b8       0x70 CMakeFiles/test.dir/home/jthro/pico/pico-sdk/src/rp2_common/pico_cyw43_driver/cyw43_driver.c.obj
 .text.cyw43_post_poll_hook
                0x10007a28       0x10 CMakeFiles/test.dir/home/jthro/pico/pico-sdk/src/rp2_common/pico_cyw43_driver/cyw43_driver.c.obj
                0x10007a28                cyw43_post_poll_hook
 .text.cyw43_schedule_internal_poll_dispatch
                0x10007a38       0x18 CMakeFiles/test.dir/home/jthro/pico/pico-sdk/src/rp2_common/pico_cyw43_driver/cyw43_driver.c.obj
                0x10007a38                cyw43_schedule_internal_poll_dispatch
 .text.cyw43_driver_init
                0x10007a50       0x38 CMakeFiles/test.dir/home/jthro/pico/pico-sdk/src/rp2_common/pico_cyw43_driver/cyw43_driver.c.obj
                0x10007a50                cyw43_driver_init
 .text.cyw43_driver_deinit
                0x10007a88       0x44 CMakeFiles/test.dir/home/jthro/pico/pico-sdk/src/rp2_common/pico_cyw43_driver/cyw43_driver.c.obj
                0x10007a88                cyw43_driver_deinit
 .text.cyw43_hal_generate_laa_mac
                0x10007acc       0x28 CMakeFiles/test.dir/home/jthro/pico/pico-sdk/src/rp2_common/pico_cyw43_driver/cyw43_driver.c.obj
                0x10007acc                cyw43_hal_generate_laa_mac
 .text.cyw43_thread_enter
                0x10007af4       0x14 CMakeFiles/test.dir/home/jthro/pico/pico-sdk/src/rp2_common/pico_cyw43_driver/cyw43_driver.c.obj
                0x10007af4                cyw43_thread_enter
 .text.cyw43_thread_exit
                0x10007b08       0x14 CMakeFiles/test.dir/home/jthro/pico/pico-sdk/src/rp2_common/pico_cyw43_driver/cyw43_driver.c.obj
                0x10007b08                cyw43_thread_exit
 .text.cyw43_await_background_or_timeout_us
                0x10007b1c       0x34 CMakeFiles/test.dir/home/jthro/pico/pico-sdk/src/rp2_common/pico_cyw43_driver/cyw43_driver.c.obj
                0x10007b1c                cyw43_await_background_or_timeout_us
 .text.cyw43_delay_ms
                0x10007b50       0x48 CMakeFiles/test.dir/home/jthro/pico/pico-sdk/src/rp2_common/pico_cyw43_driver/cyw43_driver.c.obj
                0x10007b50                cyw43_delay_ms
 .text.cyw43_cb_tcpip_deinit
                0x10007b98        0x4 CMakeFiles/test.dir/home/jthro/pico/pico-sdk/src/rp2_common/pico_cyw43_driver/cyw43_driver.c.obj
                0x10007b98                cyw43_cb_tcpip_deinit
 .text.cyw43_cb_tcpip_set_link_up
                0x10007b9c        0xc CMakeFiles/test.dir/home/jthro/pico/pico-sdk/src/rp2_common/pico_cyw43_driver/cyw43_driver.c.obj
                0x10007b9c                cyw43_cb_tcpip_set_link_up
 .text.cyw43_cb_tcpip_set_link_down
                0x10007ba8        0xc CMakeFiles/test.dir/home/jthro/pico/pico-sdk/src/rp2_common/pico_cyw43_driver/cyw43_driver.c.obj
                0x10007ba8                cyw43_cb_tcpip_set_link_down
 .text.cyw43_cb_process_ethernet
                0x10007bb4        0xc CMakeFiles/test.dir/home/jthro/pico/pico-sdk/src/rp2_common/pico_cyw43_driver/cyw43_driver.c.obj
                0x10007bb4                cyw43_cb_process_ethernet
 .text.async_context_threadsafe_background_acquire_lock_blocking
                0x10007bc0        0xc CMakeFiles/test.dir/home/jthro/pico/pico-sdk/src/rp2_common/pico_async_context/async_context_threadsafe_background.c.obj
 .text.alarm_handler
                0x10007bcc       0x20 CMakeFiles/test.dir/home/jthro/pico/pico-sdk/src/rp2_common/pico_async_context/async_context_threadsafe_background.c.obj
 .text.async_context_threadsafe_background_set_work_pending
                0x10007bec       0x1c CMakeFiles/test.dir/home/jthro/pico/pico-sdk/src/rp2_common/pico_async_context/async_context_threadsafe_background.c.obj
 .text.process_under_lock
                0x10007c08       0xcc CMakeFiles/test.dir/home/jthro/pico/pico-sdk/src/rp2_common/pico_async_context/async_context_threadsafe_background.c.obj
 .text.async_context_threadsafe_background_execute_sync
                0x10007cd4       0x30 CMakeFiles/test.dir/home/jthro/pico/pico-sdk/src/rp2_common/pico_async_context/async_context_threadsafe_background.c.obj
                0x10007cd4                async_context_threadsafe_background_execute_sync
 .text.async_context_threadsafe_background_deinit
                0x10007d04       0x54 CMakeFiles/test.dir/home/jthro/pico/pico-sdk/src/rp2_common/pico_async_context/async_context_threadsafe_background.c.obj
 .text.low_priority_irq_handler
                0x10007d58       0x3c CMakeFiles/test.dir/home/jthro/pico/pico-sdk/src/rp2_common/pico_async_context/async_context_threadsafe_background.c.obj
 .text.async_context_threadsafe_background_wait_for_work_until
                0x10007d94        0xc CMakeFiles/test.dir/home/jthro/pico/pico-sdk/src/rp2_common/pico_async_context/async_context_threadsafe_background.c.obj
 .text.async_context_threadsafe_background_wait_until
                0x10007da0       0x1c CMakeFiles/test.dir/home/jthro/pico/pico-sdk/src/rp2_common/pico_async_context/async_context_threadsafe_background.c.obj
 .text.async_context_threadsafe_background_lock_check
                0x10007dbc       0x28 CMakeFiles/test.dir/home/jthro/pico/pico-sdk/src/rp2_common/pico_async_context/async_context_threadsafe_background.c.obj
 .text.async_context_threadsafe_background_release_lock
                0x10007de4       0x1c CMakeFiles/test.dir/home/jthro/pico/pico-sdk/src/rp2_common/pico_async_context/async_context_threadsafe_background.c.obj
 .text.async_context_threadsafe_background_add_at_time_worker
                0x10007e00       0x34 CMakeFiles/test.dir/home/jthro/pico/pico-sdk/src/rp2_common/pico_async_context/async_context_threadsafe_background.c.obj
 .text.async_context_threadsafe_background_remove_at_time_worker
                0x10007e34       0x34 CMakeFiles/test.dir/home/jthro/pico/pico-sdk/src/rp2_common/pico_async_context/async_context_threadsafe_background.c.obj
 .text.async_context_threadsafe_background_add_when_pending_worker
                0x10007e68       0x34 CMakeFiles/test.dir/home/jthro/pico/pico-sdk/src/rp2_common/pico_async_context/async_context_threadsafe_background.c.obj
 .text.async_context_threadsafe_background_when_pending_worker
                0x10007e9c       0x34 CMakeFiles/test.dir/home/jthro/pico/pico-sdk/src/rp2_common/pico_async_context/async_context_threadsafe_background.c.obj
 .text.async_context_threadsafe_background_default_config
                0x10007ed0        0xc CMakeFiles/test.dir/home/jthro/pico/pico-sdk/src/rp2_common/pico_async_context/async_context_threadsafe_background.c.obj
                0x10007ed0                async_context_threadsafe_background_default_config
 .text.async_context_threadsafe_background_init
                0x10007edc       0x8c CMakeFiles/test.dir/home/jthro/pico/pico-sdk/src/rp2_common/pico_async_context/async_context_threadsafe_background.c.obj
                0x10007edc                async_context_threadsafe_background_init
 .text.async_context_base_add_at_time_worker
                0x10007f68       0x24 CMakeFiles/test.dir/home/jthro/pico/pico-sdk/src/rp2_common/pico_async_context/async_context_base.c.obj
                0x10007f68                async_context_base_add_at_time_worker
 .text.async_context_base_remove_at_time_worker
                0x10007f8c       0x28 CMakeFiles/test.dir/home/jthro/pico/pico-sdk/src/rp2_common/pico_async_context/async_context_base.c.obj
                0x10007f8c                async_context_base_remove_at_time_worker
 .text.async_context_base_add_when_pending_worker
                0x10007fb4       0x24 CMakeFiles/test.dir/home/jthro/pico/pico-sdk/src/rp2_common/pico_async_context/async_context_base.c.obj
                0x10007fb4                async_context_base_add_when_pending_worker
 .text.async_context_base_remove_when_pending_worker
                0x10007fd8       0x28 CMakeFiles/test.dir/home/jthro/pico/pico-sdk/src/rp2_common/pico_async_context/async_context_base.c.obj
                0x10007fd8                async_context_base_remove_when_pending_worker
 .text.async_context_base_execute_once
                0x10008000      0x108 CMakeFiles/test.dir/home/jthro/pico/pico-sdk/src/rp2_common/pico_async_context/async_context_base.c.obj
                0x10008000                async_context_base_execute_once
 .text.atexit   0x10008108       0x10 /usr/lib/gcc/arm-none-eabi/13.2.0/../../../../arm-none-eabi/lib/thumb/v6-m/nofp/libc.a(libc_a-atexit.o)
                0x10008108                atexit
 .text.memmove  0x10008118       0xb0 /usr/lib/gcc/arm-none-eabi/13.2.0/../../../../arm-none-eabi/lib/thumb/v6-m/nofp/libc.a(libc_a-memmove.o)
                0x10008118                memmove
 .text.strncmp  0x100081c8       0x74 /usr/lib/gcc/arm-none-eabi/13.2.0/../../../../arm-none-eabi/lib/thumb/v6-m/nofp/libc.a(libc_a-strncmp.o)
                0x100081c8                strncmp
 .text.__libc_fini_array
                0x1000823c       0x28 /usr/lib/gcc/arm-none-eabi/13.2.0/../../../../arm-none-eabi/lib/thumb/v6-m/nofp/libc.a(libc_a-fini.o)
                0x1000823c                __libc_fini_array
 .text.__retarget_lock_acquire_recursive
                0x10008264        0x4 /usr/lib/gcc/arm-none-eabi/13.2.0/../../../../arm-none-eabi/lib/thumb/v6-m/nofp/libc.a(libc_a-lock.o)
                0x10008264                __retarget_lock_acquire_recursive
 .text.__retarget_lock_release_recursive
                0x10008268        0x4 /usr/lib/gcc/arm-none-eabi/13.2.0/../../../../arm-none-eabi/lib/thumb/v6-m/nofp/libc.a(libc_a-lock.o)
                0x10008268                __retarget_lock_release_recursive
 .text.strlen   0x1000826c       0x5c /usr/lib/gcc/arm-none-eabi/13.2.0/../../../../arm-none-eabi/lib/thumb/v6-m/nofp/libc.a(libc_a-strlen-stub.o)
                0x1000826c                strlen
 .text.__register_exitproc
                0x100082c8       0xa8 /usr/lib/gcc/arm-none-eabi/13.2.0/../../../../arm-none-eabi/lib/thumb/v6-m/nofp/libc.a(libc_a-__atexit.o)
                0x100082c8                __register_exitproc
 .text.startup.register_fini
                0x10008370       0x18 /usr/lib/gcc/arm-none-eabi/13.2.0/../../../../arm-none-eabi/lib/thumb/v6-m/nofp/libc.a(libc_a-__call_atexit.o)
 *(.fini)
 .fini          0x10008388        0x4 /usr/lib/gcc/arm-none-eabi/13.2.0/thumb/v6-m/nofp/crti.o
                0x10008388                _fini
 *fill*         0x1000838c        0x4 
 .fini.__stub   0x10008390       0xa0 linker stubs
 *crtbegin.o(.ctors)
 *crtbegin?.o(.ctors)
 *(EXCLUDE_FILE(*crtend.o *crtend?.o) .ctors)
 *(SORT_BY_NAME(.ctors.*))
 *(.ctors)
 *crtbegin.o(.dtors)
 *crtbegin?.o(.dtors)
 *(EXCLUDE_FILE(*crtend.o *crtend?.o) .dtors)
 *(SORT_BY_NAME(.dtors.*))
 *(.dtors)
 *(.eh_frame*)
 .eh_frame      0x10008430        0x0 /usr/lib/gcc/arm-none-eabi/13.2.0/thumb/v6-m/nofp/crtbegin.o
                0x10008430                        . = ALIGN (0x4)

.glue_7         0x10008430        0x0
 .glue_7        0x10008430        0x0 linker stubs

.glue_7t        0x10008430        0x0
 .glue_7t       0x10008430        0x0 linker stubs

.vfp11_veneer   0x10008430        0x0
 .vfp11_veneer  0x10008430        0x0 linker stubs

.v4_bx          0x10008430        0x0
 .v4_bx         0x10008430        0x0 linker stubs

.iplt           0x10008430        0x0
 .iplt          0x10008430        0x0 /usr/lib/gcc/arm-none-eabi/13.2.0/thumb/v6-m/nofp/crtbegin.o

.rodata         0x10008430    0x37cc4
 *(EXCLUDE_FILE(*libm.a: *libc.a:*lib_a-mem*.o *libgcc.a:) .rodata*)
 .rodata.main.str1.4
                0x10008430      0x4d4 CMakeFiles/test.dir/test.c.obj
                                 0x21 (size before relaxing)
 .rodata.str1.4
                0x10008904       0x25 CMakeFiles/test.dir/test.c.obj
 .rodata.__bi_10.0
                0x10008904        0xc CMakeFiles/test.dir/test.c.obj
 .rodata.__bi_11.1
                0x10008910        0xc CMakeFiles/test.dir/test.c.obj
 .rodata.user_irq_claim_unused.str1.4
                0x1000891c       0x1b CMakeFiles/test.dir/home/jthro/pico/pico-sdk/src/rp2_common/hardware_irq/irq.c.obj
 *fill*         0x1000891c        0x4 
 .rodata.at_the_end_of_time
                0x10008920        0x8 CMakeFiles/test.dir/home/jthro/pico/pico-sdk/src/common/pico_time/time.c.obj
                0x10008920                at_the_end_of_time
 .rodata.hardware_alarm_claim.str1.4
                0x10008928       0x22 CMakeFiles/test.dir/home/jthro/pico/pico-sdk/src/rp2_common/hardware_timer/timer.c.obj
 .rodata.panic.str1.4
                0x10008928       0x12 CMakeFiles/test.dir/home/jthro/pico/pico-sdk/src/rp2_common/pico_runtime/runtime.c.obj
 .rodata.hard_assertion_failure.str1.4
                0x10008928        0xc CMakeFiles/test.dir/home/jthro/pico/pico-sdk/src/rp2_common/pico_runtime/runtime.c.obj
 .rodata._ftoa.str1.4
                0x10008928       0x15 CMakeFiles/test.dir/home/jthro/pico/pico-sdk/src/rp2_common/pico_printf/printf.c.obj
 .rodata._vsnprintf
                0x10008928      0x19c CMakeFiles/test.dir/home/jthro/pico/pico-sdk/src/rp2_common/pico_printf/printf.c.obj
 *fill*         0x10008ac4        0x4 
 .rodata.pow10.0
                0x10008ac8       0x50 CMakeFiles/test.dir/home/jthro/pico/pico-sdk/src/rp2_common/pico_printf/printf.c.obj
 .rodata.missing_double_func_shim.str1.4
                0x10008b18       0x18 CMakeFiles/test.dir/home/jthro/pico/pico-sdk/src/rp2_common/pico_double/double_init_rom.c.obj
 .rodata.missing_float_func_shim.str1.4
                0x10008b18        0x1 CMakeFiles/test.dir/home/jthro/pico/pico-sdk/src/rp2_common/pico_float/float_init_rom.c.obj
 .rodata.str1.4
                0x10008b18       0x3c CMakeFiles/test.dir/home/jthro/pico/pico-sdk/src/rp2_common/pico_standard_link/binary_info.c.obj
 .rodata.__bi_81
                0x10008b18        0xc CMakeFiles/test.dir/home/jthro/pico/pico-sdk/src/rp2_common/pico_standard_link/binary_info.c.obj
 .rodata.__bi_75
                0x10008b24        0xc CMakeFiles/test.dir/home/jthro/pico/pico-sdk/src/rp2_common/pico_standard_link/binary_info.c.obj
 .rodata.__bi_44
                0x10008b30        0xc CMakeFiles/test.dir/home/jthro/pico/pico-sdk/src/rp2_common/pico_standard_link/binary_info.c.obj
 .rodata.crlf_str.0
                0x10008b3c        0x2 CMakeFiles/test.dir/home/jthro/pico/pico-sdk/src/rp2_common/pico_stdio/stdio.c.obj
 .rodata.str1.4
                0x10008b3e       0x2c CMakeFiles/test.dir/home/jthro/pico/pico-sdk/src/rp2_common/pico_stdio_uart/stdio_uart.c.obj
 *fill*         0x10008b3e        0x2 
 .rodata.__bi_33.4
                0x10008b40        0xc CMakeFiles/test.dir/home/jthro/pico/pico-sdk/src/rp2_common/pico_stdio_uart/stdio_uart.c.obj
 .rodata.__bi_34.5
                0x10008b4c        0x8 CMakeFiles/test.dir/home/jthro/pico/pico-sdk/src/rp2_common/pico_stdio_uart/stdio_uart.c.obj
 .rodata.cyw43_read_bytes.str1.4
                0x10008b54       0x1a CMakeFiles/test.dir/home/jthro/pico/pico-sdk/src/rp2_common/pico_cyw43_driver/cyw43_bus_pio_spi.c.obj
 .rodata.cyw43_write_bytes.str1.4
                0x10008b54        0xd CMakeFiles/test.dir/home/jthro/pico/pico-sdk/src/rp2_common/pico_cyw43_driver/cyw43_bus_pio_spi.c.obj
 .rodata.spi_gap01_sample0_program
                0x10008b54        0x6 CMakeFiles/test.dir/home/jthro/pico/pico-sdk/src/rp2_common/pico_cyw43_driver/cyw43_bus_pio_spi.c.obj
 *fill*         0x10008b5a        0x2 
 .rodata.spi_gap01_sample0_program_instructions
                0x10008b5c        0xc CMakeFiles/test.dir/home/jthro/pico/pico-sdk/src/rp2_common/pico_cyw43_driver/cyw43_bus_pio_spi.c.obj
 .rodata.cyw43_kso_set.str1.4
                0x10008b68       0x23 CMakeFiles/test.dir/home/jthro/pico/pico-sdk/lib/cyw43-driver/src/cyw43_ll.c.obj
 .rodata.cyw43_ll_sdpcm_poll_device.str1.4
                0x10008b68       0x55 CMakeFiles/test.dir/home/jthro/pico/pico-sdk/lib/cyw43-driver/src/cyw43_ll.c.obj
 .rodata.cyw43_sdpcm_send_common.str1.4
                0x10008b68       0x22 CMakeFiles/test.dir/home/jthro/pico/pico-sdk/lib/cyw43-driver/src/cyw43_ll.c.obj
 .rodata.cyw43_do_ioctl.str1.4
                0x10008b68       0x53 CMakeFiles/test.dir/home/jthro/pico/pico-sdk/lib/cyw43-driver/src/cyw43_ll.c.obj
 .rodata.reset_device_core.constprop.0.str1.4
                0x10008b68       0x1a CMakeFiles/test.dir/home/jthro/pico/pico-sdk/lib/cyw43-driver/src/cyw43_ll.c.obj
 .rodata.cyw43_ll_bus_init.str1.4
                0x10008b68       0xfe CMakeFiles/test.dir/home/jthro/pico/pico-sdk/lib/cyw43-driver/src/cyw43_ll.c.obj
 .rodata.cyw43_ll_gpio_set.str1.4
                0x10008b68        0x8 CMakeFiles/test.dir/home/jthro/pico/pico-sdk/lib/cyw43-driver/src/cyw43_ll.c.obj
 .rodata.w43439A0_7_95_49_00_combined
                0x10008b68    0x36fd8 CMakeFiles/test.dir/home/jthro/pico/pico-sdk/lib/cyw43-driver/src/cyw43_ll.c.obj
 .rodata.wifi_nvram_4343
                0x1003fb40      0x2e7 CMakeFiles/test.dir/home/jthro/pico/pico-sdk/lib/cyw43-driver/src/cyw43_ll.c.obj
 *fill*         0x1003fe27        0x1 
 .rodata        0x1003fe28       0x72 CMakeFiles/test.dir/home/jthro/pico/pico-sdk/lib/cyw43-driver/src/cyw43_ll.c.obj
 .rodata.cyw43_cb_process_async_event.str1.4
                0x1003fe9a       0x28 CMakeFiles/test.dir/home/jthro/pico/pico-sdk/lib/cyw43-driver/src/cyw43_ctrl.c.obj
 *fill*         0x1003fe9a        0x2 
 .rodata.cyw43_cb_process_async_event
                0x1003fe9c       0xbc CMakeFiles/test.dir/home/jthro/pico/pico-sdk/lib/cyw43-driver/src/cyw43_ctrl.c.obj
 .rodata.str1.4
                0x1003ff58       0x9e CMakeFiles/test.dir/home/jthro/pico/pico-sdk/lib/cyw43-driver/src/cyw43_ctrl.c.obj
 .rodata.cyw43_async_event_name_table
                0x1003ff58      0x164 CMakeFiles/test.dir/home/jthro/pico/pico-sdk/lib/cyw43-driver/src/cyw43_ctrl.c.obj
 .rodata.pio_claim_unused_sm.str1.4
                0x100400bc       0x24 CMakeFiles/test.dir/home/jthro/pico/pico-sdk/src/rp2_common/hardware_pio/pio.c.obj
 .rodata.pio_add_program.str1.4
                0x100400bc       0x11 CMakeFiles/test.dir/home/jthro/pico/pico-sdk/src/rp2_common/hardware_pio/pio.c.obj
 .rodata.dma_claim_unused_channel.str1.4
                0x100400bc       0x1e CMakeFiles/test.dir/home/jthro/pico/pico-sdk/src/rp2_common/hardware_dma/dma.c.obj
 .rodata.cyw43_cb_tcpip_set_link_up.str1.4
                0x100400bc       0x20 CMakeFiles/test.dir/home/jthro/pico/pico-sdk/src/rp2_common/pico_cyw43_driver/cyw43_driver.c.obj
 .rodata.async_context_threadsafe_background_lock_check.str1.4
                0x100400bc       0x20 CMakeFiles/test.dir/home/jthro/pico/pico-sdk/src/rp2_common/pico_async_context/async_context_threadsafe_background.c.obj
 .rodata.template
                0x100400bc       0x38 CMakeFiles/test.dir/home/jthro/pico/pico-sdk/src/rp2_common/pico_async_context/async_context_threadsafe_background.c.obj
                0x100400f4                        . = ALIGN (0x4)
 *(SORT_BY_ALIGNMENT(SORT_BY_NAME(.flashdata*)))
                0x100400f4                        . = ALIGN (0x4)

.ARM.extab
 *(.ARM.extab* .gnu.linkonce.armextab.*)
                0x100400f4                        __exidx_start = .

.ARM.exidx
 *(.ARM.exidx* .gnu.linkonce.armexidx.*)
                0x100400f4                        __exidx_end = .
                0x100400f4                        . = ALIGN (0x4)
                0x100400f4                        __binary_info_start = .

.binary_info    0x100400f4       0x2c
 *(.binary_info.keep.*)
 .binary_info.keep.__bi_ptr11
                0x100400f4        0x4 CMakeFiles/test.dir/test.c.obj
 .binary_info.keep.__bi_ptr10
                0x100400f8        0x4 CMakeFiles/test.dir/test.c.obj
 .binary_info.keep.__bi_ptr81
                0x100400fc        0x4 CMakeFiles/test.dir/home/jthro/pico/pico-sdk/src/rp2_common/pico_standard_link/binary_info.c.obj
 .binary_info.keep.__bi_ptr75
                0x10040100        0x4 CMakeFiles/test.dir/home/jthro/pico/pico-sdk/src/rp2_common/pico_standard_link/binary_info.c.obj
 .binary_info.keep.__bi_ptr50
                0x10040104        0x4 CMakeFiles/test.dir/home/jthro/pico/pico-sdk/src/rp2_common/pico_standard_link/binary_info.c.obj
 .binary_info.keep.__bi_ptr44
                0x10040108        0x4 CMakeFiles/test.dir/home/jthro/pico/pico-sdk/src/rp2_common/pico_standard_link/binary_info.c.obj
 .binary_info.keep.__bi_ptr38
                0x1004010c        0x4 CMakeFiles/test.dir/home/jthro/pico/pico-sdk/src/rp2_common/pico_standard_link/binary_info.c.obj
 .binary_info.keep.__bi_ptr30
                0x10040110        0x4 CMakeFiles/test.dir/home/jthro/pico/pico-sdk/src/rp2_common/pico_standard_link/binary_info.c.obj
 .binary_info.keep.__bi_ptr22
                0x10040114        0x4 CMakeFiles/test.dir/home/jthro/pico/pico-sdk/src/rp2_common/pico_standard_link/binary_info.c.obj
 *(.binary_info.*)
 .binary_info.__bi_ptr34
                0x10040118        0x4 CMakeFiles/test.dir/home/jthro/pico/pico-sdk/src/rp2_common/pico_stdio_uart/stdio_uart.c.obj
 .binary_info.__bi_ptr33
                0x1004011c        0x4 CMakeFiles/test.dir/home/jthro/pico/pico-sdk/src/rp2_common/pico_stdio_uart/stdio_uart.c.obj
                0x10040120                        __binary_info_end = .

.rel.dyn        0x10040120        0x0
 .rel.iplt      0x10040120        0x0 /usr/lib/gcc/arm-none-eabi/13.2.0/thumb/v6-m/nofp/crtbegin.o
                0x10040120                        . = ALIGN (0x4)

.ram_vector_table
                0x20000000       0xc0
 *(.ram_vector_table)
 .ram_vector_table
                0x20000000       0xc0 CMakeFiles/test.dir/home/jthro/pico/pico-sdk/src/rp2_common/pico_runtime/runtime.c.obj
                0x20000000                ram_vector_table

.data           0x200000c0      0x4a8 load address 0x10040120
                0x200000c0                        __data_start__ = .
 *(vtable)
 *(.time_critical*)
 .time_critical.sem_acquire_block_until
                0x200000c0       0x68 CMakeFiles/test.dir/home/jthro/pico/pico-sdk/src/common/pico_sync/sem.c.obj
                0x200000c0                sem_acquire_block_until
 .time_critical.sem_release
                0x20000128       0x4c CMakeFiles/test.dir/home/jthro/pico/pico-sdk/src/common/pico_sync/sem.c.obj
                0x20000128                sem_release
 .time_critical.recursive_mutex_enter_blocking
                0x20000174       0x50 CMakeFiles/test.dir/home/jthro/pico/pico-sdk/src/common/pico_sync/mutex.c.obj
                0x20000174                recursive_mutex_enter_blocking
 .time_critical.mutex_try_enter_block_until
                0x200001c4       0x9c CMakeFiles/test.dir/home/jthro/pico/pico-sdk/src/common/pico_sync/mutex.c.obj
                0x200001c4                mutex_try_enter_block_until
 .time_critical.recursive_mutex_try_enter
                0x20000260       0x50 CMakeFiles/test.dir/home/jthro/pico/pico-sdk/src/common/pico_sync/mutex.c.obj
                0x20000260                recursive_mutex_try_enter
 .time_critical.mutex_exit
                0x200002b0       0x28 CMakeFiles/test.dir/home/jthro/pico/pico-sdk/src/common/pico_sync/mutex.c.obj
                0x200002b0                mutex_exit
 .time_critical.recursive_mutex_exit
                0x200002d8       0x44 CMakeFiles/test.dir/home/jthro/pico/pico-sdk/src/common/pico_sync/mutex.c.obj
                0x200002d8                recursive_mutex_exit
 .time_critical.flash_init_boot2_copyout
                0x2000031c       0x30 CMakeFiles/test.dir/home/jthro/pico/pico-sdk/src/rp2_common/hardware_flash/flash.c.obj
 .time_critical.flash_enable_xip_via_boot2
                0x2000034c        0xc CMakeFiles/test.dir/home/jthro/pico/pico-sdk/src/rp2_common/hardware_flash/flash.c.obj
 .time_critical.flash_cs_force
                0x20000358       0x38 CMakeFiles/test.dir/home/jthro/pico/pico-sdk/src/rp2_common/hardware_flash/flash.c.obj
 .time_critical.flash_do_cmd
                0x20000390       0xc0 CMakeFiles/test.dir/home/jthro/pico/pico-sdk/src/rp2_common/hardware_flash/flash.c.obj
                0x20000390                flash_do_cmd
 *(.text*)
 .text          0x20000450        0x4 /usr/lib/gcc/arm-none-eabi/13.2.0/thumb/v6-m/nofp/libgcc.a(_dvmd_tls.o)
                0x20000450                __aeabi_ldiv0
                0x20000450                __aeabi_idiv0
 *fill*         0x20000454        0x4 
 .text.__stub   0x20000458       0x10 linker stubs
                0x20000468                        . = ALIGN (0x4)
 *(.rodata*)
                0x20000468                        . = ALIGN (0x4)
 *(.data*)
 .data.striped_spin_lock_num
                0x20000468        0x1 CMakeFiles/test.dir/home/jthro/pico/pico-sdk/src/rp2_common/hardware_sync/sync.c.obj
 *fill*         0x20000469        0x3 
 .data          0x2000046c       0x48 CMakeFiles/test.dir/home/jthro/pico/pico-sdk/src/rp2_common/hardware_irq/irq_handler_chain.S.obj
                0x2000046c                irq_handler_chain_slots
                0x2000049c                irq_handler_chain_first_slot
                0x200004a6                irq_handler_chain_remove_tail
 .data.default_alarm_pool
                0x200004b4       0x18 CMakeFiles/test.dir/home/jthro/pico/pico-sdk/src/common/pico_time/time.c.obj
 .data.default_alarm_pool_heap
                0x200004cc       0x10 CMakeFiles/test.dir/home/jthro/pico/pico-sdk/src/common/pico_time/time.c.obj
 *fill*         0x200004dc        0x4 
 .data.aeabi_bits_funcs
                0x200004e0       0x10 CMakeFiles/test.dir/home/jthro/pico/pico-sdk/src/rp2_common/pico_bit_ops/bit_ops_aeabi.S.obj
                0x200004e0                aeabi_bits_funcs
                0x200004f0                aeabi_bits_funcs_end
 .data.aeabi_mem_funcs
                0x200004f0       0x10 CMakeFiles/test.dir/home/jthro/pico/pico-sdk/src/rp2_common/pico_mem_ops/mem_ops_aeabi.S.obj
                0x200004f0                aeabi_mem_funcs
                0x20000500                aeabi_mem_funcs_end
 .data.stdio_uart
                0x20000500       0x18 CMakeFiles/test.dir/home/jthro/pico/pico-sdk/src/rp2_common/pico_stdio_uart/stdio_uart.c.obj
                0x20000500                stdio_uart
 .data.cyw43_poll_worker
                0x20000518       0x10 CMakeFiles/test.dir/home/jthro/pico/pico-sdk/src/rp2_common/pico_cyw43_driver/cyw43_driver.c.obj
 .data.sleep_timeout_worker
                0x20000528       0x18 CMakeFiles/test.dir/home/jthro/pico/pico-sdk/src/rp2_common/pico_cyw43_driver/cyw43_driver.c.obj
 .data.__atexit_recursive_mutex
                0x20000540        0x4 /usr/lib/gcc/arm-none-eabi/13.2.0/../../../../arm-none-eabi/lib/thumb/v6-m/nofp/libc.a(libc_a-__call_atexit.o)
                0x20000540                __atexit_recursive_mutex
                0x20000544                        . = ALIGN (0x4)
 *(.after_data.*)
                0x20000544                        . = ALIGN (0x4)
                0x20000544                        PROVIDE (__mutex_array_start = .)
 *(SORT_BY_NAME(.mutex_array.*))
 *(.mutex_array)
 .mutex_array   0x20000544        0x8 CMakeFiles/test.dir/home/jthro/pico/pico-sdk/src/rp2_common/pico_stdio/stdio.c.obj
                0x2000054c                        PROVIDE (__mutex_array_end = .)
                0x2000054c                        . = ALIGN (0x4)
                0x2000054c                        PROVIDE (__preinit_array_start = .)
 *(SORT_BY_NAME(.preinit_array.*))
 .preinit_array.00001
                0x2000054c        0x4 CMakeFiles/test.dir/home/jthro/pico/pico-sdk/src/rp2_common/pico_mem_ops/mem_ops_aeabi.S.obj
 .preinit_array.00010
                0x20000550        0x4 CMakeFiles/test.dir/home/jthro/pico/pico-sdk/src/rp2_common/pico_bit_ops/bit_ops_aeabi.S.obj
 .preinit_array.00020
                0x20000554        0x4 CMakeFiles/test.dir/home/jthro/pico/pico-sdk/src/rp2_common/pico_double/double_aeabi.S.obj
 .preinit_array.00020
                0x20000558        0x4 CMakeFiles/test.dir/home/jthro/pico/pico-sdk/src/rp2_common/pico_float/float_aeabi.S.obj
 *(.preinit_array)
                0x2000055c                        PROVIDE (__preinit_array_end = .)
                0x2000055c                        . = ALIGN (0x4)
                0x2000055c                        PROVIDE (__init_array_start = .)
 *(SORT_BY_NAME(.init_array.*))
 .init_array.00000
                0x2000055c        0x4 /usr/lib/gcc/arm-none-eabi/13.2.0/../../../../arm-none-eabi/lib/thumb/v6-m/nofp/libc.a(libc_a-__call_atexit.o)
 *(.init_array)
 .init_array    0x20000560        0x4 /usr/lib/gcc/arm-none-eabi/13.2.0/thumb/v6-m/nofp/crtbegin.o
 .init_array    0x20000564        0x4 CMakeFiles/test.dir/home/jthro/pico/pico-sdk/src/rp2_common/pico_unique_id/unique_id.c.obj
                0x20000568                        PROVIDE (__init_array_end = .)
                0x20000568                        . = ALIGN (0x4)
                0x20000568                        PROVIDE (__fini_array_start = .)
 *(SORT_BY_NAME(.fini_array.*))
 *(.fini_array)
                0x20000568                        PROVIDE (__fini_array_end = .)
 *(.jcr)
                0x20000568                        . = ALIGN (0x4)
                0x20000568                        __data_end__ = .
                0x10040120                        __etext = LOADADDR (.data)

.igot.plt       0x20000568        0x0 load address 0x100405c8
 .igot.plt      0x20000568        0x0 /usr/lib/gcc/arm-none-eabi/13.2.0/thumb/v6-m/nofp/crtbegin.o

.uninitialized_data
                0x20000568        0x0 load address 0x100405c8
                0x20000568                        . = ALIGN (0x4)
 *(.uninitialized_data*)

.scratch_x      0x20040000        0x0 load address 0x100405c8
                0x20040000                        __scratch_x_start__ = .
 *(.scratch_x.*)
                0x20040000                        . = ALIGN (0x4)
                0x20040000                        __scratch_x_end__ = .
                0x100405c8                        __scratch_x_source__ = LOADADDR (.scratch_x)

.scratch_y      0x20041000        0x0 load address 0x100405c8
                0x20041000                        __scratch_y_start__ = .
 *(.scratch_y.*)
                0x20041000                        . = ALIGN (0x4)
                0x20041000                        __scratch_y_end__ = .
                0x100405c8                        __scratch_y_source__ = LOADADDR (.scratch_y)

.bss            0x20000568      0xff8
                0x20000568                        . = ALIGN (0x4)
                0x20000568                        __bss_start__ = .
 *(SORT_BY_ALIGNMENT(SORT_BY_NAME(.bss*)))
 .bss.configured_freq
                0x20000568       0x28 CMakeFiles/test.dir/home/jthro/pico/pico-sdk/src/rp2_common/hardware_clocks/clocks.c.obj
 .bss.cyw43_async_context_threadsafe_background
                0x20000590       0x48 CMakeFiles/test.dir/home/jthro/pico/pico-sdk/src/rp2_common/pico_cyw43_arch/cyw43_arch_threadsafe_background.c.obj
 .bss.default_alarm_pool_entries
                0x200005d8      0x100 CMakeFiles/test.dir/home/jthro/pico/pico-sdk/src/common/pico_time/time.c.obj
 .bss.sd_table  0x200006d8      0x100 CMakeFiles/test.dir/home/jthro/pico/pico-sdk/src/rp2_common/pico_double/double_init_rom.c.obj
                0x200006d8                sd_table
 .bss.__atexit  0x200007d8        0x4 /usr/lib/gcc/arm-none-eabi/13.2.0/../../../../arm-none-eabi/lib/thumb/v6-m/nofp/libc.a(libc_a-__call_atexit.o)
                0x200007d8                __atexit
 .bss.__atexit0
                0x200007dc      0x190 /usr/lib/gcc/arm-none-eabi/13.2.0/../../../../arm-none-eabi/lib/thumb/v6-m/nofp/libc.a(libc_a-__atexit.o)
                0x200007dc                __atexit0
 .bss.__lock___atexit_recursive_mutex
                0x2000096c        0x1 /usr/lib/gcc/arm-none-eabi/13.2.0/../../../../arm-none-eabi/lib/thumb/v6-m/nofp/libc.a(libc_a-lock.o)
                0x2000096c                __lock___atexit_recursive_mutex
 *fill*         0x2000096d        0x3 
 .bss._used_instruction_space
                0x20000970        0x8 CMakeFiles/test.dir/home/jthro/pico/pico-sdk/src/rp2_common/hardware_pio/pio.c.obj
 .bss.alarm_callbacks
                0x20000978       0x10 CMakeFiles/test.dir/home/jthro/pico/pico-sdk/src/rp2_common/hardware_timer/timer.c.obj
 .bss.async_context
                0x20000988        0x4 CMakeFiles/test.dir/home/jthro/pico/pico-sdk/src/rp2_common/pico_cyw43_arch/cyw43_arch.c.obj
 .bss.async_contexts_by_user_irq
                0x2000098c       0x18 CMakeFiles/test.dir/home/jthro/pico/pico-sdk/src/rp2_common/pico_async_context/async_context_threadsafe_background.c.obj
 .bss.boot2_copyout
                0x200009a4      0x100 CMakeFiles/test.dir/home/jthro/pico/pico-sdk/src/rp2_common/hardware_flash/flash.c.obj
 .bss.bus_data_instance
                0x20000aa4        0xc CMakeFiles/test.dir/home/jthro/pico/pico-sdk/src/rp2_common/pico_cyw43_driver/cyw43_bus_pio_spi.c.obj
 .bss.chars_available_callback
                0x20000ab0        0x4 CMakeFiles/test.dir/home/jthro/pico/pico-sdk/src/rp2_common/pico_stdio_uart/stdio_uart.c.obj
 .bss.chars_available_param
                0x20000ab4        0x4 CMakeFiles/test.dir/home/jthro/pico/pico-sdk/src/rp2_common/pico_stdio_uart/stdio_uart.c.obj
 .bss.cyw43_async_context
                0x20000ab8        0x4 CMakeFiles/test.dir/home/jthro/pico/pico-sdk/src/rp2_common/pico_cyw43_driver/cyw43_driver.c.obj
 .bss.cyw43_poll
                0x20000abc        0x4 CMakeFiles/test.dir/home/jthro/pico/pico-sdk/lib/cyw43-driver/src/cyw43_ctrl.c.obj
                0x20000abc                cyw43_poll
 .bss.cyw43_sleep
                0x20000ac0        0x4 CMakeFiles/test.dir/home/jthro/pico/pico-sdk/lib/cyw43-driver/src/cyw43_ctrl.c.obj
                0x20000ac0                cyw43_sleep
 .bss.cyw43_state
                0x20000ac4      0x8ec CMakeFiles/test.dir/home/jthro/pico/pico-sdk/lib/cyw43-driver/src/cyw43_ctrl.c.obj
                0x20000ac4                cyw43_state
 .bss.default_alarm_pool_entry_ids_high
                0x200013b0       0x10 CMakeFiles/test.dir/home/jthro/pico/pico-sdk/src/common/pico_time/time.c.obj
 .bss.default_alarm_pool_heap_nodes
                0x200013c0       0x30 CMakeFiles/test.dir/home/jthro/pico/pico-sdk/src/common/pico_time/time.c.obj
 .bss.drivers   0x200013f0        0x4 CMakeFiles/test.dir/home/jthro/pico/pico-sdk/src/rp2_common/pico_stdio/stdio.c.obj
 .bss.filter    0x200013f4        0x4 CMakeFiles/test.dir/home/jthro/pico/pico-sdk/src/rp2_common/pico_stdio/stdio.c.obj
 .bss.lazy_vsnprintf
                0x200013f8        0x4 CMakeFiles/test.dir/home/jthro/pico/pico-sdk/src/rp2_common/pico_printf/printf.c.obj
 .bss.object.0  0x200013fc       0x18 /usr/lib/gcc/arm-none-eabi/13.2.0/thumb/v6-m/nofp/crtbegin.o
 .bss.pools     0x20001414       0x10 CMakeFiles/test.dir/home/jthro/pico/pico-sdk/src/common/pico_time/time.c.obj
 .bss.raw_irq_mask
                0x20001424        0x8 CMakeFiles/test.dir/home/jthro/pico/pico-sdk/src/rp2_common/hardware_gpio/gpio.c.obj
 .bss.retrieved_id
                0x2000142c        0x8 CMakeFiles/test.dir/home/jthro/pico/pico-sdk/src/rp2_common/pico_unique_id/unique_id.c.obj
 .bss.sf_clz_func
                0x20001434        0x4 CMakeFiles/test.dir/home/jthro/pico/pico-sdk/src/rp2_common/pico_double/double_init_rom.c.obj
                0x20001434                sf_clz_func
 .bss.sf_table  0x20001438      0x100 CMakeFiles/test.dir/home/jthro/pico/pico-sdk/src/rp2_common/pico_float/float_init_rom.c.obj
                0x20001438                sf_table
 .bss.sleep_notifier
                0x20001538        0x4 CMakeFiles/test.dir/home/jthro/pico/pico-sdk/src/common/pico_time/time.c.obj
 .bss.target_hi
                0x2000153c       0x10 CMakeFiles/test.dir/home/jthro/pico/pico-sdk/src/rp2_common/hardware_timer/timer.c.obj
 .bss.uart_char_to_line_feed
                0x2000154c        0x4 CMakeFiles/test.dir/home/jthro/pico/pico-sdk/src/rp2_common/hardware_uart/uart.c.obj
                0x2000154c                uart_char_to_line_feed
 .bss.uart_instance
                0x20001550        0x4 CMakeFiles/test.dir/home/jthro/pico/pico-sdk/src/rp2_common/pico_stdio_uart/stdio_uart.c.obj
 .bss._claimed  0x20001554        0x2 CMakeFiles/test.dir/home/jthro/pico/pico-sdk/src/rp2_common/hardware_dma/dma.c.obj
 .bss.last_spi_int.0
                0x20001556        0x2 CMakeFiles/test.dir/home/jthro/pico/pico-sdk/lib/cyw43-driver/src/cyw43_ll.c.obj
 .bss.boot2_copyout_valid
                0x20001558        0x1 CMakeFiles/test.dir/home/jthro/pico/pico-sdk/src/rp2_common/hardware_flash/flash.c.obj
 .bss.claimed   0x20001559        0x1 CMakeFiles/test.dir/home/jthro/pico/pico-sdk/src/rp2_common/hardware_timer/timer.c.obj
 .bss.claimed   0x2000155a        0x1 CMakeFiles/test.dir/home/jthro/pico/pico-sdk/src/rp2_common/hardware_pio/pio.c.obj
 .bss.irq_hander_chain_free_slot_head
                0x2000155b        0x1 CMakeFiles/test.dir/home/jthro/pico/pico-sdk/src/rp2_common/hardware_irq/irq.c.obj
 .bss.timer_callbacks_pending
                0x2000155c        0x1 CMakeFiles/test.dir/home/jthro/pico/pico-sdk/src/rp2_common/hardware_timer/timer.c.obj
 .bss.user_irq_claimed
                0x2000155d        0x1 CMakeFiles/test.dir/home/jthro/pico/pico-sdk/src/rp2_common/hardware_irq/irq.c.obj
 *(COMMON)
                0x20001560                        . = ALIGN (0x4)
 *fill*         0x2000155e        0x2 
                0x20001560                        __bss_end__ = .

.heap           0x20001560      0x800
                0x20001560                        __end__ = .
                0x20001560                        end = __end__
 *(.heap*)
 .heap          0x20001560      0x800 CMakeFiles/test.dir/home/jthro/pico/pico-sdk/src/rp2_common/pico_standard_link/crt0.S.obj
                0x20001d60                        __HeapLimit = .

.stack1_dummy
 *(.stack1*)

.stack_dummy    0x20041000      0x800
 *(.stack*)
 .stack         0x20041000      0x800 CMakeFiles/test.dir/home/jthro/pico/pico-sdk/src/rp2_common/pico_standard_link/crt0.S.obj

.flash_end      0x100405c8        0x0
                0x100405c8                        PROVIDE (__flash_binary_end = .)
                0x20040000                        __StackLimit = (ORIGIN (RAM) + LENGTH (RAM))
                0x20041000                        __StackOneTop = (ORIGIN (SCRATCH_X) + LENGTH (SCRATCH_X))
                0x20042000                        __StackTop = (ORIGIN (SCRATCH_Y) + LENGTH (SCRATCH_Y))
                0x20041000                        __StackOneBottom = (__StackOneTop - SIZEOF (.stack1_dummy))
                0x20041800                        __StackBottom = (__StackTop - SIZEOF (.stack_dummy))
                0x20042000                        PROVIDE (__stack = __StackTop)
                0x00000001                        ASSERT ((__StackLimit >= __HeapLimit), region RAM overflowed)
                0x00000001                        ASSERT (((__binary_info_header_end - __logical_binary_start) <= 0x100), Binary info must be in first 256 bytes of the binary)
LOAD CMakeFiles/test.dir/test.c.obj
LOAD CMakeFiles/test.dir/home/jthro/pico/pico-sdk/src/rp2_common/pico_stdlib/stdlib.c.obj
LOAD CMakeFiles/test.dir/home/jthro/pico/pico-sdk/src/rp2_common/hardware_gpio/gpio.c.obj
LOAD CMakeFiles/test.dir/home/jthro/pico/pico-sdk/src/rp2_common/pico_platform/platform.c.obj
LOAD CMakeFiles/test.dir/home/jthro/pico/pico-sdk/src/rp2_common/hardware_claim/claim.c.obj
LOAD CMakeFiles/test.dir/home/jthro/pico/pico-sdk/src/rp2_common/hardware_sync/sync.c.obj
LOAD CMakeFiles/test.dir/home/jthro/pico/pico-sdk/src/rp2_common/hardware_irq/irq.c.obj
LOAD CMakeFiles/test.dir/home/jthro/pico/pico-sdk/src/rp2_common/hardware_irq/irq_handler_chain.S.obj
LOAD CMakeFiles/test.dir/home/jthro/pico/pico-sdk/src/common/pico_sync/sem.c.obj
LOAD CMakeFiles/test.dir/home/jthro/pico/pico-sdk/src/common/pico_sync/lock_core.c.obj
LOAD CMakeFiles/test.dir/home/jthro/pico/pico-sdk/src/common/pico_sync/mutex.c.obj
LOAD CMakeFiles/test.dir/home/jthro/pico/pico-sdk/src/common/pico_sync/critical_section.c.obj
LOAD CMakeFiles/test.dir/home/jthro/pico/pico-sdk/src/common/pico_time/time.c.obj
LOAD CMakeFiles/test.dir/home/jthro/pico/pico-sdk/src/common/pico_time/timeout_helper.c.obj
LOAD CMakeFiles/test.dir/home/jthro/pico/pico-sdk/src/rp2_common/hardware_timer/timer.c.obj
LOAD CMakeFiles/test.dir/home/jthro/pico/pico-sdk/src/common/pico_util/datetime.c.obj
LOAD CMakeFiles/test.dir/home/jthro/pico/pico-sdk/src/common/pico_util/pheap.c.obj
LOAD CMakeFiles/test.dir/home/jthro/pico/pico-sdk/src/common/pico_util/queue.c.obj
LOAD CMakeFiles/test.dir/home/jthro/pico/pico-sdk/src/rp2_common/hardware_uart/uart.c.obj
LOAD CMakeFiles/test.dir/home/jthro/pico/pico-sdk/src/rp2_common/hardware_clocks/clocks.c.obj
LOAD CMakeFiles/test.dir/home/jthro/pico/pico-sdk/src/rp2_common/hardware_pll/pll.c.obj
LOAD CMakeFiles/test.dir/home/jthro/pico/pico-sdk/src/rp2_common/hardware_vreg/vreg.c.obj
LOAD CMakeFiles/test.dir/home/jthro/pico/pico-sdk/src/rp2_common/hardware_watchdog/watchdog.c.obj
LOAD CMakeFiles/test.dir/home/jthro/pico/pico-sdk/src/rp2_common/hardware_xosc/xosc.c.obj
LOAD CMakeFiles/test.dir/home/jthro/pico/pico-sdk/src/rp2_common/hardware_divider/divider.S.obj
LOAD CMakeFiles/test.dir/home/jthro/pico/pico-sdk/src/rp2_common/pico_runtime/runtime.c.obj
LOAD CMakeFiles/test.dir/home/jthro/pico/pico-sdk/src/rp2_common/pico_printf/printf.c.obj
LOAD CMakeFiles/test.dir/home/jthro/pico/pico-sdk/src/rp2_common/pico_bit_ops/bit_ops_aeabi.S.obj
LOAD CMakeFiles/test.dir/home/jthro/pico/pico-sdk/src/rp2_common/pico_bootrom/bootrom.c.obj
LOAD CMakeFiles/test.dir/home/jthro/pico/pico-sdk/src/rp2_common/pico_divider/divider.S.obj
LOAD CMakeFiles/test.dir/home/jthro/pico/pico-sdk/src/rp2_common/pico_double/double_aeabi.S.obj
LOAD CMakeFiles/test.dir/home/jthro/pico/pico-sdk/src/rp2_common/pico_double/double_init_rom.c.obj
LOAD CMakeFiles/test.dir/home/jthro/pico/pico-sdk/src/rp2_common/pico_double/double_math.c.obj
LOAD CMakeFiles/test.dir/home/jthro/pico/pico-sdk/src/rp2_common/pico_double/double_v1_rom_shim.S.obj
LOAD CMakeFiles/test.dir/home/jthro/pico/pico-sdk/src/rp2_common/pico_int64_ops/pico_int64_ops_aeabi.S.obj
LOAD CMakeFiles/test.dir/home/jthro/pico/pico-sdk/src/rp2_common/pico_float/float_aeabi.S.obj
LOAD CMakeFiles/test.dir/home/jthro/pico/pico-sdk/src/rp2_common/pico_float/float_init_rom.c.obj
LOAD CMakeFiles/test.dir/home/jthro/pico/pico-sdk/src/rp2_common/pico_float/float_math.c.obj
LOAD CMakeFiles/test.dir/home/jthro/pico/pico-sdk/src/rp2_common/pico_float/float_v1_rom_shim.S.obj
LOAD CMakeFiles/test.dir/home/jthro/pico/pico-sdk/src/rp2_common/pico_malloc/pico_malloc.c.obj
LOAD CMakeFiles/test.dir/home/jthro/pico/pico-sdk/src/rp2_common/pico_mem_ops/mem_ops_aeabi.S.obj
LOAD CMakeFiles/test.dir/home/jthro/pico/pico-sdk/src/rp2_common/pico_standard_link/crt0.S.obj
LOAD CMakeFiles/test.dir/home/jthro/pico/pico-sdk/src/rp2_common/pico_standard_link/new_delete.cpp.obj
LOAD CMakeFiles/test.dir/home/jthro/pico/pico-sdk/src/rp2_common/pico_standard_link/binary_info.c.obj
LOAD CMakeFiles/test.dir/home/jthro/pico/pico-sdk/src/rp2_common/pico_stdio/stdio.c.obj
LOAD CMakeFiles/test.dir/home/jthro/pico/pico-sdk/src/rp2_common/pico_stdio_uart/stdio_uart.c.obj
LOAD CMakeFiles/test.dir/home/jthro/pico/pico-sdk/src/rp2_common/pico_cyw43_arch/cyw43_arch.c.obj
LOAD CMakeFiles/test.dir/home/jthro/pico/pico-sdk/src/rp2_common/pico_cyw43_arch/cyw43_arch_poll.c.obj
LOAD CMakeFiles/test.dir/home/jthro/pico/pico-sdk/src/rp2_common/pico_cyw43_arch/cyw43_arch_threadsafe_background.c.obj
LOAD CMakeFiles/test.dir/home/jthro/pico/pico-sdk/src/rp2_common/pico_cyw43_arch/cyw43_arch_freertos.c.obj
LOAD CMakeFiles/test.dir/home/jthro/pico/pico-sdk/src/rp2_common/pico_unique_id/unique_id.c.obj
LOAD CMakeFiles/test.dir/home/jthro/pico/pico-sdk/src/rp2_common/hardware_flash/flash.c.obj
LOAD CMakeFiles/test.dir/home/jthro/pico/pico-sdk/src/rp2_common/pico_cyw43_driver/cyw43_bus_pio_spi.c.obj
LOAD CMakeFiles/test.dir/home/jthro/pico/pico-sdk/lib/cyw43-driver/src/cyw43_ll.c.obj
LOAD CMakeFiles/test.dir/home/jthro/pico/pico-sdk/lib/cyw43-driver/src/cyw43_stats.c.obj
LOAD CMakeFiles/test.dir/home/jthro/pico/pico-sdk/lib/cyw43-driver/src/cyw43_lwip.c.obj
LOAD CMakeFiles/test.dir/home/jthro/pico/pico-sdk/lib/cyw43-driver/src/cyw43_ctrl.c.obj
LOAD CMakeFiles/test.dir/home/jthro/pico/pico-sdk/src/rp2_common/pico_cyw43_driver/cybt_shared_bus/cybt_shared_bus.c.obj
LOAD CMakeFiles/test.dir/home/jthro/pico/pico-sdk/src/rp2_common/pico_cyw43_driver/cybt_shared_bus/cybt_shared_bus_driver.c.obj
LOAD CMakeFiles/test.dir/home/jthro/pico/pico-sdk/src/rp2_common/hardware_pio/pio.c.obj
LOAD CMakeFiles/test.dir/home/jthro/pico/pico-sdk/src/rp2_common/hardware_dma/dma.c.obj
LOAD CMakeFiles/test.dir/home/jthro/pico/pico-sdk/src/rp2_common/hardware_exception/exception.c.obj
LOAD CMakeFiles/test.dir/home/jthro/pico/pico-sdk/src/rp2_common/pico_cyw43_driver/cyw43_driver.c.obj
LOAD CMakeFiles/test.dir/home/jthro/pico/pico-sdk/src/rp2_common/pico_async_context/async_context_threadsafe_background.c.obj
LOAD CMakeFiles/test.dir/home/jthro/pico/pico-sdk/src/rp2_common/pico_async_context/async_context_base.c.obj
LOAD /tmp/ccCHrSlQ.o
LOAD /usr/lib/gcc/arm-none-eabi/13.2.0/../../../../arm-none-eabi/lib/thumb/v6-m/nofp/libstdc++.a
LOAD /usr/lib/gcc/arm-none-eabi/13.2.0/../../../../arm-none-eabi/lib/thumb/v6-m/nofp/libm.a
START GROUP
LOAD /usr/lib/gcc/arm-none-eabi/13.2.0/thumb/v6-m/nofp/libgcc.a
LOAD /usr/lib/gcc/arm-none-eabi/13.2.0/../../../../arm-none-eabi/lib/thumb/v6-m/nofp/libc.a
END GROUP
START GROUP
LOAD /usr/lib/gcc/arm-none-eabi/13.2.0/thumb/v6-m/nofp/libgcc.a
LOAD /usr/lib/gcc/arm-none-eabi/13.2.0/../../../../arm-none-eabi/lib/thumb/v6-m/nofp/libc.a
LOAD /usr/lib/gcc/arm-none-eabi/13.2.0/../../../../arm-none-eabi/lib/thumb/v6-m/nofp/libnosys.a
END GROUP
LOAD /usr/lib/gcc/arm-none-eabi/13.2.0/thumb/v6-m/nofp/crtend.o
LOAD /usr/lib/gcc/arm-none-eabi/13.2.0/thumb/v6-m/nofp/crtn.o
OUTPUT(test.elf elf32-littlearm)
LOAD linker stubs

.ARM.attributes
                0x00000000       0x28
 .ARM.attributes
                0x00000000       0x1e /usr/lib/gcc/arm-none-eabi/13.2.0/thumb/v6-m/nofp/crti.o
 .ARM.attributes
                0x0000001e       0x2c /usr/lib/gcc/arm-none-eabi/13.2.0/thumb/v6-m/nofp/crtbegin.o
 .ARM.attributes
                0x0000004a       0x2c CMakeFiles/test.dir/test.c.obj
 .ARM.attributes
                0x00000076       0x2c CMakeFiles/test.dir/home/jthro/pico/pico-sdk/src/rp2_common/hardware_gpio/gpio.c.obj
 .ARM.attributes
                0x000000a2       0x2c CMakeFiles/test.dir/home/jthro/pico/pico-sdk/src/rp2_common/pico_platform/platform.c.obj
 .ARM.attributes
                0x000000ce       0x2c CMakeFiles/test.dir/home/jthro/pico/pico-sdk/src/rp2_common/hardware_claim/claim.c.obj
 .ARM.attributes
                0x000000fa       0x2c CMakeFiles/test.dir/home/jthro/pico/pico-sdk/src/rp2_common/hardware_sync/sync.c.obj
 .ARM.attributes
                0x00000126       0x2c CMakeFiles/test.dir/home/jthro/pico/pico-sdk/src/rp2_common/hardware_irq/irq.c.obj
 .ARM.attributes
                0x00000152       0x22 CMakeFiles/test.dir/home/jthro/pico/pico-sdk/src/rp2_common/hardware_irq/irq_handler_chain.S.obj
 .ARM.attributes
                0x00000174       0x2c CMakeFiles/test.dir/home/jthro/pico/pico-sdk/src/common/pico_sync/sem.c.obj
 .ARM.attributes
                0x000001a0       0x2c CMakeFiles/test.dir/home/jthro/pico/pico-sdk/src/common/pico_sync/lock_core.c.obj
 .ARM.attributes
                0x000001cc       0x2c CMakeFiles/test.dir/home/jthro/pico/pico-sdk/src/common/pico_sync/mutex.c.obj
 .ARM.attributes
                0x000001f8       0x2c CMakeFiles/test.dir/home/jthro/pico/pico-sdk/src/common/pico_time/time.c.obj
 .ARM.attributes
                0x00000224       0x2c CMakeFiles/test.dir/home/jthro/pico/pico-sdk/src/rp2_common/hardware_timer/timer.c.obj
 .ARM.attributes
                0x00000250       0x2c CMakeFiles/test.dir/home/jthro/pico/pico-sdk/src/common/pico_util/pheap.c.obj
 .ARM.attributes
                0x0000027c       0x2c CMakeFiles/test.dir/home/jthro/pico/pico-sdk/src/rp2_common/hardware_uart/uart.c.obj
 .ARM.attributes
                0x000002a8       0x2c CMakeFiles/test.dir/home/jthro/pico/pico-sdk/src/rp2_common/hardware_clocks/clocks.c.obj
 .ARM.attributes
                0x000002d4       0x2c CMakeFiles/test.dir/home/jthro/pico/pico-sdk/src/rp2_common/hardware_pll/pll.c.obj
 .ARM.attributes
                0x00000300       0x2c CMakeFiles/test.dir/home/jthro/pico/pico-sdk/src/rp2_common/hardware_watchdog/watchdog.c.obj
 .ARM.attributes
                0x0000032c       0x2c CMakeFiles/test.dir/home/jthro/pico/pico-sdk/src/rp2_common/hardware_xosc/xosc.c.obj
 .ARM.attributes
                0x00000358       0x2c CMakeFiles/test.dir/home/jthro/pico/pico-sdk/src/rp2_common/pico_runtime/runtime.c.obj
 .ARM.attributes
                0x00000384       0x2c CMakeFiles/test.dir/home/jthro/pico/pico-sdk/src/rp2_common/pico_printf/printf.c.obj
 .ARM.attributes
                0x000003b0       0x22 CMakeFiles/test.dir/home/jthro/pico/pico-sdk/src/rp2_common/pico_bit_ops/bit_ops_aeabi.S.obj
 .ARM.attributes
                0x000003d2       0x2c CMakeFiles/test.dir/home/jthro/pico/pico-sdk/src/rp2_common/pico_bootrom/bootrom.c.obj
 .ARM.attributes
                0x000003fe       0x22 CMakeFiles/test.dir/home/jthro/pico/pico-sdk/src/rp2_common/pico_divider/divider.S.obj
 .ARM.attributes
                0x00000420       0x22 CMakeFiles/test.dir/home/jthro/pico/pico-sdk/src/rp2_common/pico_double/double_aeabi.S.obj
 .ARM.attributes
                0x00000442       0x2c CMakeFiles/test.dir/home/jthro/pico/pico-sdk/src/rp2_common/pico_double/double_init_rom.c.obj
 .ARM.attributes
                0x0000046e       0x22 CMakeFiles/test.dir/home/jthro/pico/pico-sdk/src/rp2_common/pico_double/double_v1_rom_shim.S.obj
 .ARM.attributes
                0x00000490       0x22 CMakeFiles/test.dir/home/jthro/pico/pico-sdk/src/rp2_common/pico_int64_ops/pico_int64_ops_aeabi.S.obj
 .ARM.attributes
                0x000004b2       0x22 CMakeFiles/test.dir/home/jthro/pico/pico-sdk/src/rp2_common/pico_float/float_aeabi.S.obj
 .ARM.attributes
                0x000004d4       0x2c CMakeFiles/test.dir/home/jthro/pico/pico-sdk/src/rp2_common/pico_float/float_init_rom.c.obj
 .ARM.attributes
                0x00000500       0x22 CMakeFiles/test.dir/home/jthro/pico/pico-sdk/src/rp2_common/pico_mem_ops/mem_ops_aeabi.S.obj
 .ARM.attributes
                0x00000522       0x22 CMakeFiles/test.dir/home/jthro/pico/pico-sdk/src/rp2_common/pico_standard_link/crt0.S.obj
 .ARM.attributes
                0x00000544       0x2c CMakeFiles/test.dir/home/jthro/pico/pico-sdk/src/rp2_common/pico_standard_link/binary_info.c.obj
 .ARM.attributes
                0x00000570       0x2c CMakeFiles/test.dir/home/jthro/pico/pico-sdk/src/rp2_common/pico_stdio/stdio.c.obj
 .ARM.attributes
                0x0000059c       0x2c CMakeFiles/test.dir/home/jthro/pico/pico-sdk/src/rp2_common/pico_stdio_uart/stdio_uart.c.obj
 .ARM.attributes
                0x000005c8       0x2c CMakeFiles/test.dir/home/jthro/pico/pico-sdk/src/rp2_common/pico_cyw43_arch/cyw43_arch.c.obj
 .ARM.attributes
                0x000005f4       0x2c CMakeFiles/test.dir/home/jthro/pico/pico-sdk/src/rp2_common/pico_cyw43_arch/cyw43_arch_threadsafe_background.c.obj
 .ARM.attributes
                0x00000620       0x2c CMakeFiles/test.dir/home/jthro/pico/pico-sdk/src/rp2_common/pico_unique_id/unique_id.c.obj
 .ARM.attributes
                0x0000064c       0x2c CMakeFiles/test.dir/home/jthro/pico/pico-sdk/src/rp2_common/hardware_flash/flash.c.obj
 .ARM.attributes
                0x00000678       0x2c CMakeFiles/test.dir/home/jthro/pico/pico-sdk/src/rp2_common/pico_cyw43_driver/cyw43_bus_pio_spi.c.obj
 .ARM.attributes
                0x000006a4       0x2c CMakeFiles/test.dir/home/jthro/pico/pico-sdk/lib/cyw43-driver/src/cyw43_ll.c.obj
 .ARM.attributes
                0x000006d0       0x2c CMakeFiles/test.dir/home/jthro/pico/pico-sdk/lib/cyw43-driver/src/cyw43_ctrl.c.obj
 .ARM.attributes
                0x000006fc       0x2c CMakeFiles/test.dir/home/jthro/pico/pico-sdk/src/rp2_common/hardware_pio/pio.c.obj
 .ARM.attributes
                0x00000728       0x2c CMakeFiles/test.dir/home/jthro/pico/pico-sdk/src/rp2_common/hardware_dma/dma.c.obj
 .ARM.attributes